Building for debugging...
[0/3] Write swift-version--58304C5D6DBC2206.txt
Build of product 'VideoVisionCLI' complete! (0.13s)
==================================================
  🎬 VideoVision - Apple Vision 视频分析工具
  📌 专注滑雪姿态分析
==================================================


✅ 结果已保存至: /Users/mingsen/Project/VideoVision/video/bad/v0200fg10000d6olrffog65vrste5qqg.json
✅ 报告已保存至: /Users/mingsen/Project/VideoVision/video/bad/v0200fg10000d6olrffog65vrste5qqg.md

======================================================
  🎿 滑雪姿态分析报告
======================================================

  视频：v0200fg10000d6olrffog65vrste5qqg.MOV
  时长：1分6秒 · 分析帧数：67/67

  💪 综合评分：55/100
  🏷 阶段判断：基础控速阶段
  📐 评分口径：取可靠片段中表现最好的前 1/3 加权平均
  ⚠️ 持续立刃证据不足：前倾和屈膝不能单独推高综合分，已按初中级表现封顶

  📋 持续立刃证据不足，转弯更接近扫雪/搓雪控制；姿态项看起来有支撑，但还不能评价为高质量滑行。

  🗣 教练观察
  这段不能因为身体前倾或膝盖弯曲看起来还可以就给高分；核心问题是缺少持续刃角和干净刃线，整体仍属于基础滑行质量。

  🎿 滑雪维度评分
    ⬜⬜⬜⬜⬜ 走刃质量 暂不评分 · 数据置信度不足 · 置信度 28/100
    🟢🟢🟢🟡⬜ 板压支撑 68/100 · 支撑尚可 · 置信度 71/100
    🟢🟢🟢🟢🟢 前后支撑 84/100 · 前后支撑积极 · 置信度 77/100
    🟢🟢🟢🟢🟢 重心阶段适配 100/100 · 当前阶段重心适配 · 置信度 47/100 · 谨慎参考
    🟢🟢🟢🟡⬜ 腿部弹性 68/100 · 弹性尚可 · 置信度 60/100 · 谨慎参考
    🟢🟢🟡⬜⬜ 左右一致性 61/100 · 明显不对称 · 置信度 61/100 · 谨慎参考

  🏂 板身方向与横滑
    横滑角暂不评分 · 数据来源：脚踝代理 · 置信度 28/100；当前画面角度不足以稳定判断走刃/横滑。
    说明：当前用左右脚踝连线代理板身，侧面画面更可靠；正面、背面或遮挡时置信度会下降。

  🧭 转弯阶段分析
  • 00:00-00:02 · 画面右侧压刃 · 主要阶段：弯中承压 · 弯中刃角保持不足
    建议：把注意力放在弯中持续压刃，不要刚立起来就提前释放。
  • 00:10-00:25 · 画面左侧压刃 · 主要阶段：弯中承压 · 入弯建立刃角偏晚
    建议：换刃后更早让身体进入新弯，先建立方向再加压。
  • 00:26-00:34 · 画面右侧压刃 · 主要阶段：入弯 · 入弯建立刃角偏晚
    建议：换刃后更早让身体进入新弯，先建立方向再加压。

  🔎 原始姿态指标（调试参考）
    🟢🟢🟢🟢🟢 身体前倾 96/100 · 置信度 75/100
    🟢🟢🟢🟡⬜ 膝盖弯曲 68/100 · 置信度 60/100
    🟡⬜⬜⬜⬜ 小腿倾斜 37/100 · 置信度 64/100
    🟢🟢🟡⬜⬜ 重心高度旧分 52/100 · 置信度 71/100
    🟢🟢🟡⬜⬜ 动作对称 61/100 · 置信度 61/100

  🌊 光流运动指标（实验性）
  | 运动一致性: 62 | 方向稳定性: 55 | 速度平滑度: 0 |
  | >70 分离明显 | >70 走刃特征 | <40 动作不稳定 |

  🔍 关键时刻
  ⚠️ 00:00 · 板压支撑不足
    这一帧板压偏弱，弯中稳定性可能受影响。
  ⚠️ 00:03 · 左右动作不对称
    这一帧左右两侧关键点差异较大，转弯质量可能不一致。
  ⚠️ 00:35 · 走刃质量偏弱
    这一帧走刃质量偏低，姿态条件更接近搓雪转弯。

  ✅ 优势
    • 身体前倾角度合理，能有效利用重力。
    • 动作连贯性好，姿态保持稳定

  ⚠️ 主要问题
    • 你能把弯转出来，但大部分转向不是靠整条刃画弧完成的。
    • 对称性还有改进空间，转弯质量左右有差异。
    • 腿部姿态还可以，但弯中下压幅度可以更大。

  🎯 训练建议
当前最需要转换的是转弯方式。建议在缓坡上一个弯一个弯地练：入弯时主动立刃，而不是先横板再扫雪转弯。

======================================================
