Building for debugging...
[0/3] Write swift-version--58304C5D6DBC2206.txt
Build of product 'VideoVisionCLI' complete! (0.12s)
==================================================
  🎬 VideoVision - Apple Vision 视频分析工具
  📌 专注滑雪姿态分析
==================================================


✅ 结果已保存至: /Users/mingsen/Project/VideoVision/video/good/d63bfbf8978cf8a962f613a489a14420.json
✅ 报告已保存至: /Users/mingsen/Project/VideoVision/video/good/d63bfbf8978cf8a962f613a489a14420.md

======================================================
  🎿 滑雪姿态分析报告
======================================================

  视频：d63bfbf8978cf8a962f613a489a14420.MP4
  时长：1分13秒 · 分析帧数：51/74

  📈 综合评分：73/100
  🏷 阶段判断：稳定滑行阶段
  📐 评分口径：取可靠片段中表现最好的前 1/3 加权平均

  📋 走刃/横滑判断置信度不足，本报告只参考可靠可见帧；低姿态或遮挡片段不做负面判断。

  🗣 教练观察
  这段视频里可能存在低姿态、大立刃或遮挡导致的关键点缺失，系统不应据此判断为搓雪或走刃不足。建议结合视频原片复核。

  🎿 滑雪维度评分
    ⬜⬜⬜⬜⬜ 走刃质量 暂不评分 · 数据置信度不足 · 置信度 29/100
    🟢🟢🟢🟡⬜ 板压支撑 71/100 · 支撑尚可 · 置信度 70/100
    🟢🟢🟢🟢🟢 前后支撑 84/100 · 前后支撑积极 · 置信度 75/100
    🟢🟢🟢🟡⬜ 重心阶段适配 75/100 · 重心基本适配 · 置信度 48/100 · 谨慎参考
    🟢🟢🟢🟢🟢 腿部弹性 86/100 · 腿部弹性好 · 置信度 61/100 · 谨慎参考
    🟢🟢🟢🟡⬜ 左右一致性 76/100 · 轻微不对称 · 置信度 60/100 · 谨慎参考

  🏂 板身方向与横滑
    横滑角暂不评分 · 数据来源：脚踝代理 · 置信度 29/100；当前画面角度不足以稳定判断走刃/横滑。
    说明：当前用左右脚踝连线代理板身，侧面画面更可靠；正面、背面或遮挡时置信度会下降。

  🧭 转弯阶段分析
  • 00:00-00:28 · 画面右侧压刃 · 主要阶段：弯中承压 · 入弯建立刃角偏晚
    建议：换刃后更早让身体进入新弯，先建立方向再加压。
  • 00:48-00:50 · 画面右侧压刃 · 主要阶段：入弯 · 阶段衔接基本正常
  • 00:53-01:13 · 画面右侧压刃 · 主要阶段：入弯 · 阶段衔接基本正常

  ✨ 高光时刻
  ⭐ 00:05-00:08 · 稳定高质量片段 · 79/100
    这段姿态、支撑和稳定性组合较好，适合截出来给用户看。
  ⭐ 00:10-00:15 · 稳定高质量片段 · 81/100
    这段姿态、支撑和稳定性组合较好，适合截出来给用户看。
  ⭐ 00:17-00:20 · 稳定高质量片段 · 76/100 · 置信度 56/100 · 谨慎参考
    这段姿态、支撑和稳定性组合较好，适合截出来给用户看。

  🔎 原始姿态指标（调试参考）
    🟢🟢🟢🟢🟢 身体前倾 98/100 · 置信度 71/100
    🟢🟢🟢🟢🟢 膝盖弯曲 86/100 · 置信度 61/100
    🟢🟢🟡⬜⬜ 小腿倾斜 52/100 · 置信度 69/100
    🟡⬜⬜⬜⬜ 重心高度旧分 49/100 · 置信度 70/100
    🟢🟢🟢🟡⬜ 动作对称 76/100 · 置信度 60/100

  🌊 光流运动指标（实验性）
  | 运动一致性: 74 | 方向稳定性: 10 | 速度平滑度: 0 |
  | >70 分离明显 | >70 走刃特征 | <40 动作不稳定 |

  🔍 关键时刻
  ⭐ 00:10 · 相对较好的走刃时刻
    这一帧立刃条件相对较好，可以作为练习时的姿态参考。
  ⚠️ 00:42 · 走刃质量偏弱
    这一帧走刃质量偏低，姿态条件更接近搓雪转弯。
  ⚠️ 00:48 · 左右动作不对称
    这一帧左右两侧关键点差异较大，转弯质量可能不一致。
  ⚠️ 00:52 · 板压支撑不足
    这一帧板压偏弱，弯中稳定性可能受影响。

  ✅ 优势
    • 前倾姿态不错，上半身姿态积极。
    • 动作连贯性好，姿态保持稳定

  ⚠️ 主要问题
    • 部分弯能看到立刃动作，但全程一致性不够，好的弯和松的弯交替出现。

  🎯 训练建议
立刃感觉已经有了，现在需要加强的是全程一致性——让每个弯的立刃质量都差不多。

======================================================
