Building for debugging...
[0/3] Write swift-version--58304C5D6DBC2206.txt
Build of product 'VideoVisionCLI' complete! (0.13s)
==================================================
  🎬 VideoVision - Apple Vision 视频分析工具
  📌 专注滑雪姿态分析
==================================================


✅ 结果已保存至: /Users/mingsen/Project/VideoVision/video/good/86ae42724c8349913703af0f4140f6d2.json
✅ 报告已保存至: /Users/mingsen/Project/VideoVision/video/good/86ae42724c8349913703af0f4140f6d2.md

======================================================
  🎿 滑雪姿态分析报告
======================================================

  视频：86ae42724c8349913703af0f4140f6d2.MP4
  时长：0分41秒 · 分析帧数：24/41

  📈 综合评分：67/100
  🏷 阶段判断：稳定滑行阶段
  📐 评分口径：取可靠片段中表现最好的前 1/3 加权平均

  📋 走刃/横滑判断置信度不足，本报告只参考可靠可见帧；低姿态或遮挡片段不做负面判断。

  🗣 教练观察
  这段视频里可能存在低姿态、大立刃或遮挡导致的关键点缺失，系统不应据此判断为搓雪或走刃不足。建议结合视频原片复核。

  🎿 滑雪维度评分
    ⬜⬜⬜⬜⬜ 走刃质量 暂不评分 · 数据置信度不足 · 置信度 12/100
    🟢🟢🟡⬜⬜ 板压支撑 63/100 · 支撑尚可 · 置信度 61/100 · 谨慎参考
    🟢🟢🟢🟢🟢 前后支撑 88/100 · 前后支撑积极 · 置信度 69/100
    ⬜⬜⬜⬜⬜ 重心阶段适配 暂不评分 · 重心数据不足 · 置信度 34/100
    🟡⬜⬜⬜⬜ 腿部弹性 47/100 · 过于直立 · 置信度 50/100 · 谨慎参考
    🟢🟢🟡⬜⬜ 左右一致性 59/100 · 明显不对称 · 置信度 52/100 · 谨慎参考

  🏂 板身方向与横滑
    横滑角暂不评分 · 数据来源：脚踝代理 · 置信度 12/100；当前画面角度不足以稳定判断走刃/横滑。
    说明：当前用左右脚踝连线代理板身，侧面画面更可靠；正面、背面或遮挡时置信度会下降。

  🧭 转弯阶段分析
  • 00:00-00:03 · 画面右侧压刃 · 主要阶段：弯中承压 · 阶段衔接基本正常
  • 00:18-00:37 · 画面左侧压刃 · 主要阶段：弯中承压 · 阶段衔接基本正常

  ✨ 高光时刻
  ⭐ 00:25-00:31 · 稳定高质量片段 · 76/100 · 置信度 50/100 · 谨慎参考
    这段姿态、支撑和稳定性组合较好，适合截出来给用户看。

  🔎 原始姿态指标（调试参考）
    🟢🟢🟢🟢🟢 身体前倾 100/100 · 置信度 64/100
    🟡⬜⬜⬜⬜ 膝盖弯曲 47/100 · 置信度 50/100
    🟢🟢🟡⬜⬜ 小腿倾斜 56/100 · 置信度 54/100
    🟢🟢🟡⬜⬜ 重心高度旧分 54/100 · 置信度 60/100
    🟢🟢🟡⬜⬜ 动作对称 59/100 · 置信度 52/100

  🌊 光流运动指标（实验性）
  | 运动一致性: 51 | 方向稳定性: 8 | 速度平滑度: 0 |
  | >70 分离明显 | >70 走刃特征 | <40 动作不稳定 |

  🔍 关键时刻
  ⚠️ 00:18 · 走刃质量偏弱
    这一帧走刃质量偏低，姿态条件更接近搓雪转弯。
  ⚠️ 00:25 · 左右动作不对称
    这一帧左右两侧关键点差异较大，转弯质量可能不一致。
  ⚠️ 00:32 · 腿部弹性不足
    这一帧膝盖弯曲角度较小，腿部缺乏弹性吸收地形。

  ✅ 优势
    • 动作连贯性好，姿态保持稳定

  ⚠️ 主要问题
    • 膝盖弯曲不足是主要瓶颈，站起来滑的方式会限制控板能力。
    • 部分弯能看到立刃动作，但全程一致性不够，好的弯和松的弯交替出现。
    • 对称性还有改进空间，转弯质量左右有差异。

  🎯 训练建议
膝盖弯曲角度需要大幅改善。在滑行中主动屈膝屈髋，保持小腿前侧贴住雪鞋鞋舌。

======================================================
