Building for debugging...
[0/3] Write swift-version--58304C5D6DBC2206.txt
Build of product 'VideoVisionCLI' complete! (0.13s)
==================================================
  🎬 VideoVision - Apple Vision 视频分析工具
  📌 专注滑雪姿态分析
==================================================


✅ 结果已保存至: /Users/mingsen/Project/VideoVision/video/good/v2800fgi0000d7o00ufog65t0ran4h1g.json
✅ 报告已保存至: /Users/mingsen/Project/VideoVision/video/good/v2800fgi0000d7o00ufog65t0ran4h1g.md

======================================================
  🎿 滑雪姿态分析报告
======================================================

  视频：v2800fgi0000d7o00ufog65t0ran4h1g.MP4
  时长：0分17秒 · 分析帧数：10/18

  📈 综合评分：69/100
  🏷 阶段判断：稳定滑行阶段
  📐 评分口径：取可靠片段中表现最好的前 1/3 加权平均
  ⚠️ 可靠评分片段偏少：10 帧，综合分仅作谨慎参考

  📋 走刃/横滑判断置信度不足，本报告只参考可靠可见帧；低姿态或遮挡片段不做负面判断。

  🗣 教练观察
  这段视频里可能存在低姿态、大立刃或遮挡导致的关键点缺失，系统不应据此判断为搓雪或走刃不足。建议结合视频原片复核。

  🎿 滑雪维度评分
    ⬜⬜⬜⬜⬜ 走刃质量 暂不评分 · 数据置信度不足 · 置信度 11/100
    🟢🟢🟢🟢🟢 板压支撑 92/100 · 支撑优秀 · 置信度 72/100
    🟢🟢🟢🟢🟢 前后支撑 95/100 · 前后支撑优秀 · 置信度 83/100
    🟢🟢🟡⬜⬜ 重心阶段适配 53/100 · 重心适配度一般 · 当前阶段重心过低 · 置信度 50/100 · 谨慎参考
    🟢🟢🟢🟢🟢 腿部弹性 100/100 · 腿部弹性好 · 置信度 56/100 · 谨慎参考
    🟡⬜⬜⬜⬜ 左右一致性 41/100 · 严重不对称 · 置信度 61/100 · 谨慎参考

  🏂 板身方向与横滑
    横滑角暂不评分 · 数据来源：脚踝代理 · 置信度 11/100；当前画面角度不足以稳定判断走刃/横滑。
    说明：当前用左右脚踝连线代理板身，侧面画面更可靠；正面、背面或遮挡时置信度会下降。

  🧭 转弯阶段分析
  • 00:00-00:06 · 画面左侧压刃 · 主要阶段：弯中承压 · 阶段衔接基本正常
  • 00:10-00:12 · 画面右侧压刃 · 主要阶段：换刃/过渡 · 阶段衔接基本正常

  ✨ 高光时刻
  ⭐ 00:03-00:06 · 稳定高质量片段 · 79/100
    这段姿态、支撑和稳定性组合较好，适合截出来给用户看。
  ⭐ 00:10-00:12 · 相对最好的滑行片段 · 73/100
    这是本视频中相对更好的连续片段，适合用来对比前后动作差异。

  🔎 原始姿态指标（调试参考）
    🟢🟢🟢🟢🟢 身体前倾 100/100 · 置信度 82/100
    🟢🟢🟢🟢🟢 膝盖弯曲 100/100 · 置信度 56/100
    🟢🟢🟡⬜⬜ 小腿倾斜 63/100 · 置信度 64/100
    🟢🟢🟢🟢🟢 重心高度旧分 84/100 · 置信度 74/100
    🟡⬜⬜⬜⬜ 动作对称 41/100 · 置信度 61/100

  🌊 光流运动指标（实验性）
  | 运动一致性: 67 | 方向稳定性: 69 | 速度平滑度: 0 |
  | >70 分离明显 | >70 走刃特征 | <40 动作不稳定 |

  🔍 关键时刻
  ⚠️ 00:03 · 左右动作不对称
    这一帧左右两侧关键点差异较大，转弯质量可能不一致。

  ✅ 优势
    • 身体前倾角度合理，能有效利用重力。
    • 动作连贯性好，姿态保持稳定

  ⚠️ 主要问题
    • 左右腿发力均衡性需要改善，建议单独练左右弯对比。
    • 重心阶段适配度一般，基础可控，但弯中承压阶段还可以更稳定。
    • 部分弯能看到立刃动作，但全程一致性不够，好的弯和松的弯交替出现。

  🎯 训练建议
左右不对称说明一侧转弯更顺手、另一侧在代偿。在缓坡上刻意练弱势侧的转弯，可以请人拍视频对比左右弯差异。

======================================================
