Building for debugging...
[0/3] Write swift-version--58304C5D6DBC2206.txt
Build of product 'VideoVisionCLI' complete! (0.13s)
==================================================
  🎬 VideoVision - Apple Vision 视频分析工具
  📌 专注滑雪姿态分析
==================================================


✅ 结果已保存至: /Users/mingsen/Project/VideoVision/video/middle/v0300fg10000d4oq6avog65ihr8qf550.json
✅ 报告已保存至: /Users/mingsen/Project/VideoVision/video/middle/v0300fg10000d4oq6avog65ihr8qf550.md

======================================================
  🎿 滑雪姿态分析报告
======================================================

  视频：v0300fg10000d4oq6avog65ihr8qf550.MP4
  时长：1分46秒 · 分析帧数：96/107

  💪 综合评分：55/100
  🏷 阶段判断：基础控速阶段
  📐 评分口径：取可靠片段中表现最好的前 1/3 加权平均
  ⚠️ 持续立刃证据不足：前倾和屈膝不能单独推高综合分，已按初中级表现封顶

  📋 持续立刃证据不足，转弯更接近扫雪/搓雪控制；姿态项看起来有支撑，但还不能评价为高质量滑行。

  🗣 教练观察
  这段不能因为身体前倾或膝盖弯曲看起来还可以就给高分；核心问题是缺少持续刃角和干净刃线，整体仍属于基础滑行质量。

  🎿 滑雪维度评分
    ⬜⬜⬜⬜⬜ 走刃质量 暂不评分 · 数据置信度不足 · 置信度 8/100
    🟢🟢🟡⬜⬜ 板压支撑 59/100 · 支撑偏弱 · 置信度 71/100
    🟢🟢🟢🟢🟢 前后支撑 83/100 · 前后支撑积极 · 置信度 76/100
    🟢🟢🟢🟢🟢 重心阶段适配 99/100 · 当前阶段重心适配 · 置信度 48/100 · 谨慎参考
    🟡⬜⬜⬜⬜ 腿部弹性 39/100 · 过于直立 · 置信度 62/100 · 谨慎参考
    🟢🟢🟢🟢🟢 左右一致性 87/100 · 左右一致 · 置信度 61/100 · 谨慎参考

  🏂 板身方向与横滑
    横滑角暂不评分 · 数据来源：脚踝代理 · 置信度 8/100；当前画面角度不足以稳定判断走刃/横滑。
    说明：当前用左右脚踝连线代理板身，侧面画面更可靠；正面、背面或遮挡时置信度会下降。

  🧭 转弯阶段分析
  • 00:03-00:10 · 画面左侧压刃 · 主要阶段：入弯 · 入弯建立刃角偏晚
    建议：换刃后更早让身体进入新弯，先建立方向再加压。
  • 00:15-00:18 · 画面右侧压刃 · 主要阶段：弯中承压 · 阶段衔接基本正常
  • 00:19-00:22 · 画面左侧压刃 · 主要阶段：换刃/过渡 · 阶段衔接基本正常

  🔎 原始姿态指标（调试参考）
    🟢🟢🟢🟢🟢 身体前倾 93/100 · 置信度 72/100
    🟡⬜⬜⬜⬜ 膝盖弯曲 39/100 · 置信度 62/100
    🟡⬜⬜⬜⬜ 小腿倾斜 16/100 · 置信度 67/100
    🟢🟢🟡⬜⬜ 重心高度旧分 54/100 · 置信度 69/100
    🟢🟢🟢🟢🟢 动作对称 87/100 · 置信度 61/100

  🌊 光流运动指标（实验性）
  | 运动一致性: 64 | 方向稳定性: 31 | 速度平滑度: 0 |
  | >70 分离明显 | >70 走刃特征 | <40 动作不稳定 |

  🔍 关键时刻
  ⚠️ 00:11 · 腿部弹性不足
    这一帧膝盖弯曲角度较小，腿部缺乏弹性吸收地形。
  ⚠️ 00:44 · 走刃质量偏弱
    这一帧走刃质量偏低，姿态条件更接近搓雪转弯。
  ⚠️ 01:40 · 板压支撑不足
    这一帧板压偏弱，弯中稳定性可能受影响。

  ✅ 优势
    • 身体前倾角度合理，能有效利用重力。
    • 动作连贯性好，姿态保持稳定

  ⚠️ 主要问题
    • 雪板横向滑移偏多，说明用刃质量还不够稳定。
    • 膝盖弯曲不足是主要瓶颈，站起来滑的方式会限制控板能力。

  🎯 训练建议
先从搓雪过渡到走刃开始。在缓坡上反复练习横穿走刃（traversing），专注用板刃切雪而不是推雪。目标是留下细线而不是大片雪雾。

======================================================
