Building for debugging...
[0/3] Write swift-version--58304C5D6DBC2206.txt
Build of product 'VideoVisionCLI' complete! (0.13s)
==================================================
  🎬 VideoVision - Apple Vision 视频分析工具
  📌 专注滑雪姿态分析
==================================================


✅ 结果已保存至: /Users/mingsen/Project/VideoVision/video/middle/v0200fg10000coc7bcrc77u875h9q7sg.json
✅ 报告已保存至: /Users/mingsen/Project/VideoVision/video/middle/v0200fg10000coc7bcrc77u875h9q7sg.md

======================================================
  🎿 滑雪姿态分析报告
======================================================

  视频：v0200fg10000coc7bcrc77u875h9q7sg.MP4
  时长：1分38秒 · 分析帧数：99/99

  💪 综合评分：55/100
  🏷 阶段判断：基础控速阶段
  📐 评分口径：取可靠片段中表现最好的前 1/3 加权平均
  ⚠️ 持续立刃证据不足：前倾和屈膝不能单独推高综合分，已按初中级表现封顶
  ⚠️ 板身/滑行方向夹角偏大：更像横滑或推坡，不能按刻滑高分处理

  📋 板身方向和滑行方向没有对齐，说明转弯主要不是沿板身切雪完成；姿态项看起来有支撑，也不能直接解释为刻滑。

  🗣 教练观察
  这段板身方向和滑行方向夹角偏大，更接近横滑或推坡控制；即使身体姿态有些像样，也不能评价为稳定刻滑。

  🎿 滑雪维度评分
    ⬜⬜⬜⬜⬜ 走刃质量 暂不评分 · 数据置信度不足 · 置信度 20/100
    🟢🟢🟢🟡⬜ 板压支撑 76/100 · 支撑扎实 · 置信度 61/100 · 谨慎参考
    🟢🟢🟢🟢🟢 前后支撑 86/100 · 前后支撑积极 · 置信度 70/100
    🟢🟢🟢🟢🟢 重心阶段适配 99/100 · 当前阶段重心适配 · 置信度 36/100 · 谨慎参考
    🟢🟢🟢🟢🟢 腿部弹性 87/100 · 腿部弹性好 · 置信度 46/100 · 谨慎参考
    🟢🟢🟢🟡⬜ 左右一致性 74/100 · 轻微不对称 · 置信度 51/100 · 谨慎参考

  🏂 板身方向与横滑
    横滑角暂不评分 · 数据来源：脚踝代理 · 置信度 20/100；当前画面角度不足以稳定判断走刃/横滑。
    说明：当前用左右脚踝连线代理板身，侧面画面更可靠；正面、背面或遮挡时置信度会下降。

  🧭 转弯阶段分析
  • 00:00-00:02 · 画面右侧压刃 · 主要阶段：入弯 · 入弯建立刃角偏晚
    建议：换刃后更早让身体进入新弯，先建立方向再加压。
  • 00:13-00:17 · 画面右侧压刃 · 主要阶段：弯中承压 · 阶段衔接基本正常
  • 00:23-00:27 · 画面右侧压刃 · 主要阶段：弯中承压 · 阶段衔接基本正常

  🔎 原始姿态指标（调试参考）
    🟢🟢🟢🟢🟢 身体前倾 97/100 · 置信度 66/100
    🟢🟢🟢🟢🟢 膝盖弯曲 87/100 · 置信度 46/100
    🟡⬜⬜⬜⬜ 小腿倾斜 27/100 · 置信度 50/100
    🟢🟢🟡⬜⬜ 重心高度旧分 59/100 · 置信度 61/100
    🟢🟢🟢🟡⬜ 动作对称 74/100 · 置信度 51/100

  🌊 光流运动指标（实验性）
  | 运动一致性: 64 | 方向稳定性: 9 | 速度平滑度: 0 |
  | >70 分离明显 | >70 走刃特征 | <40 动作不稳定 |

  🔍 关键时刻
  ⚠️ 00:08 · 左右动作不对称
    这一帧左右两侧关键点差异较大，转弯质量可能不一致。
  ⚠️ 01:33 · 走刃质量偏弱
    这一帧走刃质量偏低，姿态条件更接近搓雪转弯。

  ✅ 优势
    • 前倾姿态不错，上半身姿态积极。
    • 动作连贯性好，姿态保持稳定

  ⚠️ 主要问题
    • 雪板横向滑移偏多，说明用刃质量还不够稳定。

  🎯 训练建议
当前最需要转换的是转弯方式。建议在缓坡上一个弯一个弯地练：入弯时主动立刃，而不是先横板再扫雪转弯。

======================================================
