Building for debugging...
[0/3] Write swift-version--58304C5D6DBC2206.txt
Build of product 'VideoVisionCLI' complete! (0.13s)
==================================================
  🎬 VideoVision - Apple Vision 视频分析工具
  📌 专注滑雪姿态分析
==================================================


✅ 结果已保存至: /Users/mingsen/Project/VideoVision/video/bad/v0300fg10000d664l37og65t6pnbois0.json
✅ 报告已保存至: /Users/mingsen/Project/VideoVision/video/bad/v0300fg10000d664l37og65t6pnbois0.md

======================================================
  🎿 滑雪姿态分析报告
======================================================

  视频：v0300fg10000d664l37og65t6pnbois0.MOV
  时长：0分6秒 · 分析帧数：31/31

  💪 综合评分：49/100
  🏷 阶段判断：基础识别阶段
  📐 评分口径：取可靠片段中表现最好的前 1/3 加权平均
  ⚠️ 持续立刃证据不足：前倾和屈膝不能单独推高综合分，已按初中级表现封顶

  📋 持续立刃证据不足，转弯更接近扫雪/搓雪控制；姿态项看起来有支撑，但还不能评价为高质量滑行。

  🗣 教练观察
  这段不能因为身体前倾或膝盖弯曲看起来还可以就给高分；核心问题是缺少持续刃角和干净刃线，整体仍属于基础滑行质量。

  🎿 滑雪维度评分
    🟡⬜⬜⬜⬜ 走刃质量 32/100 · 搓雪为主 · 置信度 50/100 · 谨慎参考
    🟢🟢🟡⬜⬜ 板压支撑 52/100 · 支撑偏弱 · 置信度 81/100
    🟢🟢🟢🟢🟢 前后支撑 81/100 · 前后支撑积极 · 置信度 83/100
    🟢🟢🟢🟢🟢 重心阶段适配 100/100 · 当前阶段重心适配 · 置信度 65/100 · 谨慎参考
    🟡⬜⬜⬜⬜ 腿部弹性 20/100 · 过于直立 · 置信度 77/100
    🟢🟢🟢🟡⬜ 左右一致性 77/100 · 轻微不对称 · 置信度 77/100

  🏂 板身方向与横滑
    平均横滑角 78° · 走刃置信 0/100 · 以横滑为主 · 数据来源：脚踝代理 · 置信度 50/100
    说明：当前用左右脚踝连线代理板身，侧面画面更可靠；正面、背面或遮挡时置信度会下降。

  🔎 原始姿态指标（调试参考）
    🟢🟢🟢🟢🟢 身体前倾 90/100 · 置信度 81/100
    🟡⬜⬜⬜⬜ 膝盖弯曲 20/100 · 置信度 77/100
    🟡⬜⬜⬜⬜ 小腿倾斜 12/100 · 置信度 82/100
    🟢🟢🟡⬜⬜ 重心高度旧分 51/100 · 置信度 81/100
    🟢🟢🟢🟡⬜ 动作对称 77/100 · 置信度 77/100

  🌊 光流运动指标（实验性）
  | 运动一致性: 34 | 方向稳定性: 100 | 速度平滑度: 0 |
  | >70 分离明显 | >70 走刃特征 | <40 动作不稳定 |

  🔍 关键时刻
  ⚠️ 00:00 · 腿部弹性不足
    这一帧膝盖弯曲角度较小，腿部缺乏弹性吸收地形。
  ⚠️ 00:02 · 走刃质量偏弱
    这一帧走刃质量偏低，姿态条件更接近搓雪转弯。

  ✅ 优势
    • 动作连贯性好，姿态保持稳定
    • 前倾姿态不错，上半身姿态积极。

  ⚠️ 主要问题
    • 你能把弯转出来，但大部分转向不是靠整条刃画弧完成的。
    • 膝盖过于直立，腿部缺乏弹性，很难有效吸收地形变化。

  🎯 训练建议
不要太在意低姿态或摸雪，先把转弯方式从扫雪改成用刃。在缓坡上练简单的刻弧弯，先求刃线干净再增加速度。

======================================================
