Building for debugging...
[0/3] Write swift-version--58304C5D6DBC2206.txt
Build of product 'VideoVisionCLI' complete! (0.13s)
==================================================
  🎬 VideoVision - Apple Vision 视频分析工具
  📌 专注滑雪姿态分析
==================================================


✅ 结果已保存至: /Users/mingsen/Project/VideoVision/video/bad/v0d00fg10000csgr6inog65n8mlpg2m0.json
✅ 报告已保存至: /Users/mingsen/Project/VideoVision/video/bad/v0d00fg10000csgr6inog65n8mlpg2m0.md

======================================================
  🎿 滑雪姿态分析报告
======================================================

  视频：v0d00fg10000csgr6inog65n8mlpg2m0.MP4
  时长：0分15秒 · 分析帧数：56/76

  💪 综合评分：49/100
  🏷 阶段判断：基础识别阶段
  📐 评分口径：取可靠片段中表现最好的前 1/3 加权平均
  ⚠️ 持续立刃证据不足：前倾和屈膝不能单独推高综合分，已按初中级表现封顶

  📋 持续立刃证据不足，转弯更接近扫雪/搓雪控制；姿态项看起来有支撑，但还不能评价为高质量滑行。

  🗣 教练观察
  这段不能因为身体前倾或膝盖弯曲看起来还可以就给高分；核心问题是缺少持续刃角和干净刃线，整体仍属于基础滑行质量。

  🎿 滑雪维度评分
    ⬜⬜⬜⬜⬜ 走刃质量 暂不评分 · 数据置信度不足 · 置信度 32/100
    🟢🟢🟡⬜⬜ 板压支撑 54/100 · 支撑偏弱 · 置信度 63/100 · 谨慎参考
    🟢🟢🟢🟢🟢 前后支撑 86/100 · 前后支撑积极 · 置信度 69/100
    🟢🟢🟢🟢🟢 重心阶段适配 100/100 · 当前阶段重心适配 · 置信度 36/100 · 谨慎参考
    🟡⬜⬜⬜⬜ 腿部弹性 20/100 · 过于直立 · 置信度 51/100 · 谨慎参考
    🟢🟢🟢🟡⬜ 左右一致性 75/100 · 轻微不对称 · 置信度 52/100 · 谨慎参考

  🏂 板身方向与横滑
    横滑角暂不评分 · 数据来源：脚踝代理 · 置信度 32/100；当前画面角度不足以稳定判断走刃/横滑。
    说明：当前用左右脚踝连线代理板身，侧面画面更可靠；正面、背面或遮挡时置信度会下降。

  🧭 转弯阶段分析
  • 00:02-00:10 · 画面右侧压刃 · 主要阶段：弯中承压 · 弯中刃角保持不足
    建议：把注意力放在弯中持续压刃，不要刚立起来就提前释放。

  🔎 原始姿态指标（调试参考）
    🟢🟢🟢🟢🟢 身体前倾 97/100 · 置信度 65/100
    🟡⬜⬜⬜⬜ 膝盖弯曲 20/100 · 置信度 51/100
    🟡⬜⬜⬜⬜ 小腿倾斜 26/100 · 置信度 55/100
    🟢🟢🟡⬜⬜ 重心高度旧分 52/100 · 置信度 62/100
    🟢🟢🟢🟡⬜ 动作对称 75/100 · 置信度 52/100

  🌊 光流运动指标（实验性）
  | 运动一致性: 15 | 方向稳定性: 68 | 速度平滑度: 0 |
  | >70 分离明显 | >70 走刃特征 | <40 动作不稳定 |

  🔍 关键时刻
  ⚠️ 00:00 · 走刃质量偏弱
    这一帧走刃质量偏低，姿态条件更接近搓雪转弯。

  ✅ 优势
    • 动作连贯性好，姿态保持稳定

  ⚠️ 主要问题
    • 膝盖过于直立，腿部缺乏弹性，很难有效吸收地形变化。
    • 板尾扫雪感比较明显，目前更像搓雪弯而不是干净的刻滑弯。

  🎯 训练建议
目前站得太直了，这会让你失去对板压的控制。试试蹲低一些滑，让膝盖始终处于弹性区间。

======================================================
