Building for debugging...
[0/3] Write swift-version--58304C5D6DBC2206.txt
Build of product 'VideoVisionCLI' complete! (0.16s)
==================================================
  🎬 VideoVision - Apple Vision 视频分析工具
  📌 专注滑雪姿态分析
==================================================


✅ 结果已保存至: /Users/mingsen/Project/VideoVision/video/good/d63bfbf8978cf8a962f613a489a14420.json
✅ 报告已保存至: /Users/mingsen/Project/VideoVision/video/good/d63bfbf8978cf8a962f613a489a14420.md

======================================================
  🎿 滑雪姿态分析报告
======================================================

  视频：d63bfbf8978cf8a962f613a489a14420.MP4
  时长：1分13秒 · 分析帧数：255/369

  📈 综合评分：66/100
  🏷 阶段判断：稳定滑行阶段
  📐 评分口径：取可靠片段中表现最好的前 1/3 加权平均
  ⚠️ 板身/滑行方向夹角偏大：更像横滑或推坡，不能按刻滑高分处理

  📋 板身方向和滑行方向没有对齐，说明转弯主要不是沿板身切雪完成；姿态项看起来有支撑，也不能直接解释为刻滑。

  🗣 教练观察
  这段板身方向和滑行方向夹角偏大，更接近横滑或推坡控制；即使身体姿态有些像样，也不能评价为稳定刻滑。

  🎿 滑雪维度评分
    ⬜⬜⬜⬜⬜ 走刃质量 暂不评分 · 数据置信度不足 · 置信度 30/100
    🟢🟢🟢🟡⬜ 板压支撑 73/100 · 支撑尚可 · 置信度 70/100
    🟢🟢🟢🟢🟢 前后支撑 86/100 · 前后支撑积极 · 置信度 75/100
    🟢🟢🟢🟡⬜ 重心阶段适配 70/100 · 重心基本适配 · 置信度 48/100 · 谨慎参考
    🟢🟢🟢🟢🟢 腿部弹性 87/100 · 腿部弹性好 · 置信度 61/100 · 谨慎参考
    🟢🟢🟢🟡⬜ 左右一致性 76/100 · 轻微不对称 · 置信度 60/100 · 谨慎参考

  🏂 板身方向与横滑
    横滑角暂不评分 · 数据来源：脚踝代理 · 置信度 30/100；当前画面角度不足以稳定判断走刃/横滑。
    说明：当前用左右脚踝连线代理板身，侧面画面更可靠；正面、背面或遮挡时置信度会下降。

  🧭 转弯阶段分析
  • 00:00-00:28 · 画面右侧压刃 · 主要阶段：弯中承压 · 入弯建立刃角偏晚
    建议：换刃后更早让身体进入新弯，先建立方向再加压。
  • 00:47-00:50 · 画面右侧压刃 · 主要阶段：弯中承压 · 阶段衔接基本正常
  • 00:52-01:13 · 画面右侧压刃 · 主要阶段：弯中承压 · 阶段衔接基本正常

  🔎 原始姿态指标（调试参考）
    🟢🟢🟢🟢🟢 身体前倾 98/100 · 置信度 71/100
    🟢🟢🟢🟢🟢 膝盖弯曲 87/100 · 置信度 61/100
    🟢🟢🟡⬜⬜ 小腿倾斜 51/100 · 置信度 69/100
    🟡⬜⬜⬜⬜ 重心高度旧分 49/100 · 置信度 70/100
    🟢🟢🟢🟡⬜ 动作对称 76/100 · 置信度 60/100

  🌊 光流运动指标（实验性）
  | 运动一致性: 64 | 方向稳定性: 61 | 速度平滑度: 0 |
  | >70 分离明显 | >70 走刃特征 | <40 动作不稳定 |

  🔍 关键时刻
  ⭐ 00:09 · 相对较好的走刃时刻
    这一帧立刃条件相对较好，可以作为练习时的姿态参考。
  ⚠️ 00:41 · 走刃质量偏弱
    这一帧走刃质量偏低，姿态条件更接近搓雪转弯。
  ⚠️ 00:47 · 左右动作不对称
    这一帧左右两侧关键点差异较大，转弯质量可能不一致。
  ⚠️ 00:51 · 板压支撑不足
    这一帧板压偏弱，弯中稳定性可能受影响。

  ✅ 优势
    • 前倾姿态不错，上半身姿态积极。
    • 动作连贯性好，姿态保持稳定

  ⚠️ 主要问题
    • 部分弯能看到立刃动作，但全程一致性不够，好的弯和松的弯交替出现。

  🎯 训练建议
立刃感觉已经有了，现在需要加强的是全程一致性——让每个弯的立刃质量都差不多。

======================================================
