Building for debugging...
[0/3] Write swift-version--58304C5D6DBC2206.txt
Build of product 'VideoVisionCLI' complete! (0.16s)
==================================================
  🎬 VideoVision - Apple Vision 视频分析工具
  📌 专注滑雪姿态分析
==================================================


✅ 结果已保存至: /Users/mingsen/Project/VideoVision/video/good/v0200fg10000d6mln8vog65kajcq52dg.json
✅ 报告已保存至: /Users/mingsen/Project/VideoVision/video/good/v0200fg10000d6mln8vog65kajcq52dg.md

======================================================
  🎿 滑雪姿态分析报告
======================================================

  视频：v0200fg10000d6mln8vog65kajcq52dg.MP4
  时长：1分3秒 · 分析帧数：278/316

  📈 综合评分：74/100
  🏷 阶段判断：稳定滑行阶段
  📐 评分口径：取可靠片段中表现最好的前 1/3 加权平均

  📋 走刃/横滑判断置信度不足，本报告只参考可靠可见帧；低姿态或遮挡片段不做负面判断。

  🗣 教练观察
  这段视频里可能存在低姿态、大立刃或遮挡导致的关键点缺失，系统不应据此判断为搓雪或走刃不足。建议结合视频原片复核。

  🎿 滑雪维度评分
    ⬜⬜⬜⬜⬜ 走刃质量 暂不评分 · 数据置信度不足 · 置信度 15/100
    🟢🟢🟡⬜⬜ 板压支撑 64/100 · 支撑尚可 · 置信度 64/100 · 谨慎参考
    🟢🟢🟢🟢🟢 前后支撑 88/100 · 前后支撑积极 · 置信度 69/100
    🟢🟢🟢🟢🟢 重心阶段适配 88/100 · 当前阶段重心适配 · 置信度 38/100 · 谨慎参考
    🟡⬜⬜⬜⬜ 腿部弹性 49/100 · 过于直立 · 置信度 55/100 · 谨慎参考
    🟢🟢🟢🟡⬜ 左右一致性 77/100 · 轻微不对称 · 置信度 57/100 · 谨慎参考

  🏂 板身方向与横滑
    横滑角暂不评分 · 数据来源：脚踝代理 · 置信度 15/100；当前画面角度不足以稳定判断走刃/横滑。
    说明：当前用左右脚踝连线代理板身，侧面画面更可靠；正面、背面或遮挡时置信度会下降。

  🧭 转弯阶段分析
  • 00:00-00:06 · 画面左侧压刃 · 主要阶段：入弯 · 入弯建立刃角偏晚
    建议：换刃后更早让身体进入新弯，先建立方向再加压。
  • 00:10-00:14 · 画面左侧压刃 · 主要阶段：入弯 · 入弯建立刃角偏晚
    建议：换刃后更早让身体进入新弯，先建立方向再加压。
  • 00:14-00:24 · 画面右侧压刃 · 主要阶段：弯中承压 · 阶段衔接基本正常

  ✨ 高光时刻
  ⭐ 00:24-00:28 · 最佳刻滑片段 · 86/100 · 置信度 59/100 · 谨慎参考
    这段连续帧综合质量最高，可以作为用户本视频里的正面参考。
  ⭐ 00:41-00:45 · 稳定高质量片段 · 85/100
    这段姿态、支撑和稳定性组合较好，适合截出来给用户看。

  🔎 原始姿态指标（调试参考）
    🟢🟢🟢🟢🟢 身体前倾 99/100 · 置信度 65/100
    🟡⬜⬜⬜⬜ 膝盖弯曲 49/100 · 置信度 55/100
    🟢🟢🟡⬜⬜ 小腿倾斜 60/100 · 置信度 59/100
    🟢🟢🟡⬜⬜ 重心高度旧分 55/100 · 置信度 62/100
    🟢🟢🟢🟡⬜ 动作对称 77/100 · 置信度 57/100

  🌊 光流运动指标（实验性）
  | 运动一致性: 40 | 方向稳定性: 39 | 速度平滑度: 0 |
  | >70 分离明显 | >70 走刃特征 | <40 动作不稳定 |

  🔍 关键时刻
  ⚠️ 00:06 · 走刃质量偏弱
    这一帧走刃质量偏低，姿态条件更接近搓雪转弯。
  ⭐ 00:24 · 相对较好的走刃时刻
    这一帧立刃条件相对较好，可以作为练习时的姿态参考。
  ⚠️ 00:49 · 左右动作不对称
    这一帧左右两侧关键点差异较大，转弯质量可能不一致。

  ✅ 优势
    • 动作连贯性好，姿态保持稳定

  ⚠️ 主要问题
    • 膝盖过于直立，腿部缺乏弹性，很难有效吸收地形变化。
    • 立刃有基础，但刃角保持时间不足，弯中容易提前释放。

  🎯 训练建议
目前站得太直了，这会让你失去对板压的控制。试试蹲低一些滑，让膝盖始终处于弹性区间。

======================================================
