Building for debugging...
[0/3] Write swift-version--58304C5D6DBC2206.txt
Build of product 'VideoVisionCLI' complete! (0.13s)
==================================================
  🎬 VideoVision - Apple Vision 视频分析工具
  📌 专注滑雪姿态分析
==================================================


✅ 结果已保存至: /Users/mingsen/Project/VideoVision/video/good/v1e00fgi0000d5utfk7og65q1chsrq8g.json
✅ 报告已保存至: /Users/mingsen/Project/VideoVision/video/good/v1e00fgi0000d5utfk7og65q1chsrq8g.md

======================================================
  🎿 滑雪姿态分析报告
======================================================

  视频：v1e00fgi0000d5utfk7og65q1chsrq8g.MP4
  时长：0分33秒 · 分析帧数：120/166

  ⭐ 综合评分：79/100
  🏷 阶段判断：高质量滑行阶段
  📐 评分口径：取可靠片段中表现最好的前 1/3 加权平均

  📋 走刃/横滑判断置信度不足，本报告只参考可靠可见帧；低姿态或遮挡片段不做负面判断。

  🗣 教练观察
  这段视频里可能存在低姿态、大立刃或遮挡导致的关键点缺失，系统不应据此判断为搓雪或走刃不足。建议结合视频原片复核。

  🎿 滑雪维度评分
    ⬜⬜⬜⬜⬜ 走刃质量 暂不评分 · 数据置信度不足 · 置信度 23/100
    🟢🟢🟢🟡⬜ 板压支撑 72/100 · 支撑尚可 · 置信度 67/100
    🟢🟢🟢🟢🟢 前后支撑 89/100 · 前后支撑积极 · 置信度 73/100
    🟡⬜⬜⬜⬜ 重心阶段适配 48/100 · 重心阶段适配不足 · 当前阶段重心偏高 · 置信度 41/100 · 谨慎参考
    🟢🟢🟢🟡⬜ 腿部弹性 69/100 · 弹性尚可 · 置信度 57/100 · 谨慎参考
    🟢🟢🟢🟡⬜ 左右一致性 68/100 · 轻微不对称 · 置信度 56/100 · 谨慎参考

  🏂 板身方向与横滑
    横滑角暂不评分 · 数据来源：脚踝代理 · 置信度 23/100；当前画面角度不足以稳定判断走刃/横滑。
    说明：当前用左右脚踝连线代理板身，侧面画面更可靠；正面、背面或遮挡时置信度会下降。

  🧭 转弯阶段分析
  • 00:01-00:10 · 画面左侧压刃 · 主要阶段：弯中承压 · 阶段衔接基本正常
  • 00:14-00:17 · 画面右侧压刃 · 主要阶段：弯中承压 · 阶段衔接基本正常
  • 00:18-00:22 · 画面左侧压刃 · 主要阶段：弯中承压 · 弯中刃角保持不足
    建议：把注意力放在弯中持续压刃，不要刚立起来就提前释放。

  ✨ 高光时刻
  ⭐ 00:03-00:07 · 相对最好的滑行片段 · 74/100 · 置信度 61/100 · 谨慎参考
    这是本视频中相对更好的连续片段，适合用来对比前后动作差异。
  ⭐ 00:14-00:18 · 最佳刻滑片段 · 90/100 · 置信度 53/100 · 谨慎参考
    这段连续帧综合质量最高，可以作为用户本视频里的正面参考。
  ⭐ 00:24-00:28 · 相对最好的滑行片段 · 72/100
    这是本视频中相对更好的连续片段，适合用来对比前后动作差异。

  🔎 原始姿态指标（调试参考）
    🟢🟢🟢🟢🟢 身体前倾 100/100 · 置信度 70/100
    🟢🟢🟢🟡⬜ 膝盖弯曲 69/100 · 置信度 57/100
    🟢🟢🟡⬜⬜ 小腿倾斜 56/100 · 置信度 59/100
    🟢🟢🟡⬜⬜ 重心高度旧分 58/100 · 置信度 66/100
    🟢🟢🟢🟡⬜ 动作对称 68/100 · 置信度 56/100

  🌊 光流运动指标（实验性）
  | 运动一致性: 29 | 方向稳定性: 80 | 速度平滑度: 0 |
  | >70 分离明显 | >70 走刃特征 | <40 动作不稳定 |

  🔍 关键时刻
  ⚠️ 00:01 · 左右动作不对称
    这一帧左右两侧关键点差异较大，转弯质量可能不一致。
  ⚠️ 00:07 · 腿部弹性不足
    这一帧膝盖弯曲角度较小，腿部缺乏弹性吸收地形。
  ⭐ 00:14 · 相对较好的走刃时刻
    这一帧立刃条件相对较好，可以作为练习时的姿态参考。
  ⚠️ 00:22 · 走刃质量偏弱
    这一帧走刃条件一般，立刃和重心配合还不够充分。

  ✅ 优势
    • 身体前倾角度合理，能有效利用重力。
    • 动作连贯性好，姿态保持稳定

  ⚠️ 主要问题
    • 当前重心位置对这个阶段的动作支持不够，容易让板压建立变慢或弯中支撑散掉。
    • 部分弯能看到立刃动作，但全程一致性不够，好的弯和松的弯交替出现。
    • 腿部姿态还可以，但弯中下压幅度可以更大。

  🎯 训练建议
先不要把目标理解成一味压低重心。更有效的是让重心跟转弯阶段匹配：入弯逐步进入新弯，弯中稳定承压，出弯平顺释放。

======================================================
