Building for debugging...
[0/3] Write swift-version--58304C5D6DBC2206.txt
Build of product 'VideoVisionCLI' complete! (0.15s)
==================================================
  🎬 VideoVision - Apple Vision 视频分析工具
  📌 专注滑雪姿态分析
==================================================


✅ 结果已保存至: /Users/mingsen/Project/VideoVision/video/good/3e6f37fe76521781506c19c02c1b97ed.json
✅ 报告已保存至: /Users/mingsen/Project/VideoVision/video/good/3e6f37fe76521781506c19c02c1b97ed.md

======================================================
  🎿 滑雪姿态分析报告
======================================================

  视频：3e6f37fe76521781506c19c02c1b97ed.MP4
  时长：0分25秒 · 分析帧数：103/127

  🏆 综合评分：83/100
  🏷 阶段判断：高阶表现阶段
  📐 评分口径：取可靠片段中表现最好的前 1/3 加权平均

  📋 走刃/横滑判断置信度不足，本报告只参考可靠可见帧；低姿态或遮挡片段不做负面判断。

  🗣 教练观察
  这段视频里可能存在低姿态、大立刃或遮挡导致的关键点缺失，系统不应据此判断为搓雪或走刃不足。建议结合视频原片复核。

  🎿 滑雪维度评分
    ⬜⬜⬜⬜⬜ 走刃质量 暂不评分 · 数据置信度不足 · 置信度 13/100
    🟢🟢🟡⬜⬜ 板压支撑 64/100 · 支撑尚可 · 置信度 62/100 · 谨慎参考
    🟢🟢🟢🟢🟢 前后支撑 89/100 · 前后支撑积极 · 置信度 71/100
    🟢🟢🟡⬜⬜ 重心阶段适配 58/100 · 重心适配度一般 · 当前阶段重心偏高 · 置信度 39/100 · 谨慎参考
    🟡⬜⬜⬜⬜ 腿部弹性 42/100 · 过于直立 · 置信度 47/100 · 谨慎参考
    🟢🟢🟢🟡⬜ 左右一致性 75/100 · 轻微不对称 · 置信度 53/100 · 谨慎参考

  🏂 板身方向与横滑
    横滑角暂不评分 · 数据来源：脚踝代理 · 置信度 13/100；当前画面角度不足以稳定判断走刃/横滑。
    说明：当前用左右脚踝连线代理板身，侧面画面更可靠；正面、背面或遮挡时置信度会下降。

  🧭 转弯阶段分析
  • 00:00-00:04 · 画面右侧压刃 · 主要阶段：弯中承压 · 阶段衔接基本正常
  • 00:04-00:08 · 画面左侧压刃 · 主要阶段：弯中承压 · 阶段衔接基本正常
  • 00:16-00:21 · 画面右侧压刃 · 主要阶段：入弯 · 阶段衔接基本正常

  ✨ 高光时刻
  ⭐ 00:04-00:08 · 最佳刻滑片段 · 90/100 · 置信度 44/100 · 谨慎参考
    这段连续帧综合质量最高，可以作为用户本视频里的正面参考。

  🔎 原始姿态指标（调试参考）
    🟢🟢🟢🟢🟢 身体前倾 100/100 · 置信度 67/100
    🟡⬜⬜⬜⬜ 膝盖弯曲 42/100 · 置信度 47/100
    🟢🟢🟢🟡⬜ 小腿倾斜 76/100 · 置信度 53/100
    🟢🟢🟡⬜⬜ 重心高度旧分 58/100 · 置信度 63/100
    🟢🟢🟢🟡⬜ 动作对称 75/100 · 置信度 53/100

  🌊 光流运动指标（实验性）
  | 运动一致性: 50 | 方向稳定性: 99 | 速度平滑度: 0 |
  | >70 分离明显 | >70 走刃特征 | <40 动作不稳定 |

  🔍 关键时刻
  ⚠️ 00:00 · 左右动作不对称
    这一帧左右两侧关键点差异较大，转弯质量可能不一致。
  ⭐ 00:04 · 相对较好的走刃时刻
    这一帧立刃条件相对较好，可以作为练习时的姿态参考。
  ⚠️ 00:16 · 腿部弹性不足
    这一帧膝盖弯曲角度较小，腿部缺乏弹性吸收地形。

  ✅ 优势
    • 前倾姿态不错，上半身姿态积极。
    • 动作连贯性好，姿态保持稳定

  ⚠️ 主要问题
    • 膝盖过于直立，腿部缺乏弹性，很难有效吸收地形变化。
    • 重心高度大体能用，但和转弯阶段的配合还不够精细。

  🎯 训练建议
目前站得太直了，这会让你失去对板压的控制。试试蹲低一些滑，让膝盖始终处于弹性区间。

======================================================
