Building for debugging...
[0/3] Write swift-version--58304C5D6DBC2206.txt
Build of product 'VideoVisionCLI' complete! (0.16s)
==================================================
  🎬 VideoVision - Apple Vision 视频分析工具
  📌 专注滑雪姿态分析
==================================================


✅ 结果已保存至: /Users/mingsen/Project/VideoVision/video/middle/b343b317a6689df373085ec85e042480.json
✅ 报告已保存至: /Users/mingsen/Project/VideoVision/video/middle/b343b317a6689df373085ec85e042480.md

======================================================
  🎿 滑雪姿态分析报告
======================================================

  视频：b343b317a6689df373085ec85e042480.MP4
  时长：0分59秒 · 分析帧数：264/299

  📈 综合评分：72/100
  🏷 阶段判断：刻滑雏形阶段
  📐 评分口径：取可靠片段中表现最好的前 1/3 加权平均
  ⚠️ 板身/滑行方向夹角偏大：更像横滑或推坡，不能按刻滑高分处理

  📋 板身方向和滑行方向没有对齐，说明转弯主要不是沿板身切雪完成；姿态项看起来有支撑，也不能直接解释为刻滑。

  🗣 教练观察
  这段板身方向和滑行方向夹角偏大，更接近横滑或推坡控制；即使身体姿态有些像样，也不能评价为稳定刻滑。

  🎿 滑雪维度评分
    ⬜⬜⬜⬜⬜ 走刃质量 暂不评分 · 数据置信度不足 · 置信度 17/100
    🟢🟢🟢🟡⬜ 板压支撑 69/100 · 支撑尚可 · 置信度 65/100 · 谨慎参考
    🟢🟢🟢🟢🟢 前后支撑 81/100 · 前后支撑积极 · 置信度 69/100
    🟡⬜⬜⬜⬜ 重心阶段适配 27/100 · 重心阶段适配不足 · 当前阶段重心偏高 · 置信度 40/100 · 谨慎参考
    🟢🟢🟢🟢🟢 腿部弹性 84/100 · 腿部弹性好 · 置信度 55/100 · 谨慎参考
    🟢🟢🟢🟡⬜ 左右一致性 70/100 · 轻微不对称 · 置信度 58/100 · 谨慎参考

  🏂 板身方向与横滑
    横滑角暂不评分 · 数据来源：脚踝代理 · 置信度 17/100；当前画面角度不足以稳定判断走刃/横滑。
    说明：当前用左右脚踝连线代理板身，侧面画面更可靠；正面、背面或遮挡时置信度会下降。

  🧭 转弯阶段分析
  • 00:03-00:10 · 画面右侧压刃 · 主要阶段：弯中承压 · 弯中刃角保持不足
    建议：把注意力放在弯中持续压刃，不要刚立起来就提前释放。
  • 00:10-00:59 · 画面左侧压刃 · 主要阶段：弯中承压 · 阶段衔接基本正常

  🔎 原始姿态指标（调试参考）
    🟢🟢🟢🟢🟢 身体前倾 91/100 · 置信度 64/100
    🟢🟢🟢🟢🟢 膝盖弯曲 84/100 · 置信度 55/100
    🟢🟢🟢🟡⬜ 小腿倾斜 76/100 · 置信度 61/100
    🟡⬜⬜⬜⬜ 重心高度旧分 44/100 · 置信度 63/100
    🟢🟢🟢🟡⬜ 动作对称 70/100 · 置信度 58/100

  🌊 光流运动指标（实验性）
  | 运动一致性: 36 | 方向稳定性: 98 | 速度平滑度: 0 |
  | >70 分离明显 | >70 走刃特征 | <40 动作不稳定 |

  🔍 关键时刻
  ⚠️ 00:00 · 走刃质量偏弱
    这一帧走刃质量偏低，姿态条件更接近搓雪转弯。
  ⭐ 00:31 · 相对较好的走刃时刻
    这一帧立刃条件相对较好，可以作为练习时的姿态参考。
  ⚠️ 00:45 · 左右动作不对称
    这一帧左右两侧关键点差异较大，转弯质量可能不一致。

  ✅ 优势
    • 动作连贯性好，姿态保持稳定

  ⚠️ 主要问题
    • 以当前阶段看，重心高度和转弯阶段不太匹配，弯中承压不够稳定。

  🎯 训练建议
练习时关注髋部高度是否随阶段变化合理：弯中不要突然起身，换刃时也不要为了低而僵住。

======================================================
