Building for debugging...
[0/3] Write swift-version--58304C5D6DBC2206.txt
Build of product 'VideoVisionCLI' complete! (0.13s)
==================================================
  🎬 VideoVision - Apple Vision 视频分析工具
  📌 专注滑雪姿态分析
==================================================


✅ 结果已保存至: /Users/mingsen/Project/VideoVision/video/middle/v1e00fgi0000d5bksdfog65irrhr4bog.json
✅ 报告已保存至: /Users/mingsen/Project/VideoVision/video/middle/v1e00fgi0000d5bksdfog65irrhr4bog.md

======================================================
  🎿 滑雪姿态分析报告
======================================================

  视频：v1e00fgi0000d5bksdfog65irrhr4bog.MP4
  时长：0分20秒 · 分析帧数：63/103

  💪 综合评分：60/100
  🏷 阶段判断：基础控速阶段
  📐 评分口径：取可靠片段中表现最好的前 1/3 加权平均
  ⚠️ 持续立刃证据不足：前倾和屈膝不能单独推高综合分，已按初中级表现封顶

  📋 持续立刃证据不足，转弯更接近扫雪/搓雪控制；姿态项看起来有支撑，但还不能评价为高质量滑行。

  🗣 教练观察
  这段不能因为身体前倾或膝盖弯曲看起来还可以就给高分；核心问题是缺少持续刃角和干净刃线，整体仍属于基础滑行质量。

  🎿 滑雪维度评分
    🟡⬜⬜⬜⬜ 走刃倾向 45/100 · 有立刃尝试 · 置信度 64/100 · 谨慎参考
    🟢🟢🟡⬜⬜ 板压支撑 57/100 · 支撑偏弱 · 置信度 69/100
    🟢🟢🟢🟢🟢 前后支撑 87/100 · 前后支撑积极 · 置信度 75/100
    🟢🟢🟢🟢🟢 重心阶段适配 97/100 · 当前阶段重心适配 · 置信度 43/100 · 谨慎参考
    🟡⬜⬜⬜⬜ 腿部弹性 32/100 · 过于直立 · 置信度 60/100 · 谨慎参考
    🟢🟢🟢🟢🟢 左右一致性 96/100 · 左右一致 · 置信度 61/100 · 谨慎参考

  🏂 板身方向与横滑
    识别到 42 帧板身线条代理 · 数据来源：脚踝代理 · 置信度 3/100；画面位移不足，暂不估计横滑角。
    说明：当前用左右脚踝连线代理板身，侧面画面更可靠；正面、背面或遮挡时置信度会下降。

  🧭 转弯阶段分析
  • 00:00-00:12 · 画面左侧压刃 · 主要阶段：入弯 · 弯中刃角保持不足
    建议：把注意力放在弯中持续压刃，不要刚立起来就提前释放。

  🔎 原始姿态指标（调试参考）
    🟢🟢🟢🟢🟢 身体前倾 99/100 · 置信度 71/100
    🟡⬜⬜⬜⬜ 膝盖弯曲 32/100 · 置信度 60/100
    🟡⬜⬜⬜⬜ 小腿倾斜 30/100 · 置信度 62/100
    🟢🟢🟡⬜⬜ 重心高度旧分 51/100 · 置信度 67/100
    🟢🟢🟢🟢🟢 动作对称 96/100 · 置信度 61/100

  🌊 光流运动指标（实验性）
  | 运动一致性: 44 | 方向稳定性: 100 | 速度平滑度: 0 |
  | >70 分离明显 | >70 走刃特征 | <40 动作不稳定 |

  🔍 关键时刻
  ⚠️ 00:04 · 走刃倾向偏弱
    这一帧走刃条件一般，立刃和重心配合还不够充分。

  ✅ 优势
    • 身体前倾角度合理，能有效利用重力。
    • 动作连贯性好，姿态保持稳定

  ⚠️ 主要问题
    • 你能把弯转出来，但大部分转向不是靠整条刃画弧完成的。
    • 膝盖弯曲不足是主要瓶颈，站起来滑的方式会限制控板能力。

  🎯 训练建议
不要太在意低姿态或摸雪，先把转弯方式从扫雪改成用刃。在缓坡上练简单的刻弧弯，先求刃线干净再增加速度。

======================================================
