Building for debugging...
[0/3] Write swift-version--58304C5D6DBC2206.txt
Build of product 'VideoVisionCLI' complete! (0.13s)
==================================================
  🎬 VideoVision - Apple Vision 视频分析工具
  📌 专注滑雪姿态分析
==================================================


✅ 结果已保存至: /Users/mingsen/Project/VideoVision/video/middle/v0300fg10000d6fe0nnog65jmdun29vg.json
✅ 报告已保存至: /Users/mingsen/Project/VideoVision/video/middle/v0300fg10000d6fe0nnog65jmdun29vg.md

======================================================
  🎿 滑雪姿态分析报告
======================================================

  视频：v0300fg10000d6fe0nnog65jmdun29vg.MP4
  时长：0分18秒 · 分析帧数：17/95

  📈 综合评分：69/100
  🏷 阶段判断：稳定滑行阶段
  📐 评分口径：取可靠片段中表现最好的前 1/3 加权平均

  📋 走刃/横滑判断置信度不足，本报告只参考可靠可见帧；低姿态或遮挡片段不做负面判断。

  🗣 教练观察
  这段视频里可能存在低姿态、大立刃或遮挡导致的关键点缺失，系统不应据此判断为搓雪或走刃不足。建议结合视频原片复核。

  🎿 滑雪维度评分
    ⬜⬜⬜⬜⬜ 走刃倾向 暂不评分 · 数据置信度不足 · 置信度 28/100
    🟢🟢🟢🟡⬜ 板压支撑 74/100 · 支撑尚可 · 置信度 36/100 · 谨慎参考
    🟢🟢🟢🟢🟢 前后支撑 90/100 · 前后支撑积极 · 置信度 42/100 · 谨慎参考
    ⬜⬜⬜⬜⬜ 重心阶段适配 暂不评分 · 重心数据不足 · 置信度 11/100
    ⬜⬜⬜⬜⬜ 腿部弹性 暂不评分 · 数据置信度不足 · 置信度 20/100
    ⬜⬜⬜⬜⬜ 左右一致性 暂不评分 · 数据置信度不足 · 置信度 0/100

  🧭 转弯阶段分析
  • 00:02-00:05 · 画面右侧压刃 · 主要阶段：弯中承压 · 弯中刃角保持不足
    建议：把注意力放在弯中持续压刃，不要刚立起来就提前释放。

  🔎 原始姿态指标（调试参考）
    🟢🟢🟢🟢🟢 身体前倾 100/100 · 置信度 30/100
    🟢🟢🟢🟡⬜ 膝盖弯曲 73/100 · 置信度 20/100
    🟡⬜⬜⬜⬜ 小腿倾斜 9/100 · 置信度 25/100
    🟢🟢🟡⬜⬜ 重心高度旧分 60/100 · 置信度 35/100
    🟡⬜⬜⬜⬜ 动作对称 50/100 · 置信度 0/100

  🌊 光流运动指标（实验性）
  | 运动一致性: 100 | 方向稳定性: 100 | 速度平滑度: 100 |
  | >70 分离明显 | >70 走刃特征 | <40 动作不稳定 |

  ✅ 优势
    • 动作连贯性好，姿态保持稳定

  🎯 训练建议
当前可用姿态数据置信度偏低，建议先用侧后方、全身入镜的视频重新拍摄，再做具体训练判断。

======================================================
