Building for debugging...
[0/3] Write swift-version--58304C5D6DBC2206.txt
Build of product 'VideoVisionCLI' complete! (0.12s)
==================================================
  🎬 VideoVision - Apple Vision 视频分析工具
  📌 专注滑雪姿态分析
==================================================


✅ 结果已保存至: /Users/mingsen/Project/VideoVision/video/good/v0300fg10000d7h0ckfog65nmsn20jqg.json
✅ 报告已保存至: /Users/mingsen/Project/VideoVision/video/good/v0300fg10000d7h0ckfog65nmsn20jqg.md

======================================================
  🎿 滑雪姿态分析报告
======================================================

  视频：v0300fg10000d7h0ckfog65nmsn20jqg.MP4
  时长：0分38秒 · 分析帧数：17/39

  📈 综合评分：70/100
  🏷 阶段判断：稳定滑行阶段
  📐 评分口径：取可靠片段中表现最好的前 1/3 加权平均
  ⚠️ 板身/滑行方向夹角偏大：更像横滑或推坡，不能按刻滑高分处理

  📋 板身方向和滑行方向没有对齐，说明转弯主要不是沿板身切雪完成；姿态项看起来有支撑，也不能直接解释为刻滑。

  🗣 教练观察
  这段板身方向和滑行方向夹角偏大，更接近横滑或推坡控制；即使身体姿态有些像样，也不能评价为稳定刻滑。

  🎿 滑雪维度评分
    ⬜⬜⬜⬜⬜ 走刃质量 暂不评分 · 数据置信度不足 · 置信度 21/100
    🟢🟢🟢🟡⬜ 板压支撑 66/100 · 支撑尚可 · 置信度 77/100
    🟢🟢🟢🟢🟢 前后支撑 89/100 · 前后支撑积极 · 置信度 80/100
    🟢🟢🟢🟢🟢 重心阶段适配 93/100 · 当前阶段重心适配 · 置信度 58/100 · 谨慎参考
    🟢🟢🟡⬜⬜ 腿部弹性 52/100 · 弹性偏弱 · 置信度 71/100
    🟢🟢🟢🟡⬜ 左右一致性 67/100 · 轻微不对称 · 置信度 70/100

  🏂 板身方向与横滑
    横滑角暂不评分 · 数据来源：脚踝代理 · 置信度 21/100；当前画面角度不足以稳定判断走刃/横滑。
    说明：当前用左右脚踝连线代理板身，侧面画面更可靠；正面、背面或遮挡时置信度会下降。

  🧭 转弯阶段分析
  • 00:00-00:02 · 画面右侧压刃 · 主要阶段：弯中承压 · 阶段衔接基本正常
  • 00:13-00:30 · 画面左侧压刃 · 主要阶段：弯中承压 · 出弯释放不够平顺
    建议：出弯时逐步释放板压，避免突然起身或横向甩尾。

  🔎 原始姿态指标（调试参考）
    🟢🟢🟢🟢🟢 身体前倾 100/100 · 置信度 77/100
    🟢🟢🟡⬜⬜ 膝盖弯曲 52/100 · 置信度 71/100
    🟢🟢🟡⬜⬜ 小腿倾斜 64/100 · 置信度 77/100
    🟢🟢🟡⬜⬜ 重心高度旧分 59/100 · 置信度 76/100
    🟢🟢🟢🟡⬜ 动作对称 67/100 · 置信度 70/100

  🔍 关键时刻
  ⚠️ 00:13 · 腿部弹性不足
    这一帧膝盖弯曲角度较小，腿部缺乏弹性吸收地形。
  ⭐ 00:18 · 相对较好的走刃时刻
    这一帧立刃条件相对较好，可以作为练习时的姿态参考。
  ⚠️ 00:29 · 走刃质量偏弱
    这一帧走刃条件一般，立刃和重心配合还不够充分。

  ✅ 优势
    • 身体前倾角度合理，能有效利用重力。
    • 动作连贯性好，姿态保持稳定

  ⚠️ 主要问题
    • 膝盖弯曲不足是主要瓶颈，站起来滑的方式会限制控板能力。
    • 刃角幅度尚可，但距离持续稳定的走刃还有一段路。

  🎯 训练建议
膝盖弯曲角度需要大幅改善。在滑行中主动屈膝屈髋，保持小腿前侧贴住雪鞋鞋舌。

======================================================
