Building for debugging...
[0/3] Write swift-version--58304C5D6DBC2206.txt
Build of product 'VideoVisionCLI' complete! (0.13s)
==================================================
  🎬 VideoVision - Apple Vision 视频分析工具
  📌 专注滑雪姿态分析
==================================================


✅ 结果已保存至: /Users/mingsen/Project/VideoVision/video/good/v0200fg10000d7r0017og65qoh1vgeg0.json
✅ 报告已保存至: /Users/mingsen/Project/VideoVision/video/good/v0200fg10000d7r0017og65qoh1vgeg0.md

======================================================
  🎿 滑雪姿态分析报告
======================================================

  视频：v0200fg10000d7r0017og65qoh1vgeg0.MP4
  时长：0分29秒 · 分析帧数：21/30

  ⭐ 综合评分：94/100
  🏷 阶段判断：高质量滑行阶段
  📐 评分口径：取可靠片段中表现最好的前 1/3 加权平均

  📋 走刃/横滑判断置信度不足，本报告只参考可靠可见帧；低姿态或遮挡片段不做负面判断。

  🗣 教练观察
  这段视频里可能存在低姿态、大立刃或遮挡导致的关键点缺失，系统不应据此判断为搓雪或走刃不足。建议结合视频原片复核。

  🎿 滑雪维度评分
    ⬜⬜⬜⬜⬜ 走刃质量 暂不评分 · 数据置信度不足 · 置信度 13/100
    🟢🟢🟢🟢🟢 板压支撑 86/100 · 支撑扎实 · 置信度 54/100 · 谨慎参考
    🟢🟢🟢🟢🟢 前后支撑 92/100 · 前后支撑优秀 · 置信度 63/100 · 谨慎参考
    ⬜⬜⬜⬜⬜ 重心阶段适配 暂不评分 · 重心数据不足 · 置信度 30/100
    🟢🟢🟢🟢🟢 腿部弹性 95/100 · 腿部弹性好 · 置信度 36/100 · 谨慎参考
    🟢🟢🟡⬜⬜ 左右一致性 63/100 · 明显不对称 · 置信度 51/100 · 谨慎参考

  🏂 板身方向与横滑
    横滑角暂不评分 · 数据来源：脚踝代理 · 置信度 13/100；当前画面角度不足以稳定判断走刃/横滑。
    说明：当前用左右脚踝连线代理板身，侧面画面更可靠；正面、背面或遮挡时置信度会下降。

  🧭 转弯阶段分析
  • 00:03-00:05 · 画面右侧压刃 · 主要阶段：弯中承压 · 阶段衔接基本正常
  • 00:14-00:16 · 画面左侧压刃 · 主要阶段：弯中承压 · 阶段衔接基本正常
  • 00:17-00:19 · 画面右侧压刃 · 主要阶段：换刃/过渡 · 阶段衔接基本正常

  ✨ 高光时刻
  ⭐ 00:03-00:06 · 稳定高质量片段 · 84/100 · 置信度 43/100 · 谨慎参考
    这段姿态、支撑和稳定性组合较好，适合截出来给用户看。
  ⭐ 00:14-00:17 · 最佳刻滑片段 · 88/100 · 置信度 52/100 · 谨慎参考
    这段连续帧综合质量最高，可以作为用户本视频里的正面参考。

  🔎 原始姿态指标（调试参考）
    🟢🟢🟢🟢🟢 身体前倾 100/100 · 置信度 57/100
    🟢🟢🟢🟢🟢 膝盖弯曲 95/100 · 置信度 36/100
    🟢🟢🟡⬜⬜ 小腿倾斜 58/100 · 置信度 38/100
    🟢🟢🟢🟡⬜ 重心高度旧分 73/100 · 置信度 54/100
    🟢🟢🟡⬜⬜ 动作对称 63/100 · 置信度 51/100

  🔍 关键时刻
  ⚠️ 00:06 · 左右动作不对称
    这一帧左右两侧关键点差异较大，转弯质量可能不一致。
  ⭐ 00:14 · 相对较好的走刃时刻
    这一帧立刃条件相对较好，可以作为练习时的姿态参考。

  ✅ 优势
    • 动作连贯性好，姿态保持稳定

  ⚠️ 主要问题
    • 刃角幅度尚可，但距离持续稳定的走刃还有一段路。
    • 左右有一定不对称，但不算严重，注意强化弱势侧即可。

  🎯 训练建议
立刃感觉已经有了，现在需要加强的是全程一致性——让每个弯的立刃质量都差不多。

======================================================
