Building for debugging...
[0/3] Write swift-version--58304C5D6DBC2206.txt
Build of product 'VideoVisionCLI' complete! (0.13s)
==================================================
  🎬 VideoVision - Apple Vision 视频分析工具
  📌 专注滑雪姿态分析
==================================================


✅ 结果已保存至: /Users/mingsen/Project/VideoVision/video/good/641efed02be271b6d9f014c97d1f8ae0.json
✅ 报告已保存至: /Users/mingsen/Project/VideoVision/video/good/641efed02be271b6d9f014c97d1f8ae0.md

======================================================
  🎿 滑雪姿态分析报告
======================================================

  视频：641efed02be271b6d9f014c97d1f8ae0.MOV
  时长：1分53秒 · 分析帧数：81/114

  🏆 综合评分：88/100
  🏷 阶段判断：高阶表现阶段
  📐 评分口径：取可靠片段中表现最好的前 1/3 加权平均

  📋 走刃/横滑判断置信度不足，本报告只参考可靠可见帧；低姿态或遮挡片段不做负面判断。

  🗣 教练观察
  这段视频里可能存在低姿态、大立刃或遮挡导致的关键点缺失，系统不应据此判断为搓雪或走刃不足。建议结合视频原片复核。

  🎿 滑雪维度评分
    ⬜⬜⬜⬜⬜ 走刃质量 暂不评分 · 数据置信度不足 · 置信度 10/100
    🟢🟢🟢🟡⬜ 板压支撑 76/100 · 支撑扎实 · 置信度 76/100
    🟢🟢🟢🟢🟢 前后支撑 87/100 · 前后支撑积极 · 置信度 80/100
    🟢🟢🟡⬜⬜ 重心阶段适配 53/100 · 重心适配度一般 · 当前阶段重心偏高 · 置信度 55/100 · 谨慎参考
    🟢🟢🟢🟢🟢 腿部弹性 90/100 · 腿部弹性好 · 置信度 68/100
    🟢🟢🟢🟢🟢 左右一致性 82/100 · 左右一致 · 置信度 66/100

  🏂 板身方向与横滑
    横滑角暂不评分 · 数据来源：脚踝代理 · 置信度 10/100；当前画面角度不足以稳定判断走刃/横滑。
    说明：当前用左右脚踝连线代理板身，侧面画面更可靠；正面、背面或遮挡时置信度会下降。

  🧭 转弯阶段分析
  • 00:00-00:13 · 画面右侧压刃 · 主要阶段：弯中承压 · 阶段衔接基本正常
  • 00:14-00:20 · 画面左侧压刃 · 主要阶段：弯中承压 · 阶段衔接基本正常
  • 00:21-00:51 · 画面右侧压刃 · 主要阶段：弯中承压 · 阶段衔接基本正常

  ✨ 高光时刻
  ⭐ 00:00-00:09 · 最佳刻滑片段 · 87/100
    这段连续帧综合质量最高，可以作为用户本视频里的正面参考。
  ⭐ 00:21-00:28 · 最佳刻滑片段 · 90/100
    这段连续帧综合质量最高，可以作为用户本视频里的正面参考。
  ⭐ 00:51-01:00 · 最佳刻滑片段 · 86/100
    这段连续帧综合质量最高，可以作为用户本视频里的正面参考。

  🔎 原始姿态指标（调试参考）
    🟢🟢🟢🟢🟢 身体前倾 98/100 · 置信度 78/100
    🟢🟢🟢🟢🟢 膝盖弯曲 90/100 · 置信度 68/100
    🟢🟢🟢🟢🟢 小腿倾斜 83/100 · 置信度 73/100
    🟢🟢🟡⬜⬜ 重心高度旧分 56/100 · 置信度 75/100
    🟢🟢🟢🟢🟢 动作对称 82/100 · 置信度 66/100

  🔍 关键时刻
  ⚠️ 00:14 · 腿部弹性不足
    这一帧膝盖弯曲角度较小，腿部缺乏弹性吸收地形。
  ⭐ 00:21 · 相对较好的走刃时刻
    这一帧立刃条件相对较好，可以作为练习时的姿态参考。
  ⚠️ 01:01 · 左右动作不对称
    这一帧左右两侧关键点差异较大，转弯质量可能不一致。
  ⚠️ 01:09 · 走刃质量偏弱
    这一帧走刃条件一般，立刃和重心配合还不够充分。

  ✅ 优势
    • 身体前倾角度合理，能有效利用重力。
    • 动作连贯性好，姿态保持稳定
    • 膝盖弯曲充分，腿部弹性好，这是这段的优点。

  ⚠️ 主要问题
    • 重心阶段适配度一般，基础可控，但弯中承压阶段还可以更稳定。

  🎯 训练建议
先不要把目标理解成一味压低重心。更有效的是让重心跟转弯阶段匹配：入弯逐步进入新弯，弯中稳定承压，出弯平顺释放。

======================================================
