Building for debugging...
[0/3] Write swift-version--58304C5D6DBC2206.txt
Build of product 'VideoVisionCLI' complete! (0.13s)
==================================================
  🎬 VideoVision - Apple Vision 视频分析工具
  📌 专注滑雪姿态分析
==================================================


✅ 结果已保存至: /Users/mingsen/Project/VideoVision/video/middle/v0200fg10000d318sovog65g16lolm8g.json
✅ 报告已保存至: /Users/mingsen/Project/VideoVision/video/middle/v0200fg10000d318sovog65g16lolm8g.md

======================================================
  🎿 滑雪姿态分析报告
======================================================

  视频：v0200fg10000d318sovog65g16lolm8g.MP4
  时长：0分24秒 · 分析帧数：11/25

  💪 综合评分：58/100
  🏷 阶段判断：基础控速阶段
  📐 评分口径：取可靠片段中表现最好的前 1/3 加权平均
  ⚠️ 持续立刃证据不足：前倾和屈膝不能单独推高综合分，已按初中级表现封顶
  ⚠️ 板身/滑行方向夹角偏大：更像横滑或推坡，不能按刻滑高分处理
  ⚠️ 可靠评分片段偏少：11 帧，综合分仅作谨慎参考

  📋 板身方向和滑行方向没有对齐，说明转弯主要不是沿板身切雪完成；姿态项看起来有支撑，也不能直接解释为刻滑。

  🗣 教练观察
  这段板身方向和滑行方向夹角偏大，更接近横滑或推坡控制；即使身体姿态有些像样，也不能评价为稳定刻滑。

  🎿 滑雪维度评分
    🟡⬜⬜⬜⬜ 走刃质量 46/100 · 有立刃尝试 · 置信度 43/100 · 谨慎参考
    🟢🟢🟡⬜⬜ 板压支撑 57/100 · 支撑偏弱 · 置信度 62/100 · 谨慎参考
    🟢🟢🟢🟢🟢 前后支撑 85/100 · 前后支撑积极 · 置信度 69/100
    🟢🟢🟢🟢🟢 重心阶段适配 100/100 · 当前阶段重心适配 · 置信度 37/100 · 谨慎参考
    🟡⬜⬜⬜⬜ 腿部弹性 34/100 · 过于直立 · 置信度 49/100 · 谨慎参考
    🟢🟢🟢🟡⬜ 左右一致性 74/100 · 轻微不对称 · 置信度 59/100 · 谨慎参考

  🏂 板身方向与横滑
    平均横滑角 73° · 走刃置信 0/100 · 以横滑为主 · 数据来源：脚踝代理 · 置信度 43/100
    说明：当前用左右脚踝连线代理板身，侧面画面更可靠；正面、背面或遮挡时置信度会下降。

  🧭 转弯阶段分析
  • 00:00-00:02 · 画面左侧压刃 · 主要阶段：弯中承压 · 弯中刃角保持不足
    建议：把注意力放在弯中持续压刃，不要刚立起来就提前释放。
  • 00:15-00:18 · 画面右侧压刃 · 主要阶段：弯中承压 · 弯中刃角保持不足
    建议：把注意力放在弯中持续压刃，不要刚立起来就提前释放。

  🔎 原始姿态指标（调试参考）
    🟢🟢🟢🟢🟢 身体前倾 95/100 · 置信度 64/100
    🟡⬜⬜⬜⬜ 膝盖弯曲 34/100 · 置信度 49/100
    🟡⬜⬜⬜⬜ 小腿倾斜 37/100 · 置信度 52/100
    🟢🟢🟡⬜⬜ 重心高度旧分 53/100 · 置信度 62/100
    🟢🟢🟢🟡⬜ 动作对称 74/100 · 置信度 59/100

  🔍 关键时刻
  ⚠️ 00:03 · 走刃质量偏弱
    这一帧走刃质量偏低，姿态条件更接近搓雪转弯。

  ✅ 优势
    • 动作连贯性好，姿态保持稳定

  ⚠️ 主要问题
    • 膝盖过于直立，腿部缺乏弹性，很难有效吸收地形变化。
    • 你能把弯转出来，但大部分转向不是靠整条刃画弧完成的。

  🎯 训练建议
目前站得太直了，这会让你失去对板压的控制。试试蹲低一些滑，让膝盖始终处于弹性区间。

======================================================
