Building for debugging...
[0/3] Write swift-version--58304C5D6DBC2206.txt
Build of product 'VideoVisionCLI' complete! (0.12s)
==================================================
  🎬 VideoVision - Apple Vision 视频分析工具
  📌 专注滑雪姿态分析
==================================================


✅ 结果已保存至: /Users/mingsen/Project/VideoVision/video/middle/a7791a475a244c938dd0815e89b1dec5.json
✅ 报告已保存至: /Users/mingsen/Project/VideoVision/video/middle/a7791a475a244c938dd0815e89b1dec5.md

======================================================
  🎿 滑雪姿态分析报告
======================================================

  视频：a7791a475a244c938dd0815e89b1dec5.MP4
  时长：0分50秒 · 分析帧数：32/51

  📈 综合评分：72/100
  🏷 阶段判断：稳定滑行阶段
  📐 评分口径：取可靠片段中表现最好的前 1/3 加权平均

  📋 走刃/横滑判断置信度不足，本报告只参考可靠可见帧；低姿态或遮挡片段不做负面判断。

  🗣 教练观察
  这段视频里可能存在低姿态、大立刃或遮挡导致的关键点缺失，系统不应据此判断为搓雪或走刃不足。建议结合视频原片复核。

  🎿 滑雪维度评分
    ⬜⬜⬜⬜⬜ 走刃质量 暂不评分 · 数据置信度不足 · 置信度 19/100
    🟢🟢🟢🟡⬜ 板压支撑 66/100 · 支撑尚可 · 置信度 63/100 · 谨慎参考
    🟢🟢🟢🟢🟢 前后支撑 87/100 · 前后支撑积极 · 置信度 70/100
    🟢🟢🟢🟢🟢 重心阶段适配 82/100 · 当前阶段重心适配 · 置信度 37/100 · 谨慎参考
    🟢🟢🟡⬜⬜ 腿部弹性 60/100 · 弹性偏弱 · 置信度 51/100 · 谨慎参考
    🟢🟢🟢🟡⬜ 左右一致性 77/100 · 轻微不对称 · 置信度 52/100 · 谨慎参考

  🏂 板身方向与横滑
    横滑角暂不评分 · 数据来源：脚踝代理 · 置信度 19/100；当前画面角度不足以稳定判断走刃/横滑。
    说明：当前用左右脚踝连线代理板身，侧面画面更可靠；正面、背面或遮挡时置信度会下降。

  🧭 转弯阶段分析
  • 00:00-00:03 · 画面左侧压刃 · 主要阶段：弯中承压 · 阶段衔接基本正常
  • 00:25-00:38 · 画面右侧压刃 · 主要阶段：弯中承压 · 阶段衔接基本正常

  ✨ 高光时刻
  ⭐ 00:00-00:03 · 相对最好的滑行片段 · 73/100
    这是本视频中相对更好的连续片段，适合用来对比前后动作差异。
  ⭐ 00:18-00:24 · 相对最好的滑行片段 · 70/100 · 置信度 60/100 · 谨慎参考
    这是本视频中相对更好的连续片段，适合用来对比前后动作差异。
  ⭐ 00:32-00:38 · 稳定高质量片段 · 75/100 · 置信度 51/100 · 谨慎参考
    这段姿态、支撑和稳定性组合较好，适合截出来给用户看。

  🔎 原始姿态指标（调试参考）
    🟢🟢🟢🟢🟢 身体前倾 100/100 · 置信度 66/100
    🟢🟢🟡⬜⬜ 膝盖弯曲 60/100 · 置信度 51/100
    🟢🟢🟡⬜⬜ 小腿倾斜 54/100 · 置信度 56/100
    🟢🟢🟡⬜⬜ 重心高度旧分 53/100 · 置信度 61/100
    🟢🟢🟢🟡⬜ 动作对称 77/100 · 置信度 52/100

  🔍 关键时刻
  ⚠️ 00:11 · 走刃质量偏弱
    这一帧走刃条件一般，立刃和重心配合还不够充分。
  ⚠️ 00:18 · 左右动作不对称
    这一帧左右两侧关键点差异较大，转弯质量可能不一致。
  ⚠️ 00:25 · 板压支撑不足
    这一帧板压偏弱，弯中稳定性可能受影响。
  ⭐ 00:32 · 相对较好的走刃时刻
    这一帧立刃条件相对较好，可以作为练习时的姿态参考。

  ✅ 优势
    • 前倾姿态不错，上半身姿态积极。
    • 动作连贯性好，姿态保持稳定

  ⚠️ 主要问题
    • 立刃有基础，但刃角保持时间不足，弯中容易提前释放。
    • 膝盖过于直立，腿部缺乏弹性，很难有效吸收地形变化。

  🎯 训练建议
立刃感觉已经有了，现在需要加强的是全程一致性——让每个弯的立刃质量都差不多。

======================================================
