==================================================
  🎬 FallLine - Apple Vision 视频分析工具
  📌 专注滑雪姿态分析
==================================================


✅ 结果已保存至: /Users/mingsen/Project/FallLine/video/bad/v0200fg10000d7nnh5vog65i52ermgog.json
✅ 报告已保存至: /Users/mingsen/Project/FallLine/video/bad/v0200fg10000d7nnh5vog65i52ermgog.md

======================================================
  🎿 滑雪姿态分析报告
======================================================

  视频：v0200fg10000d7nnh5vog65i52ermgog.MP4
  时长：0分18秒 · 分析帧数：74/93

  📈 综合评分：62/100
  🏷 阶段判断：稳定滑行阶段
  📐 评分口径：取可靠片段中表现最好的前 1/3 加权平均
  🧪 评分拆解：原始均分 61.2 · 最佳前1/3 65.0 · 证据封顶后 62.0 · 光流系数 ×1.00
  ⚠️ 持续立刃证据不足：前倾和屈膝不能单独推高综合分，已按初中级表现封顶

  📋 持续立刃证据不足，转弯更接近扫雪/搓雪控制；姿态项看起来有支撑，但还不能评价为高质量滑行。

  🗣 教练观察
  这段不能因为身体前倾或膝盖弯曲看起来还可以就给高分；核心问题是缺少持续刃角和干净刃线，整体仍属于基础滑行质量。

  🎿 滑雪维度评分
    🟡⬜⬜⬜⬜ 走刃质量 47/100 · 有立刃尝试 · 置信度 68/100
    🟢🟢🟢🟡⬜ 板压支撑 76/100 · 支撑扎实 · 置信度 74/100
    🟢🟢🟢🟢🟢 前后支撑 86/100 · 前后支撑积极 · 置信度 70/100
    🟢🟢🟢🟢🟢 重心阶段适配 95/100 · 当前阶段重心适配 · 置信度 40/100 · 谨慎参考
    🟢🟢🟢🟢🟢 腿部弹性 95/100 · 腿部弹性好 · 置信度 84/100
    🟢🟢🟢🟡⬜ 左右一致性 72/100 · 轻微不对称 · 置信度 72/100

  🏂 板身方向（几何诊断）
    板身-行进夹角（2D 几何）25° · 数据来源：混合候选 · 几何置信度 64/100 · 原始诊断，不代表走刃/搓雪
    说明：左右脚踝连线代理板身的几何方向，仅作诊断参考；走刃/搓雪结论以“走刃质量”为准，本段不参与评分。

  🧭 转弯阶段分析
  • 00:00-00:05 · 画面右侧压刃 · 主要阶段：弯中承压 · 弯中刃角保持不足
    建议：把注意力放在弯中持续压刃，不要刚立起来就提前释放。
  • 00:06-00:07 · 画面右侧压刃 · 主要阶段：出弯释放 · 弯中刃角保持不足
    建议：把注意力放在弯中持续压刃，不要刚立起来就提前释放。
  • 00:09-00:11 · 画面左侧压刃 · 主要阶段：入弯 · 弯中刃角保持不足
    建议：把注意力放在弯中持续压刃，不要刚立起来就提前释放。

  🔎 原始姿态指标（调试参考）
    🟢🟢🟢🟢🟢 身体前倾 98/100 · 置信度 65/100
    🟢🟢🟢🟢🟢 膝盖弯曲 95/100 · 置信度 84/100
    🟡⬜⬜⬜⬜ 小腿倾斜 21/100 · 置信度 61/100
    🟢🟢🟡⬜⬜ 重心高度旧分 53/100 · 置信度 64/100
    🟢🟢🟢🟡⬜ 动作对称 72/100 · 置信度 72/100

  🌊 光流运动指标（实验性）
  | 运动一致性: 36 | 方向稳定性: 0* | 速度平滑度: 75 · 帧对 73 |
  | >70 上下身运动一致 | *不参与评分 | <40 动作不稳定 |

  🔍 关键时刻
  ⚠️ 00:00 · 走刃质量偏弱
    这一帧走刃条件一般，立刃和重心配合还不够充分。
  ⚠️ 00:09 · 左右动作不对称
    这一帧左右两侧关键点差异较大，转弯质量可能不一致。

  ✅ 优势
    • 前倾姿态不错，上半身姿态积极。
    • 膝盖弯曲是这段的亮点，说明你已经能主动降低姿态。
    • 动作连贯性好，姿态保持稳定

  ⚠️ 主要问题
    • 雪板横向滑移偏多，说明用刃质量还不够稳定。

  🎯 训练建议
当前最需要转换的是转弯方式。建议在缓坡上一个弯一个弯地练：入弯时主动立刃，而不是先横板再扫雪转弯。

======================================================
