==================================================
  🎬 FallLine - Apple Vision 视频分析工具
  📌 专注滑雪姿态分析
==================================================


✅ 结果已保存至: /Users/mingsen/Project/FallLine/video/good/v0200fg10000d6mln8vog65kajcq52dg.json
✅ 报告已保存至: /Users/mingsen/Project/FallLine/video/good/v0200fg10000d6mln8vog65kajcq52dg.md

======================================================
  🎿 滑雪姿态分析报告
======================================================

  视频：v0200fg10000d6mln8vog65kajcq52dg.MP4
  时长：1分3秒 · 分析帧数：255/316

  ⭐ 综合评分：89/100
  🏷 阶段判断：高质量滑行阶段
  📐 评分口径：取可靠片段中表现最好的前 1/3 加权平均
  🧪 评分拆解：原始均分 72.7 · 最佳前1/3 85.0 · 证据封顶后 85.0 · 光流系数 ×1.05

  📋 姿态、稳定性和立刃质量都较好，动作看起来干净

  🗣 教练观察
  整体姿态控制不错，立刃质量已经稳定较好的水平，动作看起来干净。

  🎿 滑雪维度评分
    🟢🟢🟡⬜⬜ 走刃质量 64/100 · 刻滑雏形 · 置信度 64/100 · 谨慎参考
    🟢🟢🟢🟡⬜ 板压支撑 72/100 · 支撑尚可 · 置信度 71/100
    🟢🟢🟢🟢🟢 前后支撑 85/100 · 前后支撑积极 · 置信度 67/100
    🟢🟢🟢🟡⬜ 重心阶段适配 68/100 · 重心基本适配 · 当前阶段重心偏高 · 置信度 36/100 · 谨慎参考
    🟢🟢🟢🟢🟢 腿部弹性 84/100 · 腿部弹性好 · 置信度 84/100
    🟢🟢🟢🟢🟢 左右一致性 84/100 · 左右一致 · 置信度 69/100

  🏂 板身方向（几何诊断）
    板身-行进夹角（2D 几何）42° · 数据来源：混合候选 · 几何置信度 32/100 · 原始诊断，不代表走刃/搓雪
    说明：左右脚踝连线代理板身的几何方向，仅作诊断参考；走刃/搓雪结论以“走刃质量”为准，本段不参与评分。

  🧭 转弯阶段分析
  • 00:00-00:01 · 画面左侧压刃 · 主要阶段：出弯释放 · 出弯释放不够平顺
    建议：出弯时逐步释放板压，避免突然起身或横向甩尾。
  • 00:03-00:04 · 画面右侧压刃 · 主要阶段：出弯释放 · 阶段衔接基本正常
  • 00:05-00:06 · 画面右侧压刃 · 主要阶段：入弯 · 阶段衔接基本正常

  ✨ 高光时刻
  ⭐ 00:31-00:35 · 稳定高质量片段 · 79/100
    这段姿态、支撑和稳定性组合较好，适合截出来给用户看。
  ⭐ 00:44-00:52 · 稳定高质量片段 · 78/100
    这段姿态、支撑和稳定性组合较好，适合截出来给用户看。
  ⭐ 00:54-00:59 · 稳定高质量片段 · 80/100
    这段姿态、支撑和稳定性组合较好，适合截出来给用户看。

  🔎 原始姿态指标（调试参考）
    🟢🟢🟢🟢🟢 身体前倾 100/100 · 置信度 62/100
    🟢🟢🟢🟢🟢 膝盖弯曲 84/100 · 置信度 84/100
    🟢🟢🟡⬜⬜ 小腿倾斜 58/100 · 置信度 56/100
    🟢🟢🟡⬜⬜ 重心高度旧分 54/100 · 置信度 59/100
    🟢🟢🟢🟢🟢 动作对称 84/100 · 置信度 69/100

  🌊 光流运动指标（实验性）
  | 运动一致性: 85 | 方向稳定性: 0* | 速度平滑度: 100 · 帧对 254 |
  | >70 上下身运动一致 | *不参与评分 | <40 动作不稳定 |

  🔍 关键时刻
  ⚠️ 00:01 · 腿部弹性不足
    这一帧膝盖弯曲角度较小，腿部缺乏弹性吸收地形。
  ⚠️ 00:03 · 板压支撑不足
    这一帧板压偏弱，弯中稳定性可能受影响。
  ⚠️ 00:15 · 走刃质量偏弱
    这一帧走刃质量偏低，姿态条件更接近搓雪转弯。
  ⚠️ 00:27 · 左右动作不对称
    这一帧左右两侧关键点差异较大，转弯质量可能不一致。

  ✅ 优势
    • 左右动作对称性好，发力均衡。
    • 膝盖弯曲是这段的亮点，说明你已经能主动降低姿态。
    • 动作连贯性好，姿态保持稳定

  ⚠️ 主要问题
    • 立刃有基础，但刃角保持时间不足，弯中容易提前释放。

  🎯 训练建议
立刃感觉已经有了，现在需要加强的是全程一致性——让每个弯的立刃质量都差不多。

======================================================
