==================================================
  🎬 FallLine - Apple Vision 视频分析工具
  📌 专注滑雪姿态分析
==================================================


✅ 结果已保存至: /Users/mingsen/Project/FallLine/video/bad/v0300fg10000d664l37og65t6pnbois0.json
✅ 报告已保存至: /Users/mingsen/Project/FallLine/video/bad/v0300fg10000d664l37og65t6pnbois0.md

======================================================
  🎿 滑雪姿态分析报告
======================================================

  视频：v0300fg10000d664l37og65t6pnbois0.MOV
  时长：0分6秒 · 分析帧数：31/31

  📈 综合评分：62/100
  🏷 阶段判断：稳定滑行阶段
  📐 评分口径：取可靠片段中表现最好的前 1/3 加权平均
  🧪 评分拆解：原始均分 58.5 · 最佳前1/3 76.9 · 证据封顶后 62.0 · 光流系数 ×1.00
  ⚠️ 持续立刃证据不足：前倾和屈膝不能单独推高综合分，已按初中级表现封顶
  ⚠️ 板身/运动方向证据不足：单帧姿态不能证明走刃，已保守封顶
  ⚠️ 可靠评分片段不足：约 6.2 秒（28 帧），综合分已保守封顶

  📋 板身线和运动方向的连续证据不足，不能把一两帧像样的姿态直接解释成稳定走刃。

  🗣 教练观察
  这段目前缺少持续板刃/刃线证据；即使个别帧的身体姿态看起来还可以，也不足以评价为高质量走刃。

  🎿 滑雪维度评分
    🟡⬜⬜⬜⬜ 走刃质量 49/100 · 有立刃尝试 · 置信度 76/100
    🟢🟢🟢🟡⬜ 板压支撑 70/100 · 支撑尚可 · 置信度 79/100
    🟢🟢🟢🟢🟢 前后支撑 81/100 · 前后支撑积极 · 置信度 77/100
    🟢🟢🟢🟢🟢 重心阶段适配 95/100 · 当前阶段重心适配 · 置信度 56/100 · 谨慎参考
    🟢🟢🟢🟡⬜ 腿部弹性 78/100 · 弹性尚可 · 置信度 86/100
    🟢🟢🟢🟢🟢 左右一致性 84/100 · 左右一致 · 置信度 78/100

  🏂 板身方向（几何诊断）
    板身-行进夹角（2D 几何）37° · 数据来源：混合候选 · 几何置信度 56/100 · 原始诊断，不代表走刃/搓雪
    说明：左右脚踝连线代理板身的几何方向，仅作诊断参考；走刃/搓雪结论以“走刃质量”为准，本段不参与评分。

  🧭 转弯阶段分析
  • 00:01-00:03 · 画面左侧压刃 · 主要阶段：入弯 · 阶段衔接基本正常

  🔎 原始姿态指标（调试参考）
    🟢🟢🟢🟢🟢 身体前倾 92/100 · 置信度 73/100
    🟢🟢🟢🟡⬜ 膝盖弯曲 78/100 · 置信度 86/100
    🟡⬜⬜⬜⬜ 小腿倾斜 26/100 · 置信度 72/100
    🟢🟢🟡⬜⬜ 重心高度旧分 52/100 · 置信度 71/100
    🟢🟢🟢🟢🟢 动作对称 84/100 · 置信度 78/100

  🌊 光流运动指标（实验性）
  | 运动一致性: 67 | 方向稳定性: 28* | 速度平滑度: 89 · 帧对 30 |
  | >70 上下身运动一致 | *不参与评分 | <40 动作不稳定 |

  🔍 关键时刻
  ⚠️ 00:04 · 走刃质量偏弱
    这一帧走刃质量偏低，姿态条件更接近搓雪转弯。

  ✅ 优势
    • 前倾姿态不错，上半身姿态积极。
    • 动作连贯性好，姿态保持稳定
    • 左右动作对称性好，发力均衡。

  ⚠️ 主要问题
    • 你能把弯转出来，但大部分转向不是靠整条刃画弧完成的。
    • 膝盖弯曲角度一般，有下压空间但还没有完全利用。

  🎯 训练建议
不要太在意低姿态或摸雪，先把转弯方式从扫雪改成用刃。在缓坡上练简单的刻弧弯，先求刃线干净再增加速度。

======================================================
