==================================================
  🎬 FallLine - Apple Vision 视频分析工具
  📌 专注滑雪姿态分析
==================================================


✅ 结果已保存至: /Users/mingsen/Project/FallLine/video/bad/v0d00fg10000csgr6inog65n8mlpg2m0.json
✅ 报告已保存至: /Users/mingsen/Project/FallLine/video/bad/v0d00fg10000csgr6inog65n8mlpg2m0.md

======================================================
  🎿 滑雪姿态分析报告
======================================================

  视频：v0d00fg10000csgr6inog65n8mlpg2m0.MP4
  时长：0分15秒 · 分析帧数：60/76

  💪 综合评分：60/100
  🏷 阶段判断：基础控速阶段
  📐 评分口径：取可靠片段中表现最好的前 1/3 加权平均
  🧪 评分拆解：原始均分 53.9 · 最佳前1/3 59.9 · 证据封顶后 59.9 · 光流系数 ×1.00
  ⚠️ 持续立刃证据不足：前倾和屈膝不能单独推高综合分，已按初中级表现封顶

  📋 持续立刃证据不足，转弯更接近扫雪/搓雪控制；姿态项看起来有支撑，但还不能评价为高质量滑行。

  🗣 教练观察
  这段不能因为身体前倾或膝盖弯曲看起来还可以就给高分；核心问题是缺少持续刃角和干净刃线，整体仍属于基础滑行质量。

  🎿 滑雪维度评分
    🟡⬜⬜⬜⬜ 走刃质量 40/100 · 有立刃尝试 · 置信度 70/100
    🟢🟢🟢🟡⬜ 板压支撑 70/100 · 支撑尚可 · 置信度 76/100
    🟢🟢🟢🟢🟢 前后支撑 85/100 · 前后支撑积极 · 置信度 72/100
    🟢🟢🟢🟢🟢 重心阶段适配 98/100 · 当前阶段重心适配 · 置信度 44/100 · 谨慎参考
    🟢🟢🟢🟡⬜ 腿部弹性 78/100 · 弹性尚可 · 置信度 88/100
    🟢🟢🟢🟡⬜ 左右一致性 77/100 · 轻微不对称 · 置信度 75/100

  🏂 板身方向（几何诊断）
    板身-行进夹角（2D 几何）54° · 数据来源：混合候选 · 几何置信度 69/100 · 原始诊断，不代表走刃/搓雪
    说明：左右脚踝连线代理板身的几何方向，仅作诊断参考；走刃/搓雪结论以“走刃质量”为准，本段不参与评分。

  🧭 转弯阶段分析
  • 00:00-00:01 · 画面左侧压刃 · 主要阶段：入弯 · 入弯建立刃角偏晚
    建议：换刃后更早让身体进入新弯，先建立方向再加压。
  • 00:03-00:04 · 画面右侧压刃 · 主要阶段：弯中承压 · 弯中刃角保持不足
    建议：把注意力放在弯中持续压刃，不要刚立起来就提前释放。
  • 00:05-00:11 · 画面右侧压刃 · 主要阶段：入弯 · 弯中刃角保持不足
    建议：把注意力放在弯中持续压刃，不要刚立起来就提前释放。

  🔎 原始姿态指标（调试参考）
    🟢🟢🟢🟢🟢 身体前倾 97/100 · 置信度 68/100
    🟢🟢🟢🟡⬜ 膝盖弯曲 78/100 · 置信度 88/100
    🟡⬜⬜⬜⬜ 小腿倾斜 13/100 · 置信度 63/100
    🟢🟢🟡⬜⬜ 重心高度旧分 51/100 · 置信度 66/100
    🟢🟢🟢🟡⬜ 动作对称 77/100 · 置信度 75/100

  🌊 光流运动指标（实验性）
  | 运动一致性: 66 | 方向稳定性: 0* | 速度平滑度: 100 · 帧对 59 |
  | >70 上下身运动一致 | *不参与评分 | <40 动作不稳定 |

  🔍 关键时刻
  ⚠️ 00:04 · 走刃质量偏弱
    这一帧走刃质量偏低，姿态条件更接近搓雪转弯。

  ✅ 优势
    • 前倾姿态不错，上半身姿态积极。
    • 动作连贯性好，姿态保持稳定

  ⚠️ 主要问题
    • 板尾扫雪感比较明显，目前更像搓雪弯而不是干净的刻滑弯。
    • 膝盖弯曲角度一般，有下压空间但还没有完全利用。

  🎯 训练建议
当前最需要转换的是转弯方式。建议在缓坡上一个弯一个弯地练：入弯时主动立刃，而不是先横板再扫雪转弯。

======================================================
