==================================================
  🎬 FallLine - Apple Vision 视频分析工具
  📌 专注滑雪姿态分析
==================================================


✅ 结果已保存至: /Users/mingsen/Project/FallLine/video/bad/v1e00fgi0000cv786ffog65rtmm48gmg.json
✅ 报告已保存至: /Users/mingsen/Project/FallLine/video/bad/v1e00fgi0000cv786ffog65rtmm48gmg.md

======================================================
  🎿 滑雪姿态分析报告
======================================================

  视频：v1e00fgi0000cv786ffog65rtmm48gmg.MOV
  时长：0分10秒 · 分析帧数：20/54

  📈 综合评分：62/100
  🏷 阶段判断：稳定滑行阶段
  📐 评分口径：取可靠片段中表现最好的前 1/3 加权平均
  🧪 评分拆解：原始均分 50.8 · 最佳前1/3 68.8 · 证据封顶后 62.0 · 光流系数 ×1.00（走刃证据不足，未加成）
  ⚠️ 持续立刃证据不足：前倾和屈膝不能单独推高综合分，已按初中级表现封顶
  ⚠️ 可靠评分片段偏少：约 10.8 秒（20 帧），综合分仅作谨慎参考

  📋 持续立刃证据不足，转弯更接近扫雪/搓雪控制；姿态项看起来有支撑，但还不能评价为高质量滑行。

  🗣 教练观察
  这段不能因为身体前倾或膝盖弯曲看起来还可以就给高分；核心问题是缺少持续刃角和干净刃线，整体仍属于基础滑行质量。

  🎿 滑雪维度评分
    🟡⬜⬜⬜⬜ 走刃质量 41/100 · 有立刃尝试 · 置信度 70/100
    🟢🟢🟡⬜⬜ 板压支撑 56/100 · 支撑偏弱 · 置信度 75/100
    🟢🟢🟢🟢🟢 前后支撑 84/100 · 前后支撑积极 · 置信度 72/100
    🟢🟢🟢🟢🟢 重心阶段适配 81/100 · 当前阶段重心适配 · 置信度 46/100 · 谨慎参考
    🟡⬜⬜⬜⬜ 腿部弹性 39/100 · 过于直立 · 置信度 82/100
    🟢🟢🟢🟢🟢 左右一致性 87/100 · 左右一致 · 置信度 74/100

  🏂 板身方向（几何诊断）
    板身-行进夹角（2D 几何）44° · 数据来源：混合候选 · 几何置信度 17/100 · 原始诊断，不代表走刃/搓雪
    说明：左右脚踝连线代理板身的几何方向，仅作诊断参考；走刃/搓雪结论以“走刃质量”为准，本段不参与评分。

  🧭 转弯阶段分析
  • 00:04-00:05 · 画面左侧压刃 · 主要阶段：入弯 · 阶段衔接基本正常
  • 00:07-00:10 · 画面右侧压刃 · 主要阶段：入弯 · 阶段衔接基本正常

  🔎 原始姿态指标（调试参考）
    🟢🟢🟢🟢🟢 身体前倾 98/100 · 置信度 68/100
    🟡⬜⬜⬜⬜ 膝盖弯曲 39/100 · 置信度 82/100
    🟡⬜⬜⬜⬜ 小腿倾斜 30/100 · 置信度 64/100
    🟡⬜⬜⬜⬜ 重心高度旧分 48/100 · 置信度 67/100
    🟢🟢🟢🟢🟢 动作对称 87/100 · 置信度 74/100

  🌊 光流运动指标（实验性）
  | 运动一致性: 100 | 方向稳定性: 56* | 速度平滑度: 100 · 帧对 19 |
  | >70 上下身运动一致 | *不参与评分 | <40 动作不稳定 |

  🔍 关键时刻
  ⚠️ 00:04 · 走刃质量偏弱
    这一帧走刃质量偏低，姿态条件更接近搓雪转弯。

  ✅ 优势
    • 身体前倾角度合理，能有效利用重力。
    • 两侧动作一致性不错，基本功均衡。
    • 动作连贯性好，姿态保持稳定

  ⚠️ 主要问题
    • 板尾扫雪感比较明显，目前更像搓雪弯而不是干净的刻滑弯。
    • 膝盖弯曲不足是主要瓶颈，站起来滑的方式会限制控板能力。

  🎯 训练建议
当前最需要转换的是转弯方式。建议在缓坡上一个弯一个弯地练：入弯时主动立刃，而不是先横板再扫雪转弯。

======================================================
