==================================================
  🎬 FallLine - Apple Vision 视频分析工具
  📌 专注滑雪姿态分析
==================================================


✅ 结果已保存至: /Users/mingsen/Project/FallLine/video/bad/v2800fgi0000d4v24r7og65oi0fmka5g.json
✅ 报告已保存至: /Users/mingsen/Project/FallLine/video/bad/v2800fgi0000d4v24r7og65oi0fmka5g.md

======================================================
  🎿 滑雪姿态分析报告
======================================================

  视频：v2800fgi0000d4v24r7og65oi0fmka5g.MP4
  时长：0分12秒 · 分析帧数：46/62

  📈 综合评分：62/100
  🏷 阶段判断：稳定滑行阶段
  📐 评分口径：取可靠片段中表现最好的前 1/3 加权平均
  🧪 评分拆解：原始均分 70.7 · 最佳前1/3 84.1 · 证据封顶后 62.0 · 光流系数 ×1.00
  ⚠️ 板身/运动方向证据不足：单帧姿态不能证明走刃，已保守封顶
  ⚠️ 可靠评分片段偏少：约 9.4 秒（42 帧），综合分仅作谨慎参考

  📋 板身线和运动方向的连续证据不足，不能把一两帧像样的姿态直接解释成稳定走刃。

  🗣 教练观察
  这段目前缺少持续板刃/刃线证据；即使个别帧的身体姿态看起来还可以，也不足以评价为高质量走刃。

  🎿 滑雪维度评分
    🟢🟢🟡⬜⬜ 走刃质量 60/100 · 刻滑雏形 · 置信度 63/100 · 谨慎参考
    🟢🟢🟢🟡⬜ 板压支撑 76/100 · 支撑扎实 · 置信度 70/100
    🟢🟢🟢🟢🟢 前后支撑 87/100 · 前后支撑积极 · 置信度 65/100 · 谨慎参考
    ⬜⬜⬜⬜⬜ 重心阶段适配 暂不评分 · 重心数据不足 · 置信度 34/100
    🟢🟢🟢🟢🟢 腿部弹性 92/100 · 腿部弹性好 · 置信度 86/100
    🟢🟢🟢🟢🟢 左右一致性 85/100 · 左右一致 · 置信度 70/100

  🏂 板身方向（几何诊断）
    板身-行进夹角（2D 几何）59° · 数据来源：混合候选 · 几何置信度 48/100 · 原始诊断，不代表走刃/搓雪
    说明：左右脚踝连线代理板身的几何方向，仅作诊断参考；走刃/搓雪结论以“走刃质量”为准，本段不参与评分。

  🧭 转弯阶段分析
  • 00:00-00:04 · 画面右侧压刃 · 主要阶段：弯中承压 · 弯中刃角保持不足
    建议：把注意力放在弯中持续压刃，不要刚立起来就提前释放。
  • 00:05-00:09 · 画面右侧压刃 · 主要阶段：弯中承压 · 阶段衔接基本正常

  🔎 原始姿态指标（调试参考）
    🟢🟢🟢🟢🟢 身体前倾 100/100 · 置信度 59/100
    🟢🟢🟢🟢🟢 膝盖弯曲 92/100 · 置信度 86/100
    🟡⬜⬜⬜⬜ 小腿倾斜 45/100 · 置信度 54/100
    🟢🟢🟡⬜⬜ 重心高度旧分 55/100 · 置信度 57/100
    🟢🟢🟢🟢🟢 动作对称 85/100 · 置信度 70/100

  🌊 光流运动指标（实验性）
  | 运动一致性: 66 | 方向稳定性: 0* | 速度平滑度: 88 · 帧对 45 |
  | >70 上下身运动一致 | *不参与评分 | <40 动作不稳定 |

  🔍 关键时刻
  ⚠️ 00:05 · 走刃质量偏弱
    这一帧走刃条件一般，立刃和重心配合还不够充分。
  ⭐ 00:08 · 相对较好的走刃时刻
    这一帧立刃条件相对较好，可以作为练习时的姿态参考。

  ✅ 优势
    • 膝盖弯曲是这段的亮点，说明你已经能主动降低姿态。
    • 动作连贯性好，姿态保持稳定
    • 两侧动作一致性不错，基本功均衡。

  ⚠️ 主要问题
    • 立刃有基础，但刃角保持时间不足，弯中容易提前释放。

  🎯 训练建议
刃角幅度有基础了，重点转为保持时间。试着在整个弯中持续加压，不要中途释放。

======================================================
