==================================================
  🎬 FallLine - Apple Vision 视频分析工具
  📌 专注滑雪姿态分析
==================================================


✅ 结果已保存至: /Users/mingsen/Project/FallLine/outputs/calibration_review_20260915/MID_ACC1.json
✅ 报告已保存至: /Users/mingsen/Project/FallLine/outputs/calibration_review_20260915/MID_ACC1.md

======================================================
  🎿 滑雪姿态分析报告
======================================================

  视频：MID_ACC1.MP4
  时长：0分44秒 · 分析帧数：149/223

  💪 综合评分：55/100
  🏷 阶段判断：基础控速阶段
  📐 评分口径：取可靠片段中表现最好的前 1/3 加权平均
  🧪 评分拆解：原始均分 44.7 · 最佳前1/3 52.1 · 证据封顶后 52.1 · 光流系数 ×1.05
  ⚠️ 持续立刃证据不足：前倾和屈膝不能单独推高综合分，已按初中级表现封顶

  📋 持续立刃证据不足，转弯更接近扫雪/搓雪控制；姿态项看起来有支撑，但还不能评价为高质量滑行。

  🗣 教练观察
  这段不能因为身体前倾或膝盖弯曲看起来还可以就给高分；核心问题是缺少持续刃角和干净刃线，整体仍属于基础滑行质量。

  🎿 滑雪维度评分
    🟡⬜⬜⬜⬜ 走刃质量 35/100 · 搓雪为主 · 置信度 54/100 · 谨慎参考
    🟢🟢🟡⬜⬜ 板压支撑 62/100 · 支撑尚可 · 置信度 64/100 · 谨慎参考
    🟢🟢🟢🟢🟢 前后支撑 83/100 · 前后支撑积极 · 置信度 64/100 · 谨慎参考
    ⬜⬜⬜⬜⬜ 重心阶段适配 暂不评分 · 重心数据不足 · 置信度 31/100
    🟡⬜⬜⬜⬜ 腿部弹性 48/100 · 过于直立 · 置信度 70/100
    🟢🟢🟢🟢🟢 左右一致性 92/100 · 左右一致 · 置信度 60/100 · 谨慎参考

  🏂 板身方向（几何诊断）
    板身-行进夹角（2D 几何）44° · 数据来源：混合候选 · 几何置信度 17/100 · 原始诊断，不代表走刃/搓雪
    说明：左右脚踝连线代理板身的几何方向，仅作诊断参考；走刃/搓雪结论以“走刃质量”为准，本段不参与评分。

  🧭 转弯阶段分析
  • 00:00-00:01 · 画面右侧压刃 · 主要阶段：弯中承压 · 弯中刃角保持不足
    建议：把注意力放在弯中持续压刃，不要刚立起来就提前释放。
  • 00:05-00:06 · 画面右侧压刃 · 主要阶段：入弯 · 入弯建立刃角偏晚
    建议：换刃后更早让身体进入新弯，先建立方向再加压。
  • 00:08-00:09 · 画面左侧压刃 · 主要阶段：入弯 · 入弯建立刃角偏晚
    建议：换刃后更早让身体进入新弯，先建立方向再加压。

  🔎 原始姿态指标（调试参考）
    🟢🟢🟢🟢🟢 身体前倾 93/100 · 置信度 59/100
    🟡⬜⬜⬜⬜ 膝盖弯曲 48/100 · 置信度 70/100
    🟡⬜⬜⬜⬜ 小腿倾斜 7/100 · 置信度 43/100
    🟢🟢🟡⬜⬜ 重心高度旧分 55/100 · 置信度 54/100
    🟢🟢🟢🟢🟢 动作对称 92/100 · 置信度 60/100

  🌊 光流运动指标（实验性）
  | 运动一致性: 91 | 方向稳定性: 0* | 速度平滑度: 61 · 帧对 148 |
  | >70 上下身运动一致 | *不参与评分 | <40 动作不稳定 |

  🔍 关键时刻
  ⚠️ 00:01 · 腿部弹性不足
    这一帧膝盖弯曲角度较小，腿部缺乏弹性吸收地形。
  ⚠️ 00:05 · 走刃质量偏弱
    这一帧走刃质量偏低，姿态条件更接近搓雪转弯。
  ⚠️ 00:42 · 板压支撑不足
    这一帧板压偏弱，弯中稳定性可能受影响。

  ✅ 优势
    • 动作连贯性好，姿态保持稳定

  ⚠️ 主要问题
    • 板尾扫雪感比较明显，目前更像搓雪弯而不是干净的刻滑弯。
    • 膝盖弯曲不足是主要瓶颈，站起来滑的方式会限制控板能力。

  🎯 训练建议
不要太在意低姿态或摸雪，先把转弯方式从扫雪改成用刃。在缓坡上练简单的刻弧弯，先求刃线干净再增加速度。

======================================================
