==================================================
  🎬 FallLine - Apple Vision 视频分析工具
  📌 专注滑雪姿态分析
==================================================


✅ 结果已保存至: /Users/mingsen/Project/FallLine/outputs/calibration_review_20260915/MID_ACC4.json
✅ 报告已保存至: /Users/mingsen/Project/FallLine/outputs/calibration_review_20260915/MID_ACC4.md

======================================================
  🎿 滑雪姿态分析报告
======================================================

  视频：MID_ACC4.MP4
  时长：1分46秒 · 分析帧数：452/532

  📈 综合评分：61/100
  🏷 阶段判断：稳定滑行阶段
  📐 评分口径：取可靠片段中表现最好的前 1/3 加权平均
  🧪 评分拆解：原始均分 49.4 · 最佳前1/3 61.1 · 证据封顶后 61.1 · 光流系数 ×1.00
  ⚠️ 持续立刃证据不足：前倾和屈膝不能单独推高综合分，已按初中级表现封顶

  📋 持续立刃证据不足，转弯更接近扫雪/搓雪控制；姿态项看起来有支撑，但还不能评价为高质量滑行。

  🗣 教练观察
  这段不能因为身体前倾或膝盖弯曲看起来还可以就给高分；核心问题是缺少持续刃角和干净刃线，整体仍属于基础滑行质量。

  🎿 滑雪维度评分
    🟡⬜⬜⬜⬜ 走刃质量 39/100 · 搓雪为主 · 置信度 70/100
    🟢🟢🟡⬜⬜ 板压支撑 64/100 · 支撑尚可 · 置信度 74/100
    🟢🟢🟢🟢🟢 前后支撑 82/100 · 前后支撑积极 · 置信度 77/100
    🟢🟢🟢🟢🟢 重心阶段适配 97/100 · 当前阶段重心适配 · 置信度 50/100 · 谨慎参考
    🟢🟢🟡⬜⬜ 腿部弹性 58/100 · 弹性偏弱 · 置信度 72/100
    🟢🟢🟢🟢🟢 左右一致性 89/100 · 左右一致 · 置信度 68/100

  🏂 板身方向（几何诊断）
    板身-行进夹角（2D 几何）60° · 数据来源：混合候选 · 几何置信度 15/100 · 原始诊断，不代表走刃/搓雪
    说明：左右脚踝连线代理板身的几何方向，仅作诊断参考；走刃/搓雪结论以“走刃质量”为准，本段不参与评分。

  🧭 转弯阶段分析
  • 00:02-00:03 · 画面右侧压刃 · 主要阶段：弯中承压 · 阶段衔接基本正常
  • 00:06-00:07 · 画面右侧压刃 · 主要阶段：入弯 · 入弯建立刃角偏晚
    建议：换刃后更早让身体进入新弯，先建立方向再加压。
  • 00:08-00:08 · 画面左侧压刃 · 主要阶段：入弯 · 入弯建立刃角偏晚
    建议：换刃后更早让身体进入新弯，先建立方向再加压。

  🔎 原始姿态指标（调试参考）
    🟢🟢🟢🟢🟢 身体前倾 91/100 · 置信度 74/100
    🟢🟢🟡⬜⬜ 膝盖弯曲 58/100 · 置信度 72/100
    🟡⬜⬜⬜⬜ 小腿倾斜 12/100 · 置信度 67/100
    🟢🟢🟡⬜⬜ 重心高度旧分 54/100 · 置信度 71/100
    🟢🟢🟢🟢🟢 动作对称 89/100 · 置信度 68/100

  🌊 光流运动指标（实验性）
  | 运动一致性: 48 | 方向稳定性: 0* | 速度平滑度: 85 · 帧对 451 |
  | >70 上下身运动一致 | *不参与评分 | <40 动作不稳定 |

  🔍 关键时刻
  ⚠️ 00:12 · 腿部弹性不足
    这一帧膝盖弯曲角度较小，腿部缺乏弹性吸收地形。
  ⚠️ 01:05 · 板压支撑不足
    这一帧板压偏弱，弯中稳定性可能受影响。
  ⚠️ 01:08 · 走刃质量偏弱
    这一帧走刃质量偏低，姿态条件更接近搓雪转弯。
  ⚠️ 01:37 · 左右动作不对称
    这一帧左右两侧关键点差异较大，转弯质量可能不一致。

  ✅ 优势
    • 前倾姿态不错，上半身姿态积极。
    • 动作连贯性好，姿态保持稳定
    • 左右动作对称性好，发力均衡。

  ⚠️ 主要问题
    • 雪板横向滑移偏多，说明用刃质量还不够稳定。
    • 膝盖过于直立，腿部缺乏弹性，很难有效吸收地形变化。

  🎯 训练建议
不要太在意低姿态或摸雪，先把转弯方式从扫雪改成用刃。在缓坡上练简单的刻弧弯，先求刃线干净再增加速度。

======================================================
