==================================================
  🎬 FallLine - Apple Vision 视频分析工具
  📌 专注滑雪姿态分析
==================================================


✅ 结果已保存至: /Users/mingsen/Project/FallLine/outputs/calibration_review_20260915/MID_ACC8.json
✅ 报告已保存至: /Users/mingsen/Project/FallLine/outputs/calibration_review_20260915/MID_ACC8.md

======================================================
  🎿 滑雪姿态分析报告
======================================================

  视频：MID_ACC8.MP4
  时长：0分29秒 · 分析帧数：144/148

  🏆 综合评分：90/100
  🏷 阶段判断：高阶表现阶段
  📐 评分口径：取可靠片段中表现最好的前 1/3 加权平均
  🧪 评分拆解：原始均分 78.2 · 最佳前1/3 90.1 · 证据封顶后 90.1 · 光流系数 ×1.00

  📋 从姿态指标看已经非常优秀，动作控制力强

  🗣 教练观察
  姿态指标表现非常优秀，各维度都在高分区间，动作控制力强。

  🎿 滑雪维度评分
    🟢🟢🟢🟡⬜ 走刃质量 71/100 · 走刃较稳定 · 置信度 73/100
    🟢🟢🟢🟡⬜ 板压支撑 78/100 · 支撑扎实 · 置信度 79/100
    🟢🟢🟢🟢🟢 前后支撑 86/100 · 前后支撑积极 · 置信度 77/100
    🟢🟢🟡⬜⬜ 重心阶段适配 61/100 · 重心适配度一般 · 当前阶段重心偏高 · 置信度 51/100 · 谨慎参考
    🟢🟢🟢🟢🟢 腿部弹性 97/100 · 腿部弹性好 · 置信度 85/100
    🟢🟢🟢🟡⬜ 左右一致性 76/100 · 轻微不对称 · 置信度 75/100

  🏂 板身方向（几何诊断）
    板身-行进夹角（2D 几何）37° · 数据来源：混合候选 · 几何置信度 29/100 · 原始诊断，不代表走刃/搓雪
    说明：左右脚踝连线代理板身的几何方向，仅作诊断参考；走刃/搓雪结论以“走刃质量”为准，本段不参与评分。

  🧭 转弯阶段分析
  • 00:01-00:03 · 画面左侧压刃 · 主要阶段：弯中承压 · 阶段衔接基本正常
  • 00:04-00:05 · 画面右侧压刃 · 主要阶段：弯中承压 · 阶段衔接基本正常
  • 00:05-00:07 · 画面左侧压刃 · 主要阶段：入弯 · 出弯释放不够平顺
    建议：出弯时逐步释放板压，避免突然起身或横向甩尾。

  ✨ 高光时刻
  ⭐ 00:01-00:07 · 稳定高质量片段 · 83/100
    这段姿态、支撑和稳定性组合较好，适合截出来给用户看。
  ⭐ 00:17-00:21 · 稳定高质量片段 · 82/100
    这段姿态、支撑和稳定性组合较好，适合截出来给用户看。
  ⭐ 00:24-00:28 · 稳定高质量片段 · 80/100
    这段姿态、支撑和稳定性组合较好，适合截出来给用户看。

  🔎 原始姿态指标（调试参考）
    🟢🟢🟢🟢🟢 身体前倾 99/100 · 置信度 74/100
    🟢🟢🟢🟢🟢 膝盖弯曲 97/100 · 置信度 85/100
    🟢🟢🟢🟡⬜ 小腿倾斜 65/100 · 置信度 67/100
    🟢🟢🟡⬜⬜ 重心高度旧分 58/100 · 置信度 72/100
    🟢🟢🟢🟡⬜ 动作对称 76/100 · 置信度 75/100

  🌊 光流运动指标（实验性）
  | 运动一致性: 69 | 方向稳定性: 0* | 速度平滑度: 99 · 帧对 143 |
  | >70 上下身运动一致 | *不参与评分 | <40 动作不稳定 |

  🔍 关键时刻
  ⚠️ 00:01 · 走刃质量偏弱
    这一帧走刃质量偏低，姿态条件更接近搓雪转弯。
  ⚠️ 00:27 · 左右动作不对称
    这一帧左右两侧关键点差异较大，转弯质量可能不一致。

  ✅ 优势
    • 前倾姿态不错，上半身姿态积极。
    • 腿部姿态并不差，膝盖弯曲到位，问题更多出在刃角而不是姿态上。
    • 动作连贯性好，姿态保持稳定

  ⚠️ 主要问题
    • 重心高度大体能用，但和转弯阶段的配合还不够精细。

  🎯 训练建议
练习时关注髋部高度是否随阶段变化合理：弯中不要突然起身，换刃时也不要为了低而僵住。

======================================================
