==================================================
  🎬 FallLine - Apple Vision 视频分析工具
  📌 专注滑雪姿态分析
==================================================


✅ 结果已保存至: /Users/mingsen/Project/FallLine/outputs/calibration_review_20260915/MID_ACC6.json
✅ 报告已保存至: /Users/mingsen/Project/FallLine/outputs/calibration_review_20260915/MID_ACC6.md

======================================================
  🎿 滑雪姿态分析报告
======================================================

  视频：MID_ACC6.MP4
  时长：0分59秒 · 分析帧数：283/298

  ⭐ 综合评分：83/100
  🏷 阶段判断：高质量滑行阶段
  📐 评分口径：取可靠片段中表现最好的前 1/3 加权平均
  🧪 评分拆解：原始均分 68.8 · 最佳前1/3 79.5 · 证据封顶后 79.5 · 光流系数 ×1.05

  📋 姿态、稳定性和立刃质量都较好，动作看起来干净

  🗣 教练观察
  整体姿态控制不错，立刃质量已经稳定较好的水平，动作看起来干净。

  🎿 滑雪维度评分
    🟢🟢🟡⬜⬜ 走刃质量 59/100 · 刻滑雏形 · 置信度 73/100
    🟢🟢🟢🟡⬜ 板压支撑 74/100 · 支撑尚可 · 置信度 79/100
    🟢🟢🟢🟢🟢 前后支撑 85/100 · 前后支撑积极 · 置信度 78/100
    🟢🟢🟢🟡⬜ 重心阶段适配 70/100 · 重心基本适配 · 置信度 49/100 · 谨慎参考
    🟢🟢🟢🟢🟢 腿部弹性 86/100 · 腿部弹性好 · 置信度 86/100
    🟢🟢🟢🟢🟢 左右一致性 82/100 · 左右一致 · 置信度 76/100

  🏂 板身方向（几何诊断）
    板身-行进夹角（2D 几何）45° · 数据来源：混合候选 · 几何置信度 51/100 · 原始诊断，不代表走刃/搓雪
    说明：左右脚踝连线代理板身的几何方向，仅作诊断参考；走刃/搓雪结论以“走刃质量”为准，本段不参与评分。

  🧭 转弯阶段分析
  • 00:01-00:04 · 画面右侧压刃 · 主要阶段：弯中承压 · 阶段衔接基本正常
  • 00:04-00:05 · 画面左侧压刃 · 主要阶段：弯中承压 · 弯中刃角保持不足
    建议：把注意力放在弯中持续压刃，不要刚立起来就提前释放。
  • 00:07-00:09 · 画面右侧压刃 · 主要阶段：弯中承压 · 阶段衔接基本正常

  ✨ 高光时刻
  ⭐ 00:01-00:05 · 稳定高质量片段 · 76/100
    这段姿态、支撑和稳定性组合较好，适合截出来给用户看。
  ⭐ 00:32-00:36 · 稳定高质量片段 · 76/100
    这段姿态、支撑和稳定性组合较好，适合截出来给用户看。
  ⭐ 00:38-00:42 · 相对最好的滑行片段 · 74/100
    这是本视频中相对更好的连续片段，适合用来对比前后动作差异。

  🔎 原始姿态指标（调试参考）
    🟢🟢🟢🟢🟢 身体前倾 97/100 · 置信度 75/100
    🟢🟢🟢🟢🟢 膝盖弯曲 86/100 · 置信度 86/100
    🟡⬜⬜⬜⬜ 小腿倾斜 46/100 · 置信度 66/100
    🟢🟢🟡⬜⬜ 重心高度旧分 57/100 · 置信度 71/100
    🟢🟢🟢🟢🟢 动作对称 82/100 · 置信度 76/100

  🌊 光流运动指标（实验性）
  | 运动一致性: 82 | 方向稳定性: 0* | 速度平滑度: 68 · 帧对 282 |
  | >70 上下身运动一致 | *不参与评分 | <40 动作不稳定 |

  🔍 关键时刻
  ⚠️ 00:03 · 左右动作不对称
    这一帧左右两侧关键点差异较大，转弯质量可能不一致。
  ⭐ 00:09 · 相对较好的走刃时刻
    这一帧立刃条件相对较好，可以作为练习时的姿态参考。
  ⚠️ 00:14 · 腿部弹性不足
    这一帧膝盖弯曲角度较小，腿部缺乏弹性吸收地形。
  ⚠️ 00:37 · 走刃质量偏弱
    这一帧走刃质量偏低，姿态条件更接近搓雪转弯。

  ✅ 优势
    • 前倾姿态不错，上半身姿态积极。
    • 腿部姿态并不差，膝盖弯曲到位，问题更多出在刃角而不是姿态上。
    • 动作连贯性好，姿态保持稳定

  ⚠️ 主要问题
    • 刃角幅度尚可，但距离持续稳定的走刃还有一段路。

  🎯 训练建议
立刃感觉已经有了，现在需要加强的是全程一致性——让每个弯的立刃质量都差不多。

======================================================
