==================================================
  🎬 FallLine - Apple Vision 视频分析工具
  📌 专注滑雪姿态分析
==================================================


✅ 结果已保存至: /Users/mingsen/Project/FallLine/outputs/calibration_review_20260915/MID_FP1.json
✅ 报告已保存至: /Users/mingsen/Project/FallLine/outputs/calibration_review_20260915/MID_FP1.md

======================================================
  🎿 滑雪姿态分析报告
======================================================

  视频：MID_FP1.MP4
  时长：0分32秒 · 分析帧数：164/164

  ⭐ 综合评分：77/100
  🏷 阶段判断：高质量滑行阶段
  📐 评分口径：取可靠片段中表现最好的前 1/3 加权平均
  🧪 评分拆解：原始均分 65.8 · 最佳前1/3 76.5 · 证据封顶后 76.5 · 光流系数 ×1.00

  📋 姿态、稳定性和立刃质量都较好，动作看起来干净

  🗣 教练观察
  整体姿态控制不错，立刃质量已经稳定较好的水平，动作看起来干净。

  🎿 滑雪维度评分
    🟢🟢🟡⬜⬜ 走刃质量 58/100 · 刻滑雏形 · 置信度 81/100
    🟢🟢🟢🟡⬜ 板压支撑 69/100 · 支撑尚可 · 置信度 83/100
    🟢🟢🟢🟢🟢 前后支撑 86/100 · 前后支撑积极 · 置信度 81/100
    🟡⬜⬜⬜⬜ 重心阶段适配 41/100 · 重心阶段适配不足 · 当前阶段重心偏高 · 置信度 59/100 · 谨慎参考
    🟢🟢🟢🟡⬜ 腿部弹性 74/100 · 弹性尚可 · 置信度 89/100
    🟢🟢🟢🟢🟢 左右一致性 85/100 · 左右一致 · 置信度 82/100

  🏂 板身方向（几何诊断）
    板身-行进夹角（2D 几何）41° · 数据来源：混合候选 · 几何置信度 38/100 · 原始诊断，不代表走刃/搓雪
    说明：左右脚踝连线代理板身的几何方向，仅作诊断参考；走刃/搓雪结论以“走刃质量”为准，本段不参与评分。

  🧭 转弯阶段分析
  • 00:00-00:01 · 画面右侧压刃 · 主要阶段：弯中承压 · 阶段衔接基本正常
  • 00:02-00:04 · 画面左侧压刃 · 主要阶段：弯中承压 · 弯中刃角保持不足
    建议：把注意力放在弯中持续压刃，不要刚立起来就提前释放。
  • 00:05-00:08 · 画面右侧压刃 · 主要阶段：弯中承压 · 阶段衔接基本正常

  ✨ 高光时刻
  ⭐ 00:11-00:15 · 相对最好的滑行片段 · 74/100
    这是本视频中相对更好的连续片段，适合用来对比前后动作差异。
  ⭐ 00:18-00:22 · 相对最好的滑行片段 · 72/100
    这是本视频中相对更好的连续片段，适合用来对比前后动作差异。
  ⭐ 00:25-00:29 · 相对最好的滑行片段 · 73/100
    这是本视频中相对更好的连续片段，适合用来对比前后动作差异。

  🔎 原始姿态指标（调试参考）
    🟢🟢🟢🟢🟢 身体前倾 99/100 · 置信度 77/100
    🟢🟢🟢🟡⬜ 膝盖弯曲 74/100 · 置信度 89/100
    🟡⬜⬜⬜⬜ 小腿倾斜 47/100 · 置信度 79/100
    🟢🟢🟡⬜⬜ 重心高度旧分 51/100 · 置信度 77/100
    🟢🟢🟢🟢🟢 动作对称 85/100 · 置信度 82/100

  🌊 光流运动指标（实验性）
  | 运动一致性: 66 | 方向稳定性: 0* | 速度平滑度: 100 · 帧对 163 |
  | >70 上下身运动一致 | *不参与评分 | <40 动作不稳定 |

  🔍 关键时刻
  ⭐ 00:27 · 相对较好的走刃时刻
    这一帧立刃条件相对较好，可以作为练习时的姿态参考。
  ⚠️ 00:29 · 腿部弹性不足
    这一帧膝盖弯曲角度较小，腿部缺乏弹性吸收地形。
  ⚠️ 00:32 · 走刃质量偏弱
    这一帧走刃质量偏低，姿态条件更接近搓雪转弯。

  ✅ 优势
    • 前倾姿态不错，上半身姿态积极。
    • 动作连贯性好，姿态保持稳定
    • 左右动作对称性好，发力均衡。

  ⚠️ 主要问题
    • 当前重心位置对这个阶段的动作支持不够，容易让板压建立变慢或弯中支撑散掉。
    • 部分弯能看到立刃动作，但全程一致性不够，好的弯和松的弯交替出现。
    • 膝盖弯曲角度一般，有下压空间但还没有完全利用。

  🎯 训练建议
先不要把目标理解成一味压低重心。更有效的是让重心跟转弯阶段匹配：入弯逐步进入新弯，弯中稳定承压，出弯平顺释放。

======================================================
