==================================================
  🎬 FallLine - Apple Vision 视频分析工具
  📌 专注滑雪姿态分析
==================================================


✅ 结果已保存至: /Users/mingsen/Project/FallLine/outputs/calibration_review_20260915/MID_FP2.json
✅ 报告已保存至: /Users/mingsen/Project/FallLine/outputs/calibration_review_20260915/MID_FP2.md

======================================================
  🎿 滑雪姿态分析报告
======================================================

  视频：MID_FP2.MOV
  时长：0分10秒 · 分析帧数：52/52

  ⭐ 综合评分：82/100
  🏷 阶段判断：高质量滑行阶段
  📐 评分口径：取可靠片段中表现最好的前 1/3 加权平均
  🧪 评分拆解：原始均分 70.5 · 最佳前1/3 87.2 · 证据封顶后 78.0 · 光流系数 ×1.05
  ⚠️ 可靠评分片段偏少：约 10.4 秒（52 帧），综合分仅作谨慎参考

  📋 姿态、稳定性和立刃质量都较好，动作看起来干净

  🗣 教练观察
  整体姿态控制不错，立刃质量已经稳定较好的水平，动作看起来干净。

  🎿 滑雪维度评分
    🟢🟢🟡⬜⬜ 走刃质量 61/100 · 刻滑雏形 · 置信度 64/100 · 谨慎参考
    🟢🟢🟢🟡⬜ 板压支撑 75/100 · 支撑尚可 · 置信度 73/100
    🟢🟢🟢🟢🟢 前后支撑 86/100 · 前后支撑积极 · 置信度 71/100
    🟢🟢🟢🟢🟢 重心阶段适配 82/100 · 当前阶段重心适配 · 置信度 39/100 · 谨慎参考
    🟢🟢🟢🟢🟢 腿部弹性 84/100 · 腿部弹性好 · 置信度 85/100
    🟢🟢🟢🟡⬜ 左右一致性 77/100 · 轻微不对称 · 置信度 70/100

  🏂 板身方向（几何诊断）
    板身-行进夹角（2D 几何）53° · 数据来源：混合候选 · 几何置信度 50/100 · 原始诊断，不代表走刃/搓雪
    说明：左右脚踝连线代理板身的几何方向，仅作诊断参考；走刃/搓雪结论以“走刃质量”为准，本段不参与评分。

  🧭 转弯阶段分析
  • 00:00-00:02 · 画面右侧压刃 · 主要阶段：出弯释放 · 阶段衔接基本正常
  • 00:03-00:04 · 画面左侧压刃 · 主要阶段：弯中承压 · 弯中刃角保持不足
    建议：把注意力放在弯中持续压刃，不要刚立起来就提前释放。
  • 00:05-00:07 · 画面右侧压刃 · 主要阶段：出弯释放 · 阶段衔接基本正常

  ✨ 高光时刻
  ⭐ 00:04-00:08 · 稳定高质量片段 · 78/100
    这段姿态、支撑和稳定性组合较好，适合截出来给用户看。

  🔎 原始姿态指标（调试参考）
    🟢🟢🟢🟢🟢 身体前倾 99/100 · 置信度 68/100
    🟢🟢🟢🟢🟢 膝盖弯曲 84/100 · 置信度 85/100
    🟢🟢🟡⬜⬜ 小腿倾斜 52/100 · 置信度 54/100
    🟢🟢🟡⬜⬜ 重心高度旧分 59/100 · 置信度 61/100
    🟢🟢🟢🟡⬜ 动作对称 77/100 · 置信度 70/100

  🌊 光流运动指标（实验性）
  | 运动一致性: 86 | 方向稳定性: 0* | 速度平滑度: 100 · 帧对 51 |
  | >70 上下身运动一致 | *不参与评分 | <40 动作不稳定 |

  🔍 关键时刻
  ⚠️ 00:00 · 走刃质量偏弱
    这一帧走刃质量偏低，姿态条件更接近搓雪转弯。
  ⚠️ 00:03 · 左右动作不对称
    这一帧左右两侧关键点差异较大，转弯质量可能不一致。
  ⭐ 00:06 · 相对较好的走刃时刻
    这一帧立刃条件相对较好，可以作为练习时的姿态参考。

  ✅ 优势
    • 前倾姿态不错，上半身姿态积极。
    • 膝盖弯曲是这段的亮点，说明你已经能主动降低姿态。
    • 动作连贯性好，姿态保持稳定

  ⚠️ 主要问题
    • 立刃有基础，但刃角保持时间不足，弯中容易提前释放。

  🎯 训练建议
立刃感觉已经有了，现在需要加强的是全程一致性——让每个弯的立刃质量都差不多。

======================================================
