[0/1] Planning build
Building for debugging...
[0/3] Write swift-version--58304C5D6DBC2206.txt
Build of product 'VideoVisionCLI' complete! (0.18s)
==================================================
  🎬 VideoVision - Apple Vision 视频分析工具
  📌 专注滑雪姿态分析
==================================================


✅ 结果已保存至: /Users/mingsen/Project/VideoVision/video/good/v2800fgi0000d6m0mk7og65qamcvgf80.json
✅ 报告已保存至: /Users/mingsen/Project/VideoVision/video/good/v2800fgi0000d6m0mk7og65qamcvgf80.md
✅ 调试覆盖图已保存至: /Users/mingsen/Project/VideoVision/outputs/misjudgment_review_20260506_round2/good_v2800fgi0000d6m0mk7og65qamcvgf80
   帧数: 37 · manifest: /Users/mingsen/Project/VideoVision/outputs/misjudgment_review_20260506_round2/good_v2800fgi0000d6m0mk7og65qamcvgf80/manifest.tsv

======================================================
  🎿 滑雪姿态分析报告
======================================================

  视频：v2800fgi0000d6m0mk7og65qamcvgf80.MP4
  时长：0分36秒 · 分析帧数：30/37

  📈 综合评分：70/100
  🏷 阶段判断：刻滑雏形阶段
  📐 评分口径：取可靠片段中表现最好的前 1/3 加权平均
  ⚠️ 板身/滑行方向夹角偏大：更像横滑或推坡，不能按刻滑高分处理

  📋 板身方向和滑行方向没有对齐，说明转弯主要不是沿板身切雪完成；姿态项看起来有支撑，也不能直接解释为刻滑。

  🗣 教练观察
  这段板身方向和滑行方向夹角偏大，更接近横滑或推坡控制；即使身体姿态有些像样，也不能评价为稳定刻滑。

  🎿 滑雪维度评分
    ⬜⬜⬜⬜⬜ 走刃质量 暂不评分 · 数据置信度不足 · 置信度 21/100
    🟢🟢🟡⬜⬜ 板压支撑 63/100 · 支撑尚可 · 置信度 62/100 · 谨慎参考
    🟢🟢🟢🟡⬜ 前后支撑 68/100 · 前后支撑尚可 · 置信度 70/100
    🟡⬜⬜⬜⬜ 重心阶段适配 43/100 · 重心阶段适配不足 · 当前阶段重心偏高 · 置信度 39/100 · 谨慎参考
    🟢🟢🟢🟢🟢 腿部弹性 84/100 · 腿部弹性好 · 置信度 49/100 · 谨慎参考
    🟢🟢🟢🟢🟢 左右一致性 81/100 · 左右一致 · 置信度 56/100 · 谨慎参考

  🏂 板身方向与横滑
    横滑角暂不评分 · 数据来源：脚踝代理 · 置信度 21/100；当前画面角度不足以稳定判断走刃/横滑。
    说明：当前用左右脚踝连线代理板身，侧面画面更可靠；正面、背面或遮挡时置信度会下降。

  🧭 转弯阶段分析
  • 00:05-00:12 · 画面右侧压刃 · 主要阶段：弯中承压 · 阶段衔接基本正常
  • 00:13-00:29 · 画面左侧压刃 · 主要阶段：弯中承压 · 阶段衔接基本正常

  🔎 原始姿态指标（调试参考）
    🟢🟢🟢🟡⬜ 身体前倾 72/100 · 置信度 65/100
    🟢🟢🟢🟢🟢 膝盖弯曲 84/100 · 置信度 49/100
    🟢🟢🟢🟢🟢 小腿倾斜 85/100 · 置信度 52/100
    🟡⬜⬜⬜⬜ 重心高度旧分 39/100 · 置信度 62/100
    🟢🟢🟢🟢🟢 动作对称 81/100 · 置信度 56/100

  🔍 关键时刻
  ⚠️ 00:21 · 板压支撑不足
    这一帧板压偏弱，弯中稳定性可能受影响。

  ✅ 优势
    • 动作连贯性好，姿态保持稳定

  ⚠️ 主要问题
    • 以当前阶段看，重心高度和转弯阶段不太匹配，弯中承压不够稳定。

  🎯 训练建议
练习时关注髋部高度是否随阶段变化合理：弯中不要突然起身，换刃时也不要为了低而僵住。

======================================================
