Building for debugging...
[0/3] Write swift-version--58304C5D6DBC2206.txt
Build of product 'VideoVisionCLI' complete! (0.13s)
==================================================
  🎬 VideoVision - Apple Vision 视频分析工具
  📌 专注滑雪姿态分析
==================================================


✅ 结果已保存至: /Users/mingsen/Project/VideoVision/video/middle/ccfd9967aa6d3ab5abd04fb8991872c7.json
✅ 报告已保存至: /Users/mingsen/Project/VideoVision/video/middle/ccfd9967aa6d3ab5abd04fb8991872c7.md

======================================================
  🎿 滑雪姿态分析报告
======================================================

  视频：ccfd9967aa6d3ab5abd04fb8991872c7.MOV
  时长：0分10秒 · 分析帧数：11/11

  📈 综合评分：72/100
  🏷 阶段判断：刻滑雏形阶段
  📐 评分口径：取可靠片段中表现最好的前 1/3 加权平均
  ⚠️ 可靠评分片段偏少：11 帧，综合分仅作谨慎参考

  📋 走刃/横滑判断置信度不足，本报告只参考可靠可见帧；低姿态或遮挡片段不做负面判断。

  🗣 教练观察
  这段视频里可能存在低姿态、大立刃或遮挡导致的关键点缺失，系统不应据此判断为搓雪或走刃不足。建议结合视频原片复核。

  🎿 滑雪维度评分
    ⬜⬜⬜⬜⬜ 走刃质量 暂不评分 · 数据置信度不足 · 置信度 25/100
    🟢🟢🟢🟡⬜ 板压支撑 75/100 · 支撑尚可 · 置信度 62/100 · 谨慎参考
    🟢🟢🟢🟢🟢 前后支撑 89/100 · 前后支撑积极 · 置信度 75/100
    🟢🟢🟢🟢🟢 重心阶段适配 99/100 · 当前阶段重心适配 · 置信度 37/100 · 谨慎参考
    🟢🟢🟢🟡⬜ 腿部弹性 75/100 · 弹性尚可 · 置信度 41/100 · 谨慎参考
    🟡⬜⬜⬜⬜ 左右一致性 38/100 · 严重不对称 · 置信度 48/100 · 谨慎参考

  🏂 板身方向与横滑
    横滑角暂不评分 · 数据来源：脚踝代理 · 置信度 25/100；当前画面角度不足以稳定判断走刃/横滑。
    说明：当前用左右脚踝连线代理板身，侧面画面更可靠；正面、背面或遮挡时置信度会下降。

  ✨ 高光时刻
  ⭐ 00:04-00:10 · 稳定高质量片段 · 77/100 · 置信度 62/100 · 谨慎参考
    这段姿态、支撑和稳定性组合较好，适合截出来给用户看。

  🔎 原始姿态指标（调试参考）
    🟢🟢🟢🟢🟢 身体前倾 100/100 · 置信度 73/100
    🟢🟢🟢🟡⬜ 膝盖弯曲 75/100 · 置信度 41/100
    🟢🟢🟢🟡⬜ 小腿倾斜 67/100 · 置信度 56/100
    🟢🟢🟡⬜⬜ 重心高度旧分 63/100 · 置信度 64/100
    🟡⬜⬜⬜⬜ 动作对称 38/100 · 置信度 48/100

  🔍 关键时刻
  ⚠️ 00:00 · 走刃质量偏弱
    这一帧走刃质量偏低，姿态条件更接近搓雪转弯。
  ⚠️ 00:04 · 左右动作不对称
    这一帧左右两侧关键点差异较大，转弯质量可能不一致。

  ✅ 优势
    • 前倾姿态不错，上半身姿态积极。
    • 动作连贯性好，姿态保持稳定

  ⚠️ 主要问题
    • 左右两边动作质量不太一致，可能一侧更会压，另一侧更依赖扫雪。
    • 膝盖弯曲角度一般，有下压空间但还没有完全利用。

  🎯 训练建议
左右动作不一致很常见。试试只练弱势侧转弯，暂时不用管优势侧，先把弱侧的感觉建立起来。

======================================================
