Building for debugging...
[0/3] Write swift-version--58304C5D6DBC2206.txt
Build of product 'VideoVisionCLI' complete! (0.13s)
==================================================
  🎬 VideoVision - Apple Vision 视频分析工具
  📌 专注滑雪姿态分析
==================================================


✅ 结果已保存至: /Users/mingsen/Project/VideoVision/video/bad/v2800fgi0000d4v24r7og65oi0fmka5g.json
✅ 报告已保存至: /Users/mingsen/Project/VideoVision/video/bad/v2800fgi0000d4v24r7og65oi0fmka5g.md

======================================================
  🎿 滑雪姿态分析报告
======================================================

  视频：v2800fgi0000d4v24r7og65oi0fmka5g.MP4
  时长：0分12秒 · 分析帧数：45/62

  📈 综合评分：64/100
  🏷 阶段判断：稳定滑行阶段
  📐 评分口径：取可靠片段中表现最好的前 1/3 加权平均
  🧪 评分拆解：原始均分 75.6 · 最佳前1/3 79.1 · 证据封顶后 62.0 · 光流系数 ×1.03
  ⚠️ 板身/运动方向证据不足：单帧姿态不能证明走刃，已保守封顶
  ⚠️ 可靠评分片段不足：约 6.4 秒（32 帧），综合分已保守封顶

  📋 板身线和运动方向的连续证据不足，不能把一两帧像样的姿态直接解释成稳定走刃。

  🗣 教练观察
  这段目前缺少持续板刃/刃线证据；即使个别帧的身体姿态看起来还可以，也不足以评价为高质量走刃。

  🎿 滑雪维度评分
    ⬜⬜⬜⬜⬜ 走刃质量 暂不评分 · 数据置信度不足 · 置信度 14/100
    🟢🟢🟢🟡⬜ 板压支撑 79/100 · 支撑扎实 · 置信度 53/100 · 谨慎参考
    🟢🟢🟢🟢🟢 前后支撑 88/100 · 前后支撑积极 · 置信度 58/100 · 谨慎参考
    ⬜⬜⬜⬜⬜ 重心阶段适配 暂不评分 · 重心数据不足 · 置信度 28/100
    🟢🟢🟢🟢🟢 腿部弹性 100/100 · 腿部弹性好 · 置信度 45/100 · 谨慎参考
    🟢🟢🟢🟡⬜ 左右一致性 70/100 · 轻微不对称 · 置信度 43/100 · 谨慎参考

  🏂 板身方向与横滑
    横滑角暂不评分 · 数据来源：脚踝代理 · 置信度 14/100；当前画面角度不足以稳定判断走刃/横滑。
    说明：当前用左右脚踝连线代理板身，侧面画面更可靠；正面、背面或遮挡时置信度会下降。

  🧭 转弯阶段分析
  • 00:00-00:01 · 画面右侧压刃 · 主要阶段：弯中承压 · 阶段衔接基本正常

  🔎 原始姿态指标（调试参考）
    🟢🟢🟢🟢🟢 身体前倾 100/100 · 置信度 50/100
    🟢🟢🟢🟢🟢 膝盖弯曲 100/100 · 置信度 45/100
    🟢🟢🟡⬜⬜ 小腿倾斜 60/100 · 置信度 49/100
    🟢🟢🟡⬜⬜ 重心高度旧分 55/100 · 置信度 50/100
    🟢🟢🟢🟡⬜ 动作对称 70/100 · 置信度 43/100

  🌊 光流运动指标（实验性）
  | 运动一致性: 32 | 方向稳定性: 100 | 速度平滑度: 0 · 帧对 44 |
  | >70 上下身运动一致 | >70 方向稳定 | <40 动作不稳定 |

  🔍 关键时刻
  ⚠️ 00:02 · 左右动作不对称
    这一帧左右两侧关键点差异较大，转弯质量可能不一致。

  ✅ 优势
    • 动作连贯性好，姿态保持稳定

  ⚠️ 主要问题
    • 立刃有基础，但刃角保持时间不足，弯中容易提前释放。

  🎯 训练建议
刃角幅度有基础了，重点转为保持时间。试着在整个弯中持续加压，不要中途释放。

======================================================
