Building for debugging...
[0/3] Write swift-version--58304C5D6DBC2206.txt
Build of product 'VideoVisionCLI' complete! (0.17s)
==================================================
  🎬 VideoVision - Apple Vision 视频分析工具
  📌 专注滑雪姿态分析
==================================================


✅ 结果已保存至: /Users/mingsen/Project/VideoVision/video/bad/0b7522e9db823b910ac67727aea726da.json
✅ 报告已保存至: /Users/mingsen/Project/VideoVision/video/bad/0b7522e9db823b910ac67727aea726da.md

======================================================
  🎿 滑雪姿态分析报告
======================================================

  视频：0b7522e9db823b910ac67727aea726da.MP4
  时长：0分48秒 · 分析帧数：153/244

  📈 综合评分：70/100
  🏷 阶段判断：稳定滑行阶段
  📐 评分口径：取可靠片段中表现最好的前 1/3 加权平均
  🧪 评分拆解：原始均分 63.8 · 最佳前1/3 71.3 · 证据封顶后 65.0 · 光流系数 ×1.08
  ⚠️ 持续立刃证据不足：前倾和屈膝不能单独推高综合分，已按初中级表现封顶

  📋 持续立刃证据不足，转弯更接近扫雪/搓雪控制；姿态项看起来有支撑，但还不能评价为高质量滑行。

  🗣 教练观察
  这段不能因为身体前倾或膝盖弯曲看起来还可以就给高分；核心问题是缺少持续刃角和干净刃线，整体仍属于基础滑行质量。

  🎿 滑雪维度评分
    ⬜⬜⬜⬜⬜ 走刃质量 暂不评分 · 数据置信度不足 · 置信度 24/100
    🟢🟢🟢🟡⬜ 板压支撑 65/100 · 支撑尚可 · 置信度 69/100
    🟢🟢🟢🟢🟢 前后支撑 88/100 · 前后支撑积极 · 置信度 73/100
    🟢🟢🟢🟢🟢 重心阶段适配 84/100 · 当前阶段重心适配 · 置信度 45/100 · 谨慎参考
    🟢🟢🟡⬜⬜ 腿部弹性 54/100 · 弹性偏弱 · 置信度 60/100 · 谨慎参考
    🟢🟢🟢🟡⬜ 左右一致性 78/100 · 轻微不对称 · 置信度 59/100 · 谨慎参考

  🏂 板身方向与横滑
    横滑角暂不评分 · 数据来源：脚踝代理 · 置信度 24/100；当前画面角度不足以稳定判断走刃/横滑。
    说明：当前用左右脚踝连线代理板身，侧面画面更可靠；正面、背面或遮挡时置信度会下降。

  🧭 转弯阶段分析
  • 00:14-00:18 · 画面左侧压刃 · 主要阶段：弯中承压 · 弯中刃角保持不足
    建议：把注意力放在弯中持续压刃，不要刚立起来就提前释放。
  • 00:26-00:33 · 画面右侧压刃 · 主要阶段：弯中承压 · 阶段衔接基本正常
  • 00:40-00:45 · 画面左侧压刃 · 主要阶段：入弯 · 入弯建立刃角偏晚
    建议：换刃后更早让身体进入新弯，先建立方向再加压。

  🔎 原始姿态指标（调试参考）
    🟢🟢🟢🟢🟢 身体前倾 100/100 · 置信度 68/100
    🟢🟢🟡⬜⬜ 膝盖弯曲 54/100 · 置信度 60/100
    🟡⬜⬜⬜⬜ 小腿倾斜 40/100 · 置信度 66/100
    🟢🟢🟡⬜⬜ 重心高度旧分 53/100 · 置信度 67/100
    🟢🟢🟢🟡⬜ 动作对称 78/100 · 置信度 59/100

  🌊 光流运动指标（实验性）
  | 运动一致性: 78 | 方向稳定性: 100 | 速度平滑度: 0 · 帧对 152 |
  | >70 上下身运动一致 | >70 方向稳定 | <40 动作不稳定 |

  🔍 关键时刻
  ⚠️ 00:14 · 走刃质量偏弱
    这一帧走刃条件一般，立刃和重心配合还不够充分。

  ✅ 优势
    • 身体前倾角度合理，能有效利用重力。
    • 动作连贯性好，姿态保持稳定

  ⚠️ 主要问题
    • 雪板横向滑移偏多，说明用刃质量还不够稳定。
    • 膝盖弯曲不足是主要瓶颈，站起来滑的方式会限制控板能力。

  🎯 训练建议
刃角幅度有基础了，重点转为保持时间。试着在整个弯中持续加压，不要中途释放。

======================================================
