Building for debugging...
[0/3] Write swift-version--58304C5D6DBC2206.txt
Build of product 'VideoVisionCLI' complete! (0.17s)
==================================================
  🎬 VideoVision - Apple Vision 视频分析工具
  📌 专注滑雪姿态分析
==================================================


✅ 结果已保存至: /Users/mingsen/Project/VideoVision/video/bad/v0200fg10000d7nnh5vog65i52ermgog.json
✅ 报告已保存至: /Users/mingsen/Project/VideoVision/video/bad/v0200fg10000d7nnh5vog65i52ermgog.md

======================================================
  🎿 滑雪姿态分析报告
======================================================

  视频：v0200fg10000d7nnh5vog65i52ermgog.MP4
  时长：0分18秒 · 分析帧数：69/93

  💪 综合评分：55/100
  🏷 阶段判断：基础控速阶段
  📐 评分口径：取可靠片段中表现最好的前 1/3 加权平均
  🧪 评分拆解：原始均分 60.9 · 最佳前1/3 64.4 · 证据封顶后 58.0 · 光流系数 ×0.95
  ⚠️ 持续立刃证据不足：前倾和屈膝不能单独推高综合分，已按初中级表现封顶

  📋 持续立刃证据不足，转弯更接近扫雪/搓雪控制；姿态项看起来有支撑，但还不能评价为高质量滑行。

  🗣 教练观察
  这段不能因为身体前倾或膝盖弯曲看起来还可以就给高分；核心问题是缺少持续刃角和干净刃线，整体仍属于基础滑行质量。

  🎿 滑雪维度评分
    🟡⬜⬜⬜⬜ 走刃质量 46/100 · 有立刃尝试 · 置信度 44/100 · 谨慎参考
    🟢🟢🟢🟡⬜ 板压支撑 67/100 · 支撑尚可 · 置信度 67/100
    🟢🟢🟢🟢🟢 前后支撑 86/100 · 前后支撑积极 · 置信度 72/100
    🟢🟢🟢🟢🟢 重心阶段适配 100/100 · 当前阶段重心适配 · 置信度 43/100 · 谨慎参考
    🟢🟢🟢🟡⬜ 腿部弹性 65/100 · 弹性尚可 · 置信度 56/100 · 谨慎参考
    🟢🟢🟡⬜⬜ 左右一致性 57/100 · 明显不对称 · 置信度 60/100 · 谨慎参考

  🏂 板身方向与横滑
    平均横滑角 14° · 走刃置信 68/100 · 沿板身移动明显 · 数据来源：脚踝代理 · 置信度 44/100
    说明：当前用左右脚踝连线代理板身，侧面画面更可靠；正面、背面或遮挡时置信度会下降。

  🧭 转弯阶段分析
  • 00:00-00:05 · 画面右侧压刃 · 主要阶段：弯中承压 · 弯中刃角保持不足
    建议：把注意力放在弯中持续压刃，不要刚立起来就提前释放。

  🔎 原始姿态指标（调试参考）
    🟢🟢🟢🟢🟢 身体前倾 97/100 · 置信度 67/100
    🟢🟢🟢🟡⬜ 膝盖弯曲 65/100 · 置信度 56/100
    🟡⬜⬜⬜⬜ 小腿倾斜 31/100 · 置信度 63/100
    🟢🟢🟡⬜⬜ 重心高度旧分 51/100 · 置信度 67/100
    🟢🟢🟡⬜⬜ 动作对称 57/100 · 置信度 60/100

  🌊 光流运动指标（实验性）
  | 运动一致性: 33 | 方向稳定性: 57 | 速度平滑度: 0 · 帧对 68 |
  | >70 上下身运动一致 | >70 方向稳定 | <40 动作不稳定 |

  🔍 关键时刻
  ⚠️ 00:00 · 走刃质量偏弱
    这一帧走刃质量偏低，姿态条件更接近搓雪转弯。
  ⚠️ 00:05 · 左右动作不对称
    这一帧左右两侧关键点差异较大，转弯质量可能不一致。

  ✅ 优势
    • 动作连贯性好，姿态保持稳定
    • 前倾姿态不错，上半身姿态积极。

  ⚠️ 主要问题
    • 雪板横向滑移偏多，说明用刃质量还不够稳定。
    • 左右有一定不对称，但不算严重，注意强化弱势侧即可。
    • 膝盖弯曲角度一般，有下压空间但还没有完全利用。

  🎯 训练建议
当前最需要转换的是转弯方式。建议在缓坡上一个弯一个弯地练：入弯时主动立刃，而不是先横板再扫雪转弯。

======================================================
