Building for debugging...
[0/3] Write swift-version--58304C5D6DBC2206.txt
Build of product 'VideoVisionCLI' complete! (0.14s)
==================================================
  🎬 VideoVision - Apple Vision 视频分析工具
  📌 专注滑雪姿态分析
==================================================


✅ 结果已保存至: /Users/mingsen/Project/VideoVision/video/bad/v0d00fg10000ctm0ufvog65rqb97g2p0.json
✅ 报告已保存至: /Users/mingsen/Project/VideoVision/video/bad/v0d00fg10000ctm0ufvog65rqb97g2p0.md

======================================================
  🎿 滑雪姿态分析报告
======================================================

  视频：v0d00fg10000ctm0ufvog65rqb97g2p0.MP4
  时长：0分25秒 · 分析帧数：112/130

  💪 综合评分：55/100
  🏷 阶段判断：基础控速阶段
  📐 评分口径：取可靠片段中表现最好的前 1/3 加权平均
  🧪 评分拆解：原始均分 67.0 · 最佳前1/3 74.2 · 证据封顶后 58.0 · 光流系数 ×0.95
  ⚠️ 持续立刃证据不足：前倾和屈膝不能单独推高综合分，已按初中级表现封顶

  📋 持续立刃证据不足，转弯更接近扫雪/搓雪控制；姿态项看起来有支撑，但还不能评价为高质量滑行。

  🗣 教练观察
  这段不能因为身体前倾或膝盖弯曲看起来还可以就给高分；核心问题是缺少持续刃角和干净刃线，整体仍属于基础滑行质量。

  🎿 滑雪维度评分
    ⬜⬜⬜⬜⬜ 走刃质量 暂不评分 · 数据置信度不足 · 置信度 5/100
    🟢🟢🟢🟡⬜ 板压支撑 71/100 · 支撑尚可 · 置信度 70/100
    🟢🟢🟢🟢🟢 前后支撑 86/100 · 前后支撑积极 · 置信度 73/100
    🟢🟢🟢🟢🟢 重心阶段适配 96/100 · 当前阶段重心适配 · 置信度 46/100 · 谨慎参考
    🟢🟢🟢🟢🟢 腿部弹性 82/100 · 腿部弹性好 · 置信度 63/100 · 谨慎参考
    🟢🟢🟢🟡⬜ 左右一致性 77/100 · 轻微不对称 · 置信度 61/100 · 谨慎参考

  🏂 板身方向与横滑
    横滑角暂不评分 · 数据来源：脚踝代理 · 置信度 5/100；当前画面角度不足以稳定判断走刃/横滑。
    说明：当前用左右脚踝连线代理板身，侧面画面更可靠；正面、背面或遮挡时置信度会下降。

  🧭 转弯阶段分析
  • 00:00-00:02 · 画面右侧压刃 · 主要阶段：弯中承压 · 弯中刃角保持不足
    建议：把注意力放在弯中持续压刃，不要刚立起来就提前释放。
  • 00:02-00:11 · 画面左侧压刃 · 主要阶段：弯中承压 · 阶段衔接基本正常
  • 00:17-00:20 · 画面右侧压刃 · 主要阶段：弯中承压 · 弯中刃角保持不足
    建议：把注意力放在弯中持续压刃，不要刚立起来就提前释放。

  🔎 原始姿态指标（调试参考）
    🟢🟢🟢🟢🟢 身体前倾 98/100 · 置信度 68/100
    🟢🟢🟢🟢🟢 膝盖弯曲 82/100 · 置信度 63/100
    🟡⬜⬜⬜⬜ 小腿倾斜 27/100 · 置信度 68/100
    🟡⬜⬜⬜⬜ 重心高度旧分 49/100 · 置信度 68/100
    🟢🟢🟢🟡⬜ 动作对称 77/100 · 置信度 61/100

  🌊 光流运动指标（实验性）
  | 运动一致性: 52 | 方向稳定性: 65 | 速度平滑度: 0 · 帧对 111 |
  | >70 上下身运动一致 | >70 方向稳定 | <40 动作不稳定 |

  🔍 关键时刻
  ⚠️ 00:17 · 腿部弹性不足
    这一帧膝盖弯曲角度较小，腿部缺乏弹性吸收地形。
  ⚠️ 00:20 · 走刃质量偏弱
    这一帧走刃质量偏低，姿态条件更接近搓雪转弯。

  ✅ 优势
    • 前倾姿态不错，上半身姿态积极。
    • 动作连贯性好，姿态保持稳定

  ⚠️ 主要问题
    • 板尾扫雪感比较明显，目前更像搓雪弯而不是干净的刻滑弯。

  🎯 训练建议
先从搓雪过渡到走刃开始。在缓坡上反复练习横穿走刃（traversing），专注用板刃切雪而不是推雪。目标是留下细线而不是大片雪雾。

======================================================
