Building for debugging...
[0/3] Write swift-version--58304C5D6DBC2206.txt
Build of product 'VideoVisionCLI' complete! (0.13s)
==================================================
  🎬 VideoVision - Apple Vision 视频分析工具
  📌 专注滑雪姿态分析
==================================================


✅ 结果已保存至: /Users/mingsen/Project/VideoVision/video/good/0946ed384e732c357a3d55fac77426c0.json
✅ 报告已保存至: /Users/mingsen/Project/VideoVision/video/good/0946ed384e732c357a3d55fac77426c0.md

======================================================
  🎿 滑雪姿态分析报告
======================================================

  视频：0946ed384e732c357a3d55fac77426c0.MP4
  时长：0分42秒 · 分析帧数：156/211

  📈 综合评分：73/100
  🏷 阶段判断：稳定滑行阶段
  📐 评分口径：取可靠片段中表现最好的前 1/3 加权平均
  🧪 评分拆解：原始均分 62.8 · 最佳前1/3 70.6 · 证据封顶后 70.6 · 光流系数 ×1.03

  📋 能稳定滑下来，但转弯质量主要依赖搓雪而不是走刃

  🗣 教练观察
  基础姿态基础不错，前倾和膝盖都有一定支撑，但弯中缺少真正的刃角支撑，所以视觉上动作偏稳但不够干脆。

  🎿 滑雪维度评分
    🟢🟢🟡⬜⬜ 走刃质量 61/100 · 刻滑雏形 · 置信度 45/100 · 谨慎参考
    🟢🟢🟡⬜⬜ 板压支撑 62/100 · 支撑尚可 · 置信度 74/100
    🟢🟢🟢🟢🟢 前后支撑 90/100 · 前后支撑积极 · 置信度 80/100
    🟢🟢🟢🟢🟢 重心阶段适配 98/100 · 当前阶段重心适配 · 置信度 50/100 · 谨慎参考
    🟡⬜⬜⬜⬜ 腿部弹性 27/100 · 过于直立 · 置信度 63/100 · 谨慎参考
    🟢🟢🟢🟡⬜ 左右一致性 74/100 · 轻微不对称 · 置信度 62/100 · 谨慎参考

  🏂 板身方向与横滑
    平均横滑角 17° · 走刃置信 62/100 · 有走刃倾向 · 数据来源：脚踝代理 · 置信度 45/100
    说明：当前用左右脚踝连线代理板身，侧面画面更可靠；正面、背面或遮挡时置信度会下降。

  🧭 转弯阶段分析
  • 00:03-00:24 · 画面右侧压刃 · 主要阶段：弯中承压 · 阶段衔接基本正常

  ✨ 高光时刻
  ⭐ 00:17-00:24 · 相对最好的滑行片段 · 75/100
    这是本视频中相对更好的连续片段，适合用来对比前后动作差异。

  🔎 原始姿态指标（调试参考）
    🟢🟢🟢🟢🟢 身体前倾 98/100 · 置信度 78/100
    🟡⬜⬜⬜⬜ 膝盖弯曲 27/100 · 置信度 63/100
    🟢🟢🟡⬜⬜ 小腿倾斜 63/100 · 置信度 65/100
    🟢🟢🟡⬜⬜ 重心高度旧分 65/100 · 置信度 73/100
    🟢🟢🟢🟡⬜ 动作对称 74/100 · 置信度 62/100

  🌊 光流运动指标（实验性）
  | 运动一致性: 22 | 方向稳定性: 100 | 速度平滑度: 0 · 帧对 155 |
  | >70 上下身运动一致 | >70 方向稳定 | <40 动作不稳定 |

  🔍 关键时刻
  ⚠️ 00:00 · 走刃质量偏弱
    这一帧走刃质量偏低，姿态条件更接近搓雪转弯。
  ⚠️ 00:03 · 左右动作不对称
    这一帧左右两侧关键点差异较大，转弯质量可能不一致。
  ⭐ 00:17 · 相对较好的走刃时刻
    这一帧立刃条件相对较好，可以作为练习时的姿态参考。

  ✅ 优势
    • 动作连贯性好，姿态保持稳定
    • 身体前倾角度合理，能有效利用重力。

  ⚠️ 主要问题
    • 膝盖弯曲不足是主要瓶颈，站起来滑的方式会限制控板能力。
    • 立刃有基础，但刃角保持时间不足，弯中容易提前释放。

  🎯 训练建议
膝盖弯曲角度需要大幅改善。在滑行中主动屈膝屈髋，保持小腿前侧贴住雪鞋鞋舌。

======================================================
