Building for debugging...
[0/3] Write swift-version--58304C5D6DBC2206.txt
Build of product 'VideoVisionCLI' complete! (0.12s)
==================================================
  🎬 VideoVision - Apple Vision 视频分析工具
  📌 专注滑雪姿态分析
==================================================


✅ 结果已保存至: /Users/mingsen/Project/VideoVision/video/good/v2800fgi0000d6m0mk7og65qamcvgf80.json
✅ 报告已保存至: /Users/mingsen/Project/VideoVision/video/good/v2800fgi0000d6m0mk7og65qamcvgf80.md

======================================================
  🎿 滑雪姿态分析报告
======================================================

  视频：v2800fgi0000d6m0mk7og65qamcvgf80.MP4
  时长：0分36秒 · 分析帧数：146/184

  📈 综合评分：78/100
  🏷 阶段判断：刻滑雏形阶段
  📐 评分口径：取可靠片段中表现最好的前 1/3 加权平均
  🧪 评分拆解：原始均分 71.4 · 最佳前1/3 78.4 · 证据封顶后 78.4 · 光流系数 ×1.00

  📋 走刃/横滑判断置信度不足，本报告只参考可靠可见帧；低姿态或遮挡片段不做负面判断。

  🗣 教练观察
  这段视频里可能存在低姿态、大立刃或遮挡导致的关键点缺失，系统不应据此判断为搓雪或走刃不足。建议结合视频原片复核。

  🎿 滑雪维度评分
    ⬜⬜⬜⬜⬜ 走刃质量 暂不评分 · 数据置信度不足 · 置信度 21/100
    🟢🟢🟡⬜⬜ 板压支撑 64/100 · 支撑尚可 · 置信度 62/100 · 谨慎参考
    🟢🟢🟢🟡⬜ 前后支撑 70/100 · 前后支撑尚可 · 置信度 69/100
    🟡⬜⬜⬜⬜ 重心阶段适配 42/100 · 重心阶段适配不足 · 当前阶段重心偏高 · 置信度 39/100 · 谨慎参考
    🟢🟢🟢🟢🟢 腿部弹性 83/100 · 腿部弹性好 · 置信度 48/100 · 谨慎参考
    🟢🟢🟢🟢🟢 左右一致性 80/100 · 左右一致 · 置信度 56/100 · 谨慎参考

  🏂 板身方向与横滑
    横滑角暂不评分 · 数据来源：脚踝代理 · 置信度 21/100；当前画面角度不足以稳定判断走刃/横滑。
    说明：当前用左右脚踝连线代理板身，侧面画面更可靠；正面、背面或遮挡时置信度会下降。

  🧭 转弯阶段分析
  • 00:04-00:12 · 画面右侧压刃 · 主要阶段：弯中承压 · 阶段衔接基本正常
  • 00:12-00:28 · 画面左侧压刃 · 主要阶段：弯中承压 · 阶段衔接基本正常

  ✨ 高光时刻
  ⭐ 00:12-00:20 · 稳定高质量片段 · 79/100
    这段姿态、支撑和稳定性组合较好，适合截出来给用户看。

  🔎 原始姿态指标（调试参考）
    🟢🟢🟢🟡⬜ 身体前倾 74/100 · 置信度 65/100
    🟢🟢🟢🟢🟢 膝盖弯曲 83/100 · 置信度 48/100
    🟢🟢🟢🟢🟢 小腿倾斜 84/100 · 置信度 52/100
    🟡⬜⬜⬜⬜ 重心高度旧分 40/100 · 置信度 61/100
    🟢🟢🟢🟢🟢 动作对称 80/100 · 置信度 56/100

  🌊 光流运动指标（实验性）
  | 运动一致性: 94 | 方向稳定性: 100 | 速度平滑度: 0 · 帧对 145 |
  | >70 上下身运动一致 | >70 方向稳定 | <40 动作不稳定 |

  🔍 关键时刻
  ⚠️ 00:20 · 板压支撑不足
    这一帧板压偏弱，弯中稳定性可能受影响。

  ✅ 优势
    • 动作连贯性好，姿态保持稳定

  ⚠️ 主要问题
    • 以当前阶段看，重心高度和转弯阶段不太匹配，弯中承压不够稳定。

  🎯 训练建议
练习时关注髋部高度是否随阶段变化合理：弯中不要突然起身，换刃时也不要为了低而僵住。

======================================================
