Building for debugging...
[0/3] Write swift-version--58304C5D6DBC2206.txt
Build of product 'VideoVisionCLI' complete! (0.12s)
==================================================
  🎬 VideoVision - Apple Vision 视频分析工具
  📌 专注滑雪姿态分析
==================================================


✅ 结果已保存至: /Users/mingsen/Project/VideoVision/video/good/v1e00fgi0000d2bufenog65temc6sh70.json
✅ 报告已保存至: /Users/mingsen/Project/VideoVision/video/good/v1e00fgi0000d2bufenog65temc6sh70.md

======================================================
  🎿 滑雪姿态分析报告
======================================================

  视频：v1e00fgi0000d2bufenog65temc6sh70.MP4
  时长：0分17秒 · 分析帧数：69/89

  📈 综合评分：72/100
  🏷 阶段判断：稳定滑行阶段
  📐 评分口径：取可靠片段中表现最好的前 1/3 加权平均
  🧪 评分拆解：原始均分 62.5 · 最佳前1/3 71.3 · 证据封顶后 70.0 · 光流系数 ×1.03
  ⚠️ 板身/滑行方向夹角偏大：更像横滑或推坡，不能按刻滑高分处理

  📋 板身方向和滑行方向没有对齐，说明转弯主要不是沿板身切雪完成；姿态项看起来有支撑，也不能直接解释为刻滑。

  🗣 教练观察
  这段板身方向和滑行方向夹角偏大，更接近横滑或推坡控制；即使身体姿态有些像样，也不能评价为稳定刻滑。

  🎿 滑雪维度评分
    🟢🟢🟡⬜⬜ 走刃质量 58/100 · 刻滑雏形 · 置信度 42/100 · 谨慎参考
    🟢🟢🟡⬜⬜ 板压支撑 62/100 · 支撑尚可 · 置信度 72/100
    🟢🟢🟢🟢🟢 前后支撑 86/100 · 前后支撑积极 · 置信度 77/100
    🟢🟢🟢🟢🟢 重心阶段适配 88/100 · 当前阶段重心适配 · 置信度 52/100 · 谨慎参考
    🟡⬜⬜⬜⬜ 腿部弹性 47/100 · 过于直立 · 置信度 61/100 · 谨慎参考
    🟢🟢🟡⬜⬜ 左右一致性 56/100 · 明显不对称 · 置信度 68/100

  🏂 板身方向与横滑
    平均横滑角 37° · 走刃置信 30/100 · 横滑偏多 · 数据来源：脚踝代理 · 置信度 42/100
    说明：当前用左右脚踝连线代理板身，侧面画面更可靠；正面、背面或遮挡时置信度会下降。

  🧭 转弯阶段分析
  • 00:00-00:01 · 画面左侧压刃 · 主要阶段：弯中承压 · 阶段衔接基本正常
  • 00:01-00:06 · 画面右侧压刃 · 主要阶段：弯中承压 · 弯中刃角保持不足
    建议：把注意力放在弯中持续压刃，不要刚立起来就提前释放。
  • 00:06-00:10 · 画面左侧压刃 · 主要阶段：弯中承压 · 阶段衔接基本正常

  🔎 原始姿态指标（调试参考）
    🟢🟢🟢🟢🟢 身体前倾 96/100 · 置信度 73/100
    🟡⬜⬜⬜⬜ 膝盖弯曲 47/100 · 置信度 61/100
    🟢🟢🟡⬜⬜ 小腿倾斜 60/100 · 置信度 65/100
    🟢🟢🟡⬜⬜ 重心高度旧分 54/100 · 置信度 72/100
    🟢🟢🟡⬜⬜ 动作对称 56/100 · 置信度 68/100

  🌊 光流运动指标（实验性）
  | 运动一致性: 48 | 方向稳定性: 80 | 速度平滑度: 0 · 帧对 68 |
  | >70 上下身运动一致 | >70 方向稳定 | <40 动作不稳定 |

  🔍 关键时刻
  ⭐ 00:00 · 相对较好的走刃时刻
    这一帧立刃条件相对较好，可以作为练习时的姿态参考。
  ⚠️ 00:01 · 腿部弹性不足
    这一帧膝盖弯曲角度较小，腿部缺乏弹性吸收地形。
  ⚠️ 00:06 · 左右动作不对称
    这一帧左右两侧关键点差异较大，转弯质量可能不一致。
  ⚠️ 00:10 · 走刃质量偏弱
    这一帧走刃条件一般，立刃和重心配合还不够充分。

  ✅ 优势
    • 动作连贯性好，姿态保持稳定
    • 前倾姿态不错，上半身姿态积极。

  ⚠️ 主要问题
    • 膝盖过于直立，腿部缺乏弹性，很难有效吸收地形变化。
    • 左右有一定不对称，但不算严重，注意强化弱势侧即可。
    • 部分弯能看到立刃动作，但全程一致性不够，好的弯和松的弯交替出现。

  🎯 训练建议
目前站得太直了，这会让你失去对板压的控制。试试蹲低一些滑，让膝盖始终处于弹性区间。

======================================================
