Building for debugging...
[0/3] Write swift-version--58304C5D6DBC2206.txt
Build of product 'VideoVisionCLI' complete! (0.13s)
==================================================
  🎬 VideoVision - Apple Vision 视频分析工具
  📌 专注滑雪姿态分析
==================================================


✅ 结果已保存至: /Users/mingsen/Project/VideoVision/video/middle/v0200fg10000d318sovog65g16lolm8g.json
✅ 报告已保存至: /Users/mingsen/Project/VideoVision/video/middle/v0200fg10000d318sovog65g16lolm8g.md

======================================================
  🎿 滑雪姿态分析报告
======================================================

  视频：v0200fg10000d318sovog65g16lolm8g.MP4
  时长：0分24秒 · 分析帧数：52/121

  💪 综合评分：55/100
  🏷 阶段判断：基础控速阶段
  📐 评分口径：取可靠片段中表现最好的前 1/3 加权平均
  🧪 评分拆解：原始均分 55.4 · 最佳前1/3 63.1 · 证据封顶后 58.0 · 光流系数 ×0.95
  ⚠️ 持续立刃证据不足：前倾和屈膝不能单独推高综合分，已按初中级表现封顶

  📋 持续立刃证据不足，转弯更接近扫雪/搓雪控制；姿态项看起来有支撑，但还不能评价为高质量滑行。

  🗣 教练观察
  这段不能因为身体前倾或膝盖弯曲看起来还可以就给高分；核心问题是缺少持续刃角和干净刃线，整体仍属于基础滑行质量。

  🎿 滑雪维度评分
    🟡⬜⬜⬜⬜ 走刃质量 46/100 · 有立刃尝试 · 置信度 43/100 · 谨慎参考
    🟢🟢🟡⬜⬜ 板压支撑 57/100 · 支撑偏弱 · 置信度 62/100 · 谨慎参考
    🟢🟢🟢🟢🟢 前后支撑 85/100 · 前后支撑积极 · 置信度 69/100
    🟢🟢🟢🟢🟢 重心阶段适配 100/100 · 当前阶段重心适配 · 置信度 37/100 · 谨慎参考
    🟡⬜⬜⬜⬜ 腿部弹性 31/100 · 过于直立 · 置信度 49/100 · 谨慎参考
    🟢🟢🟢🟡⬜ 左右一致性 73/100 · 轻微不对称 · 置信度 59/100 · 谨慎参考

  🏂 板身方向与横滑
    平均横滑角 73° · 走刃置信 0/100 · 以横滑为主 · 数据来源：脚踝代理 · 置信度 43/100
    说明：当前用左右脚踝连线代理板身，侧面画面更可靠；正面、背面或遮挡时置信度会下降。

  🧭 转弯阶段分析
  • 00:00-00:01 · 画面左侧压刃 · 主要阶段：弯中承压 · 弯中刃角保持不足
    建议：把注意力放在弯中持续压刃，不要刚立起来就提前释放。
  • 00:14-00:18 · 画面右侧压刃 · 主要阶段：弯中承压 · 弯中刃角保持不足
    建议：把注意力放在弯中持续压刃，不要刚立起来就提前释放。

  🔎 原始姿态指标（调试参考）
    🟢🟢🟢🟢🟢 身体前倾 95/100 · 置信度 64/100
    🟡⬜⬜⬜⬜ 膝盖弯曲 31/100 · 置信度 49/100
    🟡⬜⬜⬜⬜ 小腿倾斜 36/100 · 置信度 52/100
    🟢🟢🟡⬜⬜ 重心高度旧分 53/100 · 置信度 62/100
    🟢🟢🟢🟡⬜ 动作对称 73/100 · 置信度 59/100

  🌊 光流运动指标（实验性）
  | 运动一致性: 49 | 方向稳定性: 42 | 速度平滑度: 0 · 帧对 51 |
  | >70 上下身运动一致 | >70 方向稳定 | <40 动作不稳定 |

  🔍 关键时刻
  ⚠️ 00:02 · 走刃质量偏弱
    这一帧走刃质量偏低，姿态条件更接近搓雪转弯。

  ✅ 优势
    • 动作连贯性好，姿态保持稳定

  ⚠️ 主要问题
    • 膝盖过于直立，腿部缺乏弹性，很难有效吸收地形变化。
    • 你能把弯转出来，但大部分转向不是靠整条刃画弧完成的。

  🎯 训练建议
目前站得太直了，这会让你失去对板压的控制。试试蹲低一些滑，让膝盖始终处于弹性区间。

======================================================
