Building for debugging...
[0/3] Write swift-version--58304C5D6DBC2206.txt
Build of product 'VideoVisionCLI' complete! (0.13s)
==================================================
  🎬 VideoVision - Apple Vision 视频分析工具
  📌 专注滑雪姿态分析
==================================================


✅ 结果已保存至: /Users/mingsen/Project/VideoVision/video/middle/v0200fg10000d6a4i57og65mkjkcdpu0.json
✅ 报告已保存至: /Users/mingsen/Project/VideoVision/video/middle/v0200fg10000d6a4i57og65mkjkcdpu0.md

======================================================
  🎿 滑雪姿态分析报告
======================================================

  视频：v0200fg10000d6a4i57og65mkjkcdpu0.MP4
  时长：0分20秒 · 分析帧数：54/101

  ⭐ 综合评分：76/100
  🏷 阶段判断：高质量滑行阶段
  📐 评分口径：取可靠片段中表现最好的前 1/3 加权平均
  🧪 评分拆解：原始均分 68.9 · 最佳前1/3 80.2 · 证据封顶后 80.2 · 光流系数 ×0.95

  📋 走刃/横滑判断置信度不足，本报告只参考可靠可见帧；低姿态或遮挡片段不做负面判断。

  🗣 教练观察
  这段视频里可能存在低姿态、大立刃或遮挡导致的关键点缺失，系统不应据此判断为搓雪或走刃不足。建议结合视频原片复核。

  🎿 滑雪维度评分
    ⬜⬜⬜⬜⬜ 走刃质量 暂不评分 · 数据置信度不足 · 置信度 16/100
    🟢🟢🟢🟡⬜ 板压支撑 69/100 · 支撑尚可 · 置信度 75/100
    🟢🟢🟢🟢🟢 前后支撑 88/100 · 前后支撑积极 · 置信度 82/100
    🟡⬜⬜⬜⬜ 重心阶段适配 43/100 · 重心阶段适配不足 · 当前阶段重心偏高 · 置信度 55/100 · 谨慎参考
    🟢🟢🟢🟡⬜ 腿部弹性 67/100 · 弹性尚可 · 置信度 65/100 · 谨慎参考
    🟢🟢🟢🟡⬜ 左右一致性 71/100 · 轻微不对称 · 置信度 65/100

  🏂 板身方向与横滑
    横滑角暂不评分 · 数据来源：脚踝代理 · 置信度 16/100；当前画面角度不足以稳定判断走刃/横滑。
    说明：当前用左右脚踝连线代理板身，侧面画面更可靠；正面、背面或遮挡时置信度会下降。

  🧭 转弯阶段分析
  • 00:00-00:01 · 画面右侧压刃 · 主要阶段：入弯 · 入弯建立刃角偏晚
    建议：换刃后更早让身体进入新弯，先建立方向再加压。
  • 00:06-00:09 · 画面左侧压刃 · 主要阶段：弯中承压 · 弯中刃角保持不足
    建议：把注意力放在弯中持续压刃，不要刚立起来就提前释放。
  • 00:10-00:14 · 画面右侧压刃 · 主要阶段：弯中承压 · 阶段衔接基本正常

  ✨ 高光时刻
  ⭐ 00:10-00:14 · 稳定高质量片段 · 80/100
    这段姿态、支撑和稳定性组合较好，适合截出来给用户看。

  🔎 原始姿态指标（调试参考）
    🟢🟢🟢🟢🟢 身体前倾 100/100 · 置信度 81/100
    🟢🟢🟢🟡⬜ 膝盖弯曲 67/100 · 置信度 65/100
    🟢🟢🟡⬜⬜ 小腿倾斜 54/100 · 置信度 71/100
    🟢🟢🟡⬜⬜ 重心高度旧分 53/100 · 置信度 75/100
    🟢🟢🟢🟡⬜ 动作对称 71/100 · 置信度 65/100

  🌊 光流运动指标（实验性）
  | 运动一致性: 56 | 方向稳定性: 100 | 速度平滑度: 0 · 帧对 53 |
  | >70 上下身运动一致 | >70 方向稳定 | <40 动作不稳定 |

  🔍 关键时刻
  ⚠️ 00:00 · 走刃质量偏弱
    这一帧走刃条件一般，立刃和重心配合还不够充分。
  ⚠️ 00:06 · 腿部弹性不足
    这一帧膝盖弯曲角度较小，腿部缺乏弹性吸收地形。
  ⭐ 00:12 · 相对较好的走刃时刻
    这一帧立刃条件相对较好，可以作为练习时的姿态参考。

  ✅ 优势
    • 前倾姿态不错，上半身姿态积极。
    • 动作连贯性好，姿态保持稳定

  ⚠️ 主要问题
    • 重心适配度偏低，不是单纯要更低，而是需要在入弯、弯中和出弯之间更贴合动作节奏。
    • 立刃有基础，但刃角保持时间不足，弯中容易提前释放。
    • 膝盖弯曲角度一般，有下压空间但还没有完全利用。

  🎯 训练建议
可以用慢速大弯练重心节奏：入弯建立方向，弯中稳定压住，出弯逐步释放，而不是全程同一个高度硬撑。

======================================================
