Building for debugging...
[0/3] Write swift-version--58304C5D6DBC2206.txt
Build of product 'VideoVisionCLI' complete! (0.13s)
==================================================
  🎬 VideoVision - Apple Vision 视频分析工具
  📌 专注滑雪姿态分析
==================================================


✅ 结果已保存至: /Users/mingsen/Project/VideoVision/video/middle/9714be3aba73f5f94130750c2a15d381.json
✅ 报告已保存至: /Users/mingsen/Project/VideoVision/video/middle/9714be3aba73f5f94130750c2a15d381.md

======================================================
  🎿 滑雪姿态分析报告
======================================================

  视频：9714be3aba73f5f94130750c2a15d381.MP4
  时长：0分46秒 · 分析帧数：231/231

  ⭐ 综合评分：75/100
  🏷 阶段判断：高质量滑行阶段
  📐 评分口径：取可靠片段中表现最好的前 1/3 加权平均
  🧪 评分拆解：原始均分 74.0 · 最佳前1/3 79.2 · 证据封顶后 79.2 · 光流系数 ×0.95

  📋 走刃/横滑判断置信度不足，本报告只参考可靠可见帧；低姿态或遮挡片段不做负面判断。

  🗣 教练观察
  这段视频里可能存在低姿态、大立刃或遮挡导致的关键点缺失，系统不应据此判断为搓雪或走刃不足。建议结合视频原片复核。

  🎿 滑雪维度评分
    ⬜⬜⬜⬜⬜ 走刃质量 暂不评分 · 数据置信度不足 · 置信度 18/100
    🟢🟢🟢🟡⬜ 板压支撑 75/100 · 支撑扎实 · 置信度 78/100
    🟢🟢🟢🟢🟢 前后支撑 87/100 · 前后支撑积极 · 置信度 81/100
    🟡⬜⬜⬜⬜ 重心阶段适配 35/100 · 重心阶段适配不足 · 当前阶段重心偏高 · 置信度 58/100 · 谨慎参考
    🟢🟢🟢🟢🟢 腿部弹性 92/100 · 腿部弹性好 · 置信度 72/100
    🟢🟢🟢🟡⬜ 左右一致性 73/100 · 轻微不对称 · 置信度 71/100

  🏂 板身方向与横滑
    横滑角暂不评分 · 数据来源：脚踝代理 · 置信度 18/100；当前画面角度不足以稳定判断走刃/横滑。
    说明：当前用左右脚踝连线代理板身，侧面画面更可靠；正面、背面或遮挡时置信度会下降。

  🧭 转弯阶段分析
  • 00:00-00:03 · 画面左侧压刃 · 主要阶段：入弯 · 入弯建立刃角偏晚
    建议：换刃后更早让身体进入新弯，先建立方向再加压。
  • 00:03-00:09 · 画面右侧压刃 · 主要阶段：弯中承压 · 阶段衔接基本正常
  • 00:22-00:46 · 画面右侧压刃 · 主要阶段：弯中承压 · 阶段衔接基本正常

  ✨ 高光时刻
  ⭐ 00:03-00:09 · 稳定高质量片段 · 76/100
    这段姿态、支撑和稳定性组合较好，适合截出来给用户看。
  ⭐ 00:29-00:35 · 稳定高质量片段 · 82/100
    这段姿态、支撑和稳定性组合较好，适合截出来给用户看。
  ⭐ 00:37-00:46 · 稳定高质量片段 · 78/100
    这段姿态、支撑和稳定性组合较好，适合截出来给用户看。

  🔎 原始姿态指标（调试参考）
    🟢🟢🟢🟢🟢 身体前倾 99/100 · 置信度 78/100
    🟢🟢🟢🟢🟢 膝盖弯曲 92/100 · 置信度 72/100
    🟢🟢🟡⬜⬜ 小腿倾斜 51/100 · 置信度 77/100
    🟢🟢🟡⬜⬜ 重心高度旧分 51/100 · 置信度 77/100
    🟢🟢🟢🟡⬜ 动作对称 73/100 · 置信度 71/100

  🌊 光流运动指标（实验性）
  | 运动一致性: 46 | 方向稳定性: 93 | 速度平滑度: 0 · 帧对 230 |
  | >70 上下身运动一致 | >70 方向稳定 | <40 动作不稳定 |

  🔍 关键时刻
  ⚠️ 00:16 · 走刃质量偏弱
    这一帧走刃条件一般，立刃和重心配合还不够充分。
  ⚠️ 00:22 · 左右动作不对称
    这一帧左右两侧关键点差异较大，转弯质量可能不一致。
  ⭐ 00:36 · 相对较好的走刃时刻
    这一帧立刃条件相对较好，可以作为练习时的姿态参考。

  ✅ 优势
    • 动作连贯性好，姿态保持稳定
    • 身体前倾角度合理，能有效利用重力。
    • 膝盖弯曲充分，腿部弹性好，这是这段的优点。

  ⚠️ 主要问题
    • 当前重心位置对这个阶段的动作支持不够，容易让板压建立变慢或弯中支撑散掉。
    • 部分弯能看到立刃动作，但全程一致性不够，好的弯和松的弯交替出现。

  🎯 训练建议
先不要把目标理解成一味压低重心。更有效的是让重心跟转弯阶段匹配：入弯逐步进入新弯，弯中稳定承压，出弯平顺释放。

======================================================
