Building for debugging...
[0/3] Write swift-version--58304C5D6DBC2206.txt
Build of product 'VideoVisionCLI' complete! (0.18s)
==================================================
  🎬 VideoVision - Apple Vision 视频分析工具
  📌 专注滑雪姿态分析
==================================================


✅ 结果已保存至: /Users/mingsen/Project/VideoVision/video/middle/v0300fg10000d5h313fog65nermuqklg.json
✅ 报告已保存至: /Users/mingsen/Project/VideoVision/video/middle/v0300fg10000d5h313fog65nermuqklg.md

======================================================
  🎿 滑雪姿态分析报告
======================================================

  视频：v0300fg10000d5h313fog65nermuqklg.MP4
  时长：0分15秒 · 分析帧数：26/79

  📈 综合评分：63/100
  🏷 阶段判断：稳定滑行阶段
  📐 评分口径：取可靠片段中表现最好的前 1/3 加权平均
  🧪 评分拆解：原始均分 62.6 · 最佳前1/3 62.6 · 证据封顶后 58.0 · 光流系数 ×1.08
  ⚠️ 持续立刃证据不足：前倾和屈膝不能单独推高综合分，已按初中级表现封顶
  ⚠️ 可靠评分片段不足：约 5.2 秒（26 帧），综合分已保守封顶

  📋 持续立刃证据不足，转弯更接近扫雪/搓雪控制；姿态项看起来有支撑，但还不能评价为高质量滑行。

  🗣 教练观察
  这段不能因为身体前倾或膝盖弯曲看起来还可以就给高分；核心问题是缺少持续刃角和干净刃线，整体仍属于基础滑行质量。

  🎿 滑雪维度评分
    🟡⬜⬜⬜⬜ 走刃倾向 47/100 · 有立刃尝试 · 置信度 75/100
    🟢🟢🟢🟡⬜ 板压支撑 72/100 · 支撑尚可 · 置信度 77/100
    🟢🟢🟢🟢🟢 前后支撑 87/100 · 前后支撑积极 · 置信度 79/100
    🟢🟢🟢🟡⬜ 重心阶段适配 70/100 · 重心基本适配 · 置信度 55/100 · 谨慎参考
    🟢🟢🟢🟢🟢 腿部弹性 81/100 · 腿部弹性好 · 置信度 72/100
    🟡⬜⬜⬜⬜ 左右一致性 39/100 · 严重不对称 · 置信度 72/100

  🏂 板身方向与横滑
    识别到 26 帧板身线条代理 · 数据来源：脚踝代理 · 置信度 73/100；画面位移不足，暂不估计横滑角。
    说明：当前用左右脚踝连线代理板身，侧面画面更可靠；正面、背面或遮挡时置信度会下降。

  🧭 转弯阶段分析
  • 00:10-00:15 · 画面右侧压刃 · 主要阶段：弯中承压 · 弯中刃角保持不足
    建议：把注意力放在弯中持续压刃，不要刚立起来就提前释放。

  🔎 原始姿态指标（调试参考）
    🟢🟢🟢🟢🟢 身体前倾 100/100 · 置信度 76/100
    🟢🟢🟢🟢🟢 膝盖弯曲 81/100 · 置信度 72/100
    🟡⬜⬜⬜⬜ 小腿倾斜 32/100 · 置信度 73/100
    🟢🟢🟡⬜⬜ 重心高度旧分 50/100 · 置信度 75/100
    🟡⬜⬜⬜⬜ 动作对称 39/100 · 置信度 72/100

  🌊 光流运动指标（实验性）
  | 运动一致性: 21 | 方向稳定性: 100 | 速度平滑度: 100 · 帧对 25 |
  | >70 上下身运动一致 | >70 方向稳定 | <40 动作不稳定 |

  🔍 关键时刻
  ⚠️ 00:10 · 走刃倾向偏弱
    这一帧走刃条件一般，立刃和重心配合还不够充分。

  ✅ 优势
    • 动作连贯性好，姿态保持稳定
    • 前倾姿态不错，上半身姿态积极。
    • 膝盖弯曲充分，腿部弹性好，这是这段的优点。

  ⚠️ 主要问题
    • 你能把弯转出来，但大部分转向不是靠整条刃画弧完成的。
    • 左右腿发力均衡性需要改善，建议单独练左右弯对比。

  🎯 训练建议
先从搓雪过渡到走刃开始。在缓坡上反复练习横穿走刃（traversing），专注用板刃切雪而不是推雪。目标是留下细线而不是大片雪雾。

======================================================
