Building for debugging...
[0/3] Write swift-version--58304C5D6DBC2206.txt
Build of product 'VideoVisionCLI' complete! (0.13s)
==================================================
  🎬 VideoVision - Apple Vision 视频分析工具
  📌 专注滑雪姿态分析
==================================================


✅ 结果已保存至: /Users/mingsen/Project/VideoVision/video/middle/96001e37e76be9ef6cf7a65e73efcac4.json
✅ 报告已保存至: /Users/mingsen/Project/VideoVision/video/middle/96001e37e76be9ef6cf7a65e73efcac4.md

======================================================
  🎿 滑雪姿态分析报告
======================================================

  视频：96001e37e76be9ef6cf7a65e73efcac4.MP4
  时长：0分29秒 · 分析帧数：148/148

  🏆 综合评分：85/100
  🏷 阶段判断：高阶表现阶段
  📐 评分口径：取可靠片段中表现最好的前 1/3 加权平均
  🧪 评分拆解：原始均分 81.4 · 最佳前1/3 85.3 · 证据封顶后 85.3 · 光流系数 ×1.00

  📋 走刃/横滑判断置信度不足，本报告只参考可靠可见帧；低姿态或遮挡片段不做负面判断。

  🗣 教练观察
  这段视频里可能存在低姿态、大立刃或遮挡导致的关键点缺失，系统不应据此判断为搓雪或走刃不足。建议结合视频原片复核。

  🎿 滑雪维度评分
    ⬜⬜⬜⬜⬜ 走刃质量 暂不评分 · 数据置信度不足 · 置信度 22/100
    🟢🟢🟢🟢🟢 板压支撑 80/100 · 支撑扎实 · 置信度 74/100
    🟢🟢🟢🟢🟢 前后支撑 87/100 · 前后支撑积极 · 置信度 79/100
    🟡⬜⬜⬜⬜ 重心阶段适配 37/100 · 重心阶段适配不足 · 当前阶段重心偏高 · 置信度 53/100 · 谨慎参考
    🟢🟢🟢🟢🟢 腿部弹性 100/100 · 腿部弹性好 · 置信度 64/100 · 谨慎参考
    🟢🟢🟢🟡⬜ 左右一致性 72/100 · 轻微不对称 · 置信度 65/100

  🏂 板身方向与横滑
    横滑角暂不评分 · 数据来源：脚踝代理 · 置信度 22/100；当前画面角度不足以稳定判断走刃/横滑。
    说明：当前用左右脚踝连线代理板身，侧面画面更可靠；正面、背面或遮挡时置信度会下降。

  🧭 转弯阶段分析
  • 00:03-00:24 · 画面左侧压刃 · 主要阶段：弯中承压 · 阶段衔接基本正常
  • 00:24-00:29 · 画面右侧压刃 · 主要阶段：弯中承压 · 阶段衔接基本正常

  ✨ 高光时刻
  ⭐ 00:03-00:10 · 最佳刻滑片段 · 86/100
    这段连续帧综合质量最高，可以作为用户本视频里的正面参考。
  ⭐ 00:11-00:15 · 稳定高质量片段 · 81/100
    这段姿态、支撑和稳定性组合较好，适合截出来给用户看。
  ⭐ 00:17-00:24 · 最佳刻滑片段 · 85/100
    这段连续帧综合质量最高，可以作为用户本视频里的正面参考。

  🔎 原始姿态指标（调试参考）
    🟢🟢🟢🟢🟢 身体前倾 96/100 · 置信度 76/100
    🟢🟢🟢🟢🟢 膝盖弯曲 100/100 · 置信度 64/100
    🟢🟢🟢🟡⬜ 小腿倾斜 74/100 · 置信度 67/100
    🟢🟢🟡⬜⬜ 重心高度旧分 57/100 · 置信度 73/100
    🟢🟢🟢🟡⬜ 动作对称 72/100 · 置信度 65/100

  🌊 光流运动指标（实验性）
  | 运动一致性: 72 | 方向稳定性: 100 | 速度平滑度: 0 · 帧对 147 |
  | >70 上下身运动一致 | >70 方向稳定 | <40 动作不稳定 |

  🔍 关键时刻
  ⚠️ 00:00 · 走刃质量偏弱
    这一帧走刃条件一般，立刃和重心配合还不够充分。
  ⭐ 00:03 · 相对较好的走刃时刻
    这一帧立刃条件相对较好，可以作为练习时的姿态参考。

  ✅ 优势
    • 动作连贯性好，姿态保持稳定
    • 身体前倾角度合理，能有效利用重力。
    • 走刃质量好，弯形比较干净。

  ⚠️ 主要问题
    • 当前重心位置对这个阶段的动作支持不够，容易让板压建立变慢或弯中支撑散掉。

  🎯 训练建议
先不要把目标理解成一味压低重心。更有效的是让重心跟转弯阶段匹配：入弯逐步进入新弯，弯中稳定承压，出弯平顺释放。

======================================================
