Building for debugging...
[0/3] Write swift-version--58304C5D6DBC2206.txt
Build of product 'VideoVisionCLI' complete! (0.17s)
==================================================
  🎬 VideoVision - Apple Vision 视频分析工具
  📌 专注滑雪姿态分析
==================================================


✅ 结果已保存至: /Users/mingsen/Project/VideoVision/video/middle/v0200fg10000d2tcts7og65t6h63ua2g.json
✅ 报告已保存至: /Users/mingsen/Project/VideoVision/video/middle/v0200fg10000d2tcts7og65t6h63ua2g.md

======================================================
  🎿 滑雪姿态分析报告
======================================================

  视频：v0200fg10000d2tcts7og65t6h63ua2g.MP4
  时长：0分21秒 · 分析帧数：82/109

  💪 综合评分：58/100
  🏷 阶段判断：基础控速阶段
  📐 评分口径：取可靠片段中表现最好的前 1/3 加权平均
  🧪 评分拆解：原始均分 53.6 · 最佳前1/3 58.2 · 证据封顶后 58.0 · 光流系数 ×1.00
  ⚠️ 持续立刃证据不足：前倾和屈膝不能单独推高综合分，已按初中级表现封顶
  ⚠️ 板身/滑行方向夹角偏大：更像横滑或推坡，不能按刻滑高分处理

  📋 板身方向和滑行方向没有对齐，说明转弯主要不是沿板身切雪完成；姿态项看起来有支撑，也不能直接解释为刻滑。

  🗣 教练观察
  这段板身方向和滑行方向夹角偏大，更接近横滑或推坡控制；即使身体姿态有些像样，也不能评价为稳定刻滑。

  🎿 滑雪维度评分
    ⬜⬜⬜⬜⬜ 走刃质量 暂不评分 · 数据置信度不足 · 置信度 21/100
    🟢🟢🟡⬜⬜ 板压支撑 57/100 · 支撑偏弱 · 置信度 68/100
    🟢🟢🟢🟢🟢 前后支撑 84/100 · 前后支撑积极 · 置信度 74/100
    🟢🟢🟢🟢🟢 重心阶段适配 98/100 · 当前阶段重心适配 · 置信度 43/100 · 谨慎参考
    🟡⬜⬜⬜⬜ 腿部弹性 35/100 · 过于直立 · 置信度 57/100 · 谨慎参考
    🟢🟢🟢🟡⬜ 左右一致性 76/100 · 轻微不对称 · 置信度 56/100 · 谨慎参考

  🏂 板身方向与横滑
    横滑角暂不评分 · 数据来源：脚踝代理 · 置信度 21/100；当前画面角度不足以稳定判断走刃/横滑。
    说明：当前用左右脚踝连线代理板身，侧面画面更可靠；正面、背面或遮挡时置信度会下降。

  🧭 转弯阶段分析
  • 00:00-00:00 · 画面左侧压刃 · 主要阶段：弯中承压 · 弯中刃角保持不足
    建议：把注意力放在弯中持续压刃，不要刚立起来就提前释放。
  • 00:01-00:02 · 画面右侧压刃 · 主要阶段：入弯 · 入弯建立刃角偏晚
    建议：换刃后更早让身体进入新弯，先建立方向再加压。
  • 00:09-00:11 · 画面左侧压刃 · 主要阶段：入弯 · 入弯建立刃角偏晚
    建议：换刃后更早让身体进入新弯，先建立方向再加压。

  🔎 原始姿态指标（调试参考）
    🟢🟢🟢🟢🟢 身体前倾 95/100 · 置信度 71/100
    🟡⬜⬜⬜⬜ 膝盖弯曲 35/100 · 置信度 57/100
    🟡⬜⬜⬜⬜ 小腿倾斜 22/100 · 置信度 61/100
    🟢🟢🟡⬜⬜ 重心高度旧分 50/100 · 置信度 67/100
    🟢🟢🟢🟡⬜ 动作对称 76/100 · 置信度 56/100

  🌊 光流运动指标（实验性）
  | 运动一致性: 71 | 方向稳定性: 46 | 速度平滑度: 0 · 帧对 81 |
  | >70 上下身运动一致 | >70 方向稳定 | <40 动作不稳定 |

  🔍 关键时刻
  ⚠️ 00:00 · 板压支撑不足
    这一帧板压偏弱，弯中稳定性可能受影响。
  ⚠️ 00:12 · 走刃质量偏弱
    这一帧走刃质量偏低，姿态条件更接近搓雪转弯。
  ⚠️ 00:16 · 左右动作不对称
    这一帧左右两侧关键点差异较大，转弯质量可能不一致。

  ✅ 优势
    • 前倾姿态不错，上半身姿态积极。
    • 动作连贯性好，姿态保持稳定

  ⚠️ 主要问题
    • 板尾扫雪感比较明显，目前更像搓雪弯而不是干净的刻滑弯。
    • 膝盖过于直立，腿部缺乏弹性，很难有效吸收地形变化。

  🎯 训练建议
当前最需要转换的是转弯方式。建议在缓坡上一个弯一个弯地练：入弯时主动立刃，而不是先横板再扫雪转弯。

======================================================
